MPLINK 4.48, Linker
Linker Map File - Created Thu Dec 15 18:24:15 2022

                                 Section Info
                  Section       Type    Address   Location Size(Bytes)
                ---------  ---------  ---------  ---------  ---------
               _entry_scn       code   0x000000    program   0x000006
           .code___init.o       code   0x000006    program   0x000002
      InterruptVectorHigh       code   0x000008    program   0x000006
           .romdata_lcd.o    romdata   0x00000e    program   0x000000
     .idata_interrupt.o_i    romdata   0x00000e    program   0x000004
     .romdata_interrupt.o    romdata   0x00000e    program   0x000000
         .romdata_timer.o    romdata   0x00000e    program   0x000000
        .romdata_button.o    romdata   0x00000e    program   0x000000
          .idata_uart.o_i    romdata   0x00000e    program   0x000000
          .romdata_uart.o    romdata   0x00000e    program   0x000000
      .romdata_fxd1616u.o    romdata   0x00000e    program   0x000000
          .romdata_main.o    romdata   0x00000e    program   0x000000
      .romdata_fxd2424u.o    romdata   0x00000e    program   0x000000
           .romdata_pwm.o    romdata   0x00000e    program   0x000000
           .idata_pwm.o_i    romdata   0x00000e    program   0x000000
      .romdata_fxd3232u.o    romdata   0x00000e    program   0x000000
           .romdata_adc.o    romdata   0x00000e    program   0x000000
       .romdata_fxm3232.o    romdata   0x00000e    program   0x000000
        .romdata___init.o    romdata   0x00000e    program   0x000000
         .romdata_c018i.o    romdata   0x00000e    program   0x000000
      .idata_fxd3232u.o_i    romdata   0x000012    program   0x000000
      .idata_fxd2424u.o_i    romdata   0x000012    program   0x000000
      .idata_fxd1616u.o_i    romdata   0x000012    program   0x000000
       .idata_fxm3232.o_i    romdata   0x000012    program   0x000000
        .idata___init.o_i    romdata   0x000012    program   0x000000
         .idata_c018i.o_i    romdata   0x000012    program   0x000000
            .code_c018i.o       code   0x000012    program   0x000000
           .idata_adc.o_i    romdata   0x000012    program   0x000000
       InterruptVectorLow       code   0x000018    program   0x000006
                   .cinit    romdata   0x00001e    program   0x00003e
              .code_lcd.o       code   0x00005c    program   0x000e20
             .code_uart.o       code   0x000e7c    program   0x0004c4
             .code_main.o       code   0x001340    program   0x000420
           .code_button.o       code   0x001760    program   0x000296
            .code_timer.o       code   0x0019f6    program   0x000258
        .code_interrupt.o       code   0x001c4e    program   0x00017a
                     PROG       code   0x001dc8    program   0x0000a6
               _cinit_scn       code   0x001e6e    program   0x00009e
              .code_adc.o       code   0x001f0c    program   0x00008c
          .code_fxm3232.o       code   0x001f98    program   0x000070
             .stringtable    romdata   0x002008    program   0x00006c
         .code_fxd3232u.o       code   0x002074    program   0x000048
         .code_fxd2424u.o       code   0x0020bc    program   0x00003a
              .code_pwm.o       code   0x0020f6    program   0x000036
         .code_fxd1616u.o       code   0x00212c    program   0x00002c
                    .code       code   0x002158    program   0x000020
             _startup_scn       code   0x002178    program   0x00001c
         .idata_timer.o_i    romdata   0x002194    program   0x00000b
          .idata_main.o_i    romdata   0x00219f    program   0x000035
           .idata_lcd.o_i    romdata   0x0021d4    program   0x000061
        .idata_button.o_i    romdata   0x002235    program   0x000043
    .config_300001_main.o    romdata   0x300001    program   0x000001
    .config_300002_main.o    romdata   0x300002    program   0x000001
    .config_300003_main.o    romdata   0x300003    program   0x000001
    .config_300005_main.o    romdata   0x300005    program   0x000001
    .config_300006_main.o    romdata   0x300006    program   0x000001
    .config_300008_main.o    romdata   0x300008    program   0x000001
    .config_300009_main.o    romdata   0x300009    program   0x000001
    .config_30000a_main.o    romdata   0x30000a    program   0x000001
    .config_30000b_main.o    romdata   0x30000b    program   0x000001
    .config_30000c_main.o    romdata   0x30000c    program   0x000001
    .config_30000d_main.o    romdata   0x30000d    program   0x000001
                MATH_DATA      udata   0x000000       data   0x000010
                 .tmpdata      udata   0x000010       data   0x00000a
             .idata_lcd.o      idata   0x000080       data   0x000061
           .idata_timer.o      idata   0x0000e1       data   0x00000b
           .udata_c018i.o      udata   0x0000ec       data   0x00000a
             .udata_lcd.o      udata   0x0000f6       data   0x000004
       .idata_interrupt.o      idata   0x0000fa       data   0x000004
            .udata_uart.o      udata   0x0000fe       data   0x000001
        .udata_fxd3232u.o      udata   0x0000ff       data   0x000000
        .idata_fxd2424u.o      idata   0x0000ff       data   0x000000
        .idata_fxd3232u.o      idata   0x0000ff       data   0x000000
         .udata_fxm3232.o      udata   0x0000ff       data   0x000000
        .udata_fxd2424u.o      udata   0x0000ff       data   0x000000
         .idata_fxm3232.o      idata   0x0000ff       data   0x000000
        .idata_fxd1616u.o      idata   0x0000ff       data   0x000000
          .udata___init.o      udata   0x0000ff       data   0x000000
        .udata_fxd1616u.o      udata   0x0000ff       data   0x000000
            .idata_uart.o      idata   0x0000ff       data   0x000000
          .idata___init.o      idata   0x0000ff       data   0x000000
          .udata_button.o      udata   0x0000ff       data   0x000000
           .udata_timer.o      udata   0x0000ff       data   0x000000
       .udata_interrupt.o      udata   0x0000ff       data   0x000000
             .idata_pwm.o      idata   0x0000ff       data   0x000000
             .udata_pwm.o      udata   0x0000ff       data   0x000000
             .idata_adc.o      idata   0x0000ff       data   0x000000
             .udata_adc.o      udata   0x0000ff       data   0x000000
           .idata_c018i.o      idata   0x0000ff       data   0x000000
                   .stack      udata   0x000e00       data   0x000100
          .idata_button.o      idata   0x000f00       data   0x000043
            .idata_main.o      idata   0x000f43       data   0x000035
            .udata_main.o      udata   0x000f78       data   0x000005
            SFR_UNBANKED0      udata   0x000f80       data   0x000080



                              Program Memory Usage 
                               Start         End      
                           ---------   ---------      
                            0x000000    0x000011      
                            0x000018    0x002277      
                            0x300001    0x300003      
                            0x300005    0x300006      
                            0x300008    0x30000d      
            8829 out of 66584 program addresses used, program memory utilization is 13%



                              Symbols - Sorted by Name
                     Name    Address   Location    Storage File                     
                ---------  ---------  ---------  --------- ---------                
         App_PasswordDoor   0x001464    program     extern D:\MPLABProjects\SmartDoor.X\main.c
            CheckPassword   0x00163a    program     extern D:\MPLABProjects\SmartDoor.X\main.c
                   D1616S   0x001dea    program     static E:\c18v3.46\pic18-lt\cxx-framework\src\traditional\math\fxd1616s.asm
                D1616SNEG   0x001df8    program     static E:\c18v3.46\pic18-lt\cxx-framework\src\traditional\math\fxd1616s.asm
                 D1616SOK   0x001df4    program     static E:\c18v3.46\pic18-lt\cxx-framework\src\traditional\math\fxd1616s.asm
                  D1616SX   0x001e0a    program     static E:\c18v3.46\pic18-lt\cxx-framework\src\traditional\math\fxd1616s.asm
                   D2424S   0x001e3e    program     static E:\c18v3.46\pic18-lt\cxx-framework\src\traditional\math\fxd2424s.asm
                D2424SNEG   0x001e4c    program     static E:\c18v3.46\pic18-lt\cxx-framework\src\traditional\math\fxd2424s.asm
                 D2424SOK   0x001e48    program     static E:\c18v3.46\pic18-lt\cxx-framework\src\traditional\math\fxd2424s.asm
                  D2424SX   0x001e64    program     static E:\c18v3.46\pic18-lt\cxx-framework\src\traditional\math\fxd2424s.asm
                  DA1616S   0x001dda    program     static E:\c18v3.46\pic18-lt\cxx-framework\src\traditional\math\fxd1616s.asm
                  DA2424S   0x001e2a    program     static E:\c18v3.46\pic18-lt\cxx-framework\src\traditional\math\fxd2424s.asm
         DisplayLcdScreen   0x00099a    program     extern D:\MPLABProjects\SmartDoor.X\lcd\lcd.c
        DisplayLcdScreen2   0x000a92    program     extern D:\MPLABProjects\SmartDoor.X\lcd\lcd.c
      DisplayLcdScreenOld   0x000b18    program     extern D:\MPLABProjects\SmartDoor.X\lcd\lcd.c
                 FXD1616S   0x001dc8    program     extern E:\c18v3.46\pic18-lt\cxx-framework\src\traditional\math\fxd1616s.asm
                 FXD1616U   0x00212c    program     extern E:\c18v3.46\pic18-lt\cxx-framework\src\traditional\math\fxd1616u.c
                 FXD2424S   0x001e14    program     extern E:\c18v3.46\pic18-lt\cxx-framework\src\traditional\math\fxd2424s.asm
                 FXD2424U   0x0020bc    program     extern E:\c18v3.46\pic18-lt\cxx-framework\src\traditional\math\fxd2424u.c
                 FXD3232U   0x002074    program     extern E:\c18v3.46\pic18-lt\cxx-framework\src\traditional\math\fxd3232u.c
                  FXM3232   0x001f98    program     extern E:\c18v3.46\pic18-lt\cxx-framework\src\traditional\math\fxm3232.c
      InterruptVectorHigh   0x000008    program     extern D:\MPLABProjects\SmartDoor.X\interrupt\interrupt.c
       InterruptVectorLow   0x000018    program     extern D:\MPLABProjects\SmartDoor.X\interrupt\interrupt.c
                LcdClearS   0x00093c    program     extern D:\MPLABProjects\SmartDoor.X\lcd\lcd.c
            LcdPrintCharS   0x000b82    program     extern D:\MPLABProjects\SmartDoor.X\lcd\lcd.c
              LcdPrintNum   0x00087a    program     extern D:\MPLABProjects\SmartDoor.X\lcd\lcd.c
             LcdPrintNumS   0x000bd8    program     extern D:\MPLABProjects\SmartDoor.X\lcd\lcd.c
           LcdPrintString   0x0008c2    program     extern D:\MPLABProjects\SmartDoor.X\lcd\lcd.c
          LcdPrintStringS   0x000e26    program     extern D:\MPLABProjects\SmartDoor.X\lcd\lcd.c
                 LockDoor   0x00175e    program     extern D:\MPLABProjects\SmartDoor.X\main.c
                 SetSpeed   0x002116    program     extern D:\MPLABProjects\SmartDoor.X\pwm\pwm.c
             SetTimer1_ms   0x001bda    program     extern D:\MPLABProjects\SmartDoor.X\timer\timer.c
             SetTimer2_ms   0x001ba0    program     extern D:\MPLABProjects\SmartDoor.X\timer\timer.c
             SetTimer3_ms   0x001c14    program     extern D:\MPLABProjects\SmartDoor.X\timer\timer.c
              UartSendNum   0x0010ac    program     extern D:\MPLABProjects\SmartDoor.X\uart\uart.c
           UartSendString   0x000f7e    program     extern D:\MPLABProjects\SmartDoor.X\uart\uart.c
               UnlockDoor   0x00175c    program     extern D:\MPLABProjects\SmartDoor.X\main.c
       ___return_lbl00000   0x002006    program     static                          
       ___return_lbl00000   0x000004    program     static                          
       ___return_lbl00000   0x0020ba    program     static                          
       ___return_lbl00000   0x0020f4    program     static                          
       ___return_lbl00000   0x002156    program     static                          
       ___return_lbl00001   0x002192    program     static                          
       ___return_lbl00002   0x001f0a    program     static                          
       ___return_lbl00002   0x00001c    program     static                          
       ___return_lbl00003   0x00000c    program     static                          
               __config_0   0x300001    program     static D:\MPLABProjects\SmartDoor.X\main.c
               __config_1   0x300002    program     static D:\MPLABProjects\SmartDoor.X\main.c
              __config_10   0x30000d    program     static D:\MPLABProjects\SmartDoor.X\main.c
               __config_2   0x300003    program     static D:\MPLABProjects\SmartDoor.X\main.c
               __config_3   0x300005    program     static D:\MPLABProjects\SmartDoor.X\main.c
               __config_4   0x300006    program     static D:\MPLABProjects\SmartDoor.X\main.c
               __config_5   0x300008    program     static D:\MPLABProjects\SmartDoor.X\main.c
               __config_6   0x300009    program     static D:\MPLABProjects\SmartDoor.X\main.c
               __config_7   0x30000a    program     static D:\MPLABProjects\SmartDoor.X\main.c
               __config_8   0x30000b    program     static D:\MPLABProjects\SmartDoor.X\main.c
               __config_9   0x30000c    program     static D:\MPLABProjects\SmartDoor.X\main.c
                   __init   0x000006    program     extern E:\c18v3.46\pic18-lt\cxx-framework\src\traditional\stdclib\__init.c
               __string_0   0x002070    program     static D:\MPLABProjects\SmartDoor.X\uart\uart.c
               __string_0   0x00205f    program     static D:\MPLABProjects\SmartDoor.X\main.c
               __string_1   0x00204e    program     static D:\MPLABProjects\SmartDoor.X\main.c
               __string_2   0x00203d    program     static D:\MPLABProjects\SmartDoor.X\main.c
               __string_3   0x00203b    program     static D:\MPLABProjects\SmartDoor.X\main.c
               __string_4   0x00202a    program     static D:\MPLABProjects\SmartDoor.X\main.c
               __string_5   0x002019    program     static D:\MPLABProjects\SmartDoor.X\main.c
               __string_6   0x002008    program     static D:\MPLABProjects\SmartDoor.X\main.c
            __zero_memory   0x002158    program     extern E:\c18v3.46\pic18-lt\cxx-framework\src\traditional\proc\p18f4620.asm
                _do_cinit   0x001e6e    program     extern E:\c18v3.46\pic18-lt\cxx-framework\src\traditional\startup\c018i.c
                   _entry   0x000000    program     extern E:\c18v3.46\pic18-lt\cxx-framework\src\traditional\startup\c018i.c
                   _false   0x0020f0    program     static                          
                   _false   0x0020b6    program     static                          
                 _startup   0x002178    program     extern E:\c18v3.46\pic18-lt\cxx-framework\src\traditional\startup\c018i.c
                compare_l   0x00216e    program     static E:\c18v3.46\pic18-lt\cxx-framework\src\traditional\proc\p18f4620.asm
                copy_loop   0x001ee0    program     static                          
            copy_one_byte   0x001ee6    program     static                          
                 delay_ms   0x00137a    program     extern D:\MPLABProjects\SmartDoor.X\main.c
                     done   0x001f0a    program     static                          
             done_copying   0x001ef4    program     static                          
                  endloop   0x002152    program     static                          
            get_adc_value   0x001f1a    program     extern D:\MPLABProjects\SmartDoor.X\adc\adc.c
                 high_isr   0x001d1a    program     extern D:\MPLABProjects\SmartDoor.X\interrupt\interrupt.c
                 init_adc   0x001f0c    program     extern D:\MPLABProjects\SmartDoor.X\adc\adc.c
            init_ext_int0   0x001c56    program     extern D:\MPLABProjects\SmartDoor.X\interrupt\interrupt.c
           init_interrupt   0x001c4e    program     extern D:\MPLABProjects\SmartDoor.X\interrupt\interrupt.c
          init_key_matrix   0x001760    program     extern D:\MPLABProjects\SmartDoor.X\button_matrix\button.c
init_key_matrix_with_uart   0x00176a    program     extern D:\MPLABProjects\SmartDoor.X\button_matrix\button.c
                 init_lcd   0x0001fc    program     extern D:\MPLABProjects\SmartDoor.X\lcd\lcd.c
                 init_pwm   0x0020f6    program     extern D:\MPLABProjects\SmartDoor.X\pwm\pwm.c
              init_system   0x001402    program     extern D:\MPLABProjects\SmartDoor.X\main.c
              init_timer3   0x0019f6    program     extern D:\MPLABProjects\SmartDoor.X\timer\timer.c
                init_uart   0x000e7c    program     extern D:\MPLABProjects\SmartDoor.X\uart\uart.c
            isButtonEnter   0x00174c    program     extern D:\MPLABProjects\SmartDoor.X\main.c
         isButtonMotorOff   0x001454    program     extern D:\MPLABProjects\SmartDoor.X\main.c
          isButtonMotorOn   0x001444    program     extern D:\MPLABProjects\SmartDoor.X\main.c
           isButtonNumber   0x0016fa    program     extern D:\MPLABProjects\SmartDoor.X\main.c
                lcd_clear   0x00054e    program     extern D:\MPLABProjects\SmartDoor.X\lcd\lcd.c
                lcd_delay   0x00005c    program     extern D:\MPLABProjects\SmartDoor.X\lcd\lcd.c
             lcd_power_of   0x000562    program     extern D:\MPLABProjects\SmartDoor.X\lcd\lcd.c
           lcd_print_char   0x0004ba    program     extern D:\MPLABProjects\SmartDoor.X\lcd\lcd.c
          lcd_print_charS   0x0008f6    program     extern D:\MPLABProjects\SmartDoor.X\lcd\lcd.c
            lcd_print_num   0x000644    program     extern D:\MPLABProjects\SmartDoor.X\lcd\lcd.c
            lcd_print_str   0x0004d4    program     extern D:\MPLABProjects\SmartDoor.X\lcd\lcd.c
              lcd_putchar   0x0004a0    program     extern D:\MPLABProjects\SmartDoor.X\lcd\lcd.c
          lcd_read_status   0x00030a    program     extern D:\MPLABProjects\SmartDoor.X\lcd\lcd.c
          lcd_sendCommand   0x00017c    program     extern D:\MPLABProjects\SmartDoor.X\lcd\lcd.c
           lcd_set_cursor   0x000514    program     extern D:\MPLABProjects\SmartDoor.X\lcd\lcd.c
            lcd_wait_busy   0x0003c0    program     extern D:\MPLABProjects\SmartDoor.X\lcd\lcd.c
          lcd_write_4bits   0x0003e0    program     extern D:\MPLABProjects\SmartDoor.X\lcd\lcd.c
            lcd_write_cmd   0x000426    program     extern D:\MPLABProjects\SmartDoor.X\lcd\lcd.c
           lcd_write_data   0x000462    program     extern D:\MPLABProjects\SmartDoor.X\lcd\lcd.c
                     loop   0x002136    program     static                          
                     loop   0x002188    program     static                          
                     loop   0x002082    program     static                          
                     loop   0x0020c8    program     static                          
                   loop_h   0x002166    program     static E:\c18v3.46\pic18-lt\cxx-framework\src\traditional\proc\p18f4620.asm
                   loop_l   0x002170    program     static E:\c18v3.46\pic18-lt\cxx-framework\src\traditional\proc\p18f4620.asm
                  low_isr   0x001c5e    program     extern D:\MPLABProjects\SmartDoor.X\interrupt\interrupt.c
                     main   0x001340    program     extern D:\MPLABProjects\SmartDoor.X\main.c
          scan_key_matrix   0x001774    program     extern D:\MPLABProjects\SmartDoor.X\button_matrix\button.c
scan_key_matrix_with_uart   0x001890    program     extern D:\MPLABProjects\SmartDoor.X\button_matrix\button.c
             start_timer3   0x001aac    program     extern D:\MPLABProjects\SmartDoor.X\timer\timer.c
              stop_timer3   0x001b38    program     extern D:\MPLABProjects\SmartDoor.X\timer\timer.c
                     test   0x001e88    program     static                          
               timer3_isr   0x001b3c    program     extern D:\MPLABProjects\SmartDoor.X\timer\timer.c
            uart_delay_ms   0x000e9a    program     extern D:\MPLABProjects\SmartDoor.X\uart\uart.c
                 uart_isr   0x0012e2    program     extern D:\MPLABProjects\SmartDoor.X\uart\uart.c
            uart_power_of   0x000fca    program     extern D:\MPLABProjects\SmartDoor.X\uart\uart.c
             uart_putchar   0x000f22    program     extern D:\MPLABProjects\SmartDoor.X\uart\uart.c
            uart_send_str   0x000f3e    program     extern D:\MPLABProjects\SmartDoor.X\uart\uart.c
                 v_timer0   0x0000ec    program     extern D:\MPLABProjects\SmartDoor.X\lcd\lcd.c
               zero_block   0x002166    program     static E:\c18v3.46\pic18-lt\cxx-framework\src\traditional\proc\p18f4620.asm
                   ADCON0   0x000fc2       data     extern E:\c18v3.46\pic18-lt\cxx-framework\src\traditional\proc\p18f4620.asm
               ADCON0bits   0x000fc2       data     extern E:\c18v3.46\pic18-lt\cxx-framework\src\traditional\proc\p18f4620.asm
                   ADCON1   0x000fc1       data     extern E:\c18v3.46\pic18-lt\cxx-framework\src\traditional\proc\p18f4620.asm
               ADCON1bits   0x000fc1       data     extern E:\c18v3.46\pic18-lt\cxx-framework\src\traditional\proc\p18f4620.asm
                   ADCON2   0x000fc0       data     extern E:\c18v3.46\pic18-lt\cxx-framework\src\traditional\proc\p18f4620.asm
               ADCON2bits   0x000fc0       data     extern E:\c18v3.46\pic18-lt\cxx-framework\src\traditional\proc\p18f4620.asm
                    ADRES   0x000fc3       data     extern E:\c18v3.46\pic18-lt\cxx-framework\src\traditional\proc\p18f4620.asm
                   ADRESH   0x000fc4       data     extern E:\c18v3.46\pic18-lt\cxx-framework\src\traditional\proc\p18f4620.asm
                   ADRESL   0x000fc3       data     extern E:\c18v3.46\pic18-lt\cxx-framework\src\traditional\proc\p18f4620.asm
                  BAUDCON   0x000fb8       data     extern E:\c18v3.46\pic18-lt\cxx-framework\src\traditional\proc\p18f4620.asm
              BAUDCONbits   0x000fb8       data     extern E:\c18v3.46\pic18-lt\cxx-framework\src\traditional\proc\p18f4620.asm
                  BAUDCTL   0x000fb8       data     extern E:\c18v3.46\pic18-lt\cxx-framework\src\traditional\proc\p18f4620.asm
              BAUDCTLbits   0x000fb8       data     extern E:\c18v3.46\pic18-lt\cxx-framework\src\traditional\proc\p18f4620.asm
                      BSR   0x000fe0       data     extern E:\c18v3.46\pic18-lt\cxx-framework\src\traditional\proc\p18f4620.asm
                  CCP1CON   0x000fbd       data     extern E:\c18v3.46\pic18-lt\cxx-framework\src\traditional\proc\p18f4620.asm
              CCP1CONbits   0x000fbd       data     extern E:\c18v3.46\pic18-lt\cxx-framework\src\traditional\proc\p18f4620.asm
                  CCP2CON   0x000fba       data     extern E:\c18v3.46\pic18-lt\cxx-framework\src\traditional\proc\p18f4620.asm
              CCP2CONbits   0x000fba       data     extern E:\c18v3.46\pic18-lt\cxx-framework\src\traditional\proc\p18f4620.asm
                    CCPR1   0x000fbe       data     extern E:\c18v3.46\pic18-lt\cxx-framework\src\traditional\proc\p18f4620.asm
                   CCPR1H   0x000fbf       data     extern E:\c18v3.46\pic18-lt\cxx-framework\src\traditional\proc\p18f4620.asm
                   CCPR1L   0x000fbe       data     extern E:\c18v3.46\pic18-lt\cxx-framework\src\traditional\proc\p18f4620.asm
                    CCPR2   0x000fbb       data     extern E:\c18v3.46\pic18-lt\cxx-framework\src\traditional\proc\p18f4620.asm
                   CCPR2H   0x000fbc       data     extern E:\c18v3.46\pic18-lt\cxx-framework\src\traditional\proc\p18f4620.asm
                   CCPR2L   0x000fbb       data     extern E:\c18v3.46\pic18-lt\cxx-framework\src\traditional\proc\p18f4620.asm
                    CMCON   0x000fb4       data     extern E:\c18v3.46\pic18-lt\cxx-framework\src\traditional\proc\p18f4620.asm
                CMCONbits   0x000fb4       data     extern E:\c18v3.46\pic18-lt\cxx-framework\src\traditional\proc\p18f4620.asm
                   CVRCON   0x000fb5       data     extern E:\c18v3.46\pic18-lt\cxx-framework\src\traditional\proc\p18f4620.asm
               CVRCONbits   0x000fb5       data     extern E:\c18v3.46\pic18-lt\cxx-framework\src\traditional\proc\p18f4620.asm
                     DDRA   0x000f92       data     extern E:\c18v3.46\pic18-lt\cxx-framework\src\traditional\proc\p18f4620.asm
                 DDRAbits   0x000f92       data     extern E:\c18v3.46\pic18-lt\cxx-framework\src\traditional\proc\p18f4620.asm
                     DDRB   0x000f93       data     extern E:\c18v3.46\pic18-lt\cxx-framework\src\traditional\proc\p18f4620.asm
                 DDRBbits   0x000f93       data     extern E:\c18v3.46\pic18-lt\cxx-framework\src\traditional\proc\p18f4620.asm
                     DDRC   0x000f94       data     extern E:\c18v3.46\pic18-lt\cxx-framework\src\traditional\proc\p18f4620.asm
                 DDRCbits   0x000f94       data     extern E:\c18v3.46\pic18-lt\cxx-framework\src\traditional\proc\p18f4620.asm
                     DDRD   0x000f95       data     extern E:\c18v3.46\pic18-lt\cxx-framework\src\traditional\proc\p18f4620.asm
                 DDRDbits   0x000f95       data     extern E:\c18v3.46\pic18-lt\cxx-framework\src\traditional\proc\p18f4620.asm
                     DDRE   0x000f96       data     extern E:\c18v3.46\pic18-lt\cxx-framework\src\traditional\proc\p18f4620.asm
                 DDREbits   0x000f96       data     extern E:\c18v3.46\pic18-lt\cxx-framework\src\traditional\proc\p18f4620.asm
                  ECCP1AS   0x000fb6       data     extern E:\c18v3.46\pic18-lt\cxx-framework\src\traditional\proc\p18f4620.asm
              ECCP1ASbits   0x000fb6       data     extern E:\c18v3.46\pic18-lt\cxx-framework\src\traditional\proc\p18f4620.asm
                    EEADR   0x000fa9       data     extern E:\c18v3.46\pic18-lt\cxx-framework\src\traditional\proc\p18f4620.asm
                   EEADRH   0x000faa       data     extern E:\c18v3.46\pic18-lt\cxx-framework\src\traditional\proc\p18f4620.asm
                   EECON1   0x000fa6       data     extern E:\c18v3.46\pic18-lt\cxx-framework\src\traditional\proc\p18f4620.asm
               EECON1bits   0x000fa6       data     extern E:\c18v3.46\pic18-lt\cxx-framework\src\traditional\proc\p18f4620.asm
                   EECON2   0x000fa7       data     extern E:\c18v3.46\pic18-lt\cxx-framework\src\traditional\proc\p18f4620.asm
                   EEDATA   0x000fa8       data     extern E:\c18v3.46\pic18-lt\cxx-framework\src\traditional\proc\p18f4620.asm
                     FSR0   0x000fe9       data     extern E:\c18v3.46\pic18-lt\cxx-framework\src\traditional\proc\p18f4620.asm
                    FSR0H   0x000fea       data     extern E:\c18v3.46\pic18-lt\cxx-framework\src\traditional\proc\p18f4620.asm
                    FSR0L   0x000fe9       data     extern E:\c18v3.46\pic18-lt\cxx-framework\src\traditional\proc\p18f4620.asm
                     FSR1   0x000fe1       data     extern E:\c18v3.46\pic18-lt\cxx-framework\src\traditional\proc\p18f4620.asm
                    FSR1H   0x000fe2       data     extern E:\c18v3.46\pic18-lt\cxx-framework\src\traditional\proc\p18f4620.asm
                    FSR1L   0x000fe1       data     extern E:\c18v3.46\pic18-lt\cxx-framework\src\traditional\proc\p18f4620.asm
                     FSR2   0x000fd9       data     extern E:\c18v3.46\pic18-lt\cxx-framework\src\traditional\proc\p18f4620.asm
                    FSR2H   0x000fda       data     extern E:\c18v3.46\pic18-lt\cxx-framework\src\traditional\proc\p18f4620.asm
                    FSR2L   0x000fd9       data     extern E:\c18v3.46\pic18-lt\cxx-framework\src\traditional\proc\p18f4620.asm
                  HLVDCON   0x000fd2       data     extern E:\c18v3.46\pic18-lt\cxx-framework\src\traditional\proc\p18f4620.asm
              HLVDCONbits   0x000fd2       data     extern E:\c18v3.46\pic18-lt\cxx-framework\src\traditional\proc\p18f4620.asm
                    INDF0   0x000fef       data     extern E:\c18v3.46\pic18-lt\cxx-framework\src\traditional\proc\p18f4620.asm
                    INDF1   0x000fe7       data     extern E:\c18v3.46\pic18-lt\cxx-framework\src\traditional\proc\p18f4620.asm
                    INDF2   0x000fdf       data     extern E:\c18v3.46\pic18-lt\cxx-framework\src\traditional\proc\p18f4620.asm
                   INTCON   0x000ff2       data     extern E:\c18v3.46\pic18-lt\cxx-framework\src\traditional\proc\p18f4620.asm
                  INTCON2   0x000ff1       data     extern E:\c18v3.46\pic18-lt\cxx-framework\src\traditional\proc\p18f4620.asm
              INTCON2bits   0x000ff1       data     extern E:\c18v3.46\pic18-lt\cxx-framework\src\traditional\proc\p18f4620.asm
                  INTCON3   0x000ff0       data     extern E:\c18v3.46\pic18-lt\cxx-framework\src\traditional\proc\p18f4620.asm
              INTCON3bits   0x000ff0       data     extern E:\c18v3.46\pic18-lt\cxx-framework\src\traditional\proc\p18f4620.asm
               INTCONbits   0x000ff2       data     extern E:\c18v3.46\pic18-lt\cxx-framework\src\traditional\proc\p18f4620.asm
                     IPR1   0x000f9f       data     extern E:\c18v3.46\pic18-lt\cxx-framework\src\traditional\proc\p18f4620.asm
                 IPR1bits   0x000f9f       data     extern E:\c18v3.46\pic18-lt\cxx-framework\src\traditional\proc\p18f4620.asm
                     IPR2   0x000fa2       data     extern E:\c18v3.46\pic18-lt\cxx-framework\src\traditional\proc\p18f4620.asm
                 IPR2bits   0x000fa2       data     extern E:\c18v3.46\pic18-lt\cxx-framework\src\traditional\proc\p18f4620.asm
                     LATA   0x000f89       data     extern E:\c18v3.46\pic18-lt\cxx-framework\src\traditional\proc\p18f4620.asm
                 LATAbits   0x000f89       data     extern E:\c18v3.46\pic18-lt\cxx-framework\src\traditional\proc\p18f4620.asm
                     LATB   0x000f8a       data     extern E:\c18v3.46\pic18-lt\cxx-framework\src\traditional\proc\p18f4620.asm
                 LATBbits   0x000f8a       data     extern E:\c18v3.46\pic18-lt\cxx-framework\src\traditional\proc\p18f4620.asm
                     LATC   0x000f8b       data     extern E:\c18v3.46\pic18-lt\cxx-framework\src\traditional\proc\p18f4620.asm
                 LATCbits   0x000f8b       data     extern E:\c18v3.46\pic18-lt\cxx-framework\src\traditional\proc\p18f4620.asm
                     LATD   0x000f8c       data     extern E:\c18v3.46\pic18-lt\cxx-framework\src\traditional\proc\p18f4620.asm
                 LATDbits   0x000f8c       data     extern E:\c18v3.46\pic18-lt\cxx-framework\src\traditional\proc\p18f4620.asm
                     LATE   0x000f8d       data     extern E:\c18v3.46\pic18-lt\cxx-framework\src\traditional\proc\p18f4620.asm
                 LATEbits   0x000f8d       data     extern E:\c18v3.46\pic18-lt\cxx-framework\src\traditional\proc\p18f4620.asm
                   LVDCON   0x000fd2       data     extern E:\c18v3.46\pic18-lt\cxx-framework\src\traditional\proc\p18f4620.asm
               LVDCONbits   0x000fd2       data     extern E:\c18v3.46\pic18-lt\cxx-framework\src\traditional\proc\p18f4620.asm
                LcdScreen   0x0000c1       data     extern D:\MPLABProjects\SmartDoor.X\lcd\lcd.c
                   OSCCON   0x000fd3       data     extern E:\c18v3.46\pic18-lt\cxx-framework\src\traditional\proc\p18f4620.asm
               OSCCONbits   0x000fd3       data     extern E:\c18v3.46\pic18-lt\cxx-framework\src\traditional\proc\p18f4620.asm
                  OSCTUNE   0x000f9b       data     extern E:\c18v3.46\pic18-lt\cxx-framework\src\traditional\proc\p18f4620.asm
              OSCTUNEbits   0x000f9b       data     extern E:\c18v3.46\pic18-lt\cxx-framework\src\traditional\proc\p18f4620.asm
                       PC   0x000ff9       data     extern E:\c18v3.46\pic18-lt\cxx-framework\src\traditional\proc\p18f4620.asm
                      PCL   0x000ff9       data     extern E:\c18v3.46\pic18-lt\cxx-framework\src\traditional\proc\p18f4620.asm
                   PCLATH   0x000ffa       data     extern E:\c18v3.46\pic18-lt\cxx-framework\src\traditional\proc\p18f4620.asm
                   PCLATU   0x000ffb       data     extern E:\c18v3.46\pic18-lt\cxx-framework\src\traditional\proc\p18f4620.asm
                     PIE1   0x000f9d       data     extern E:\c18v3.46\pic18-lt\cxx-framework\src\traditional\proc\p18f4620.asm
                 PIE1bits   0x000f9d       data     extern E:\c18v3.46\pic18-lt\cxx-framework\src\traditional\proc\p18f4620.asm
                     PIE2   0x000fa0       data     extern E:\c18v3.46\pic18-lt\cxx-framework\src\traditional\proc\p18f4620.asm
                 PIE2bits   0x000fa0       data     extern E:\c18v3.46\pic18-lt\cxx-framework\src\traditional\proc\p18f4620.asm
                     PIR1   0x000f9e       data     extern E:\c18v3.46\pic18-lt\cxx-framework\src\traditional\proc\p18f4620.asm
                 PIR1bits   0x000f9e       data     extern E:\c18v3.46\pic18-lt\cxx-framework\src\traditional\proc\p18f4620.asm
                     PIR2   0x000fa1       data     extern E:\c18v3.46\pic18-lt\cxx-framework\src\traditional\proc\p18f4620.asm
                 PIR2bits   0x000fa1       data     extern E:\c18v3.46\pic18-lt\cxx-framework\src\traditional\proc\p18f4620.asm
                   PLUSW0   0x000feb       data     extern E:\c18v3.46\pic18-lt\cxx-framework\src\traditional\proc\p18f4620.asm
                   PLUSW1   0x000fe3       data     extern E:\c18v3.46\pic18-lt\cxx-framework\src\traditional\proc\p18f4620.asm
                   PLUSW2   0x000fdb       data     extern E:\c18v3.46\pic18-lt\cxx-framework\src\traditional\proc\p18f4620.asm
                    PORTA   0x000f80       data     extern E:\c18v3.46\pic18-lt\cxx-framework\src\traditional\proc\p18f4620.asm
                PORTAbits   0x000f80       data     extern E:\c18v3.46\pic18-lt\cxx-framework\src\traditional\proc\p18f4620.asm
                    PORTB   0x000f81       data     extern E:\c18v3.46\pic18-lt\cxx-framework\src\traditional\proc\p18f4620.asm
                PORTBbits   0x000f81       data     extern E:\c18v3.46\pic18-lt\cxx-framework\src\traditional\proc\p18f4620.asm
                    PORTC   0x000f82       data     extern E:\c18v3.46\pic18-lt\cxx-framework\src\traditional\proc\p18f4620.asm
                PORTCbits   0x000f82       data     extern E:\c18v3.46\pic18-lt\cxx-framework\src\traditional\proc\p18f4620.asm
                    PORTD   0x000f83       data     extern E:\c18v3.46\pic18-lt\cxx-framework\src\traditional\proc\p18f4620.asm
                PORTDbits   0x000f83       data     extern E:\c18v3.46\pic18-lt\cxx-framework\src\traditional\proc\p18f4620.asm
                    PORTE   0x000f84       data     extern E:\c18v3.46\pic18-lt\cxx-framework\src\traditional\proc\p18f4620.asm
                PORTEbits   0x000f84       data     extern E:\c18v3.46\pic18-lt\cxx-framework\src\traditional\proc\p18f4620.asm
                 POSTDEC0   0x000fed       data     extern E:\c18v3.46\pic18-lt\cxx-framework\src\traditional\proc\p18f4620.asm
                 POSTDEC1   0x000fe5       data     extern E:\c18v3.46\pic18-lt\cxx-framework\src\traditional\proc\p18f4620.asm
                 POSTDEC2   0x000fdd       data     extern E:\c18v3.46\pic18-lt\cxx-framework\src\traditional\proc\p18f4620.asm
                 POSTINC0   0x000fee       data     extern E:\c18v3.46\pic18-lt\cxx-framework\src\traditional\proc\p18f4620.asm
                 POSTINC1   0x000fe6       data     extern E:\c18v3.46\pic18-lt\cxx-framework\src\traditional\proc\p18f4620.asm
                 POSTINC2   0x000fde       data     extern E:\c18v3.46\pic18-lt\cxx-framework\src\traditional\proc\p18f4620.asm
                      PR2   0x000fcb       data     extern E:\c18v3.46\pic18-lt\cxx-framework\src\traditional\proc\p18f4620.asm
                  PREINC0   0x000fec       data     extern E:\c18v3.46\pic18-lt\cxx-framework\src\traditional\proc\p18f4620.asm
                  PREINC1   0x000fe4       data     extern E:\c18v3.46\pic18-lt\cxx-framework\src\traditional\proc\p18f4620.asm
                  PREINC2   0x000fdc       data     extern E:\c18v3.46\pic18-lt\cxx-framework\src\traditional\proc\p18f4620.asm
                     PROD   0x000ff3       data     extern E:\c18v3.46\pic18-lt\cxx-framework\src\traditional\proc\p18f4620.asm
                    PRODH   0x000ff4       data     extern E:\c18v3.46\pic18-lt\cxx-framework\src\traditional\proc\p18f4620.asm
                    PRODL   0x000ff3       data     extern E:\c18v3.46\pic18-lt\cxx-framework\src\traditional\proc\p18f4620.asm
                  PWM1CON   0x000fb7       data     extern E:\c18v3.46\pic18-lt\cxx-framework\src\traditional\proc\p18f4620.asm
              PWM1CONbits   0x000fb7       data     extern E:\c18v3.46\pic18-lt\cxx-framework\src\traditional\proc\p18f4620.asm
                     RCON   0x000fd0       data     extern E:\c18v3.46\pic18-lt\cxx-framework\src\traditional\proc\p18f4620.asm
                 RCONbits   0x000fd0       data     extern E:\c18v3.46\pic18-lt\cxx-framework\src\traditional\proc\p18f4620.asm
                    RCREG   0x000fae       data     extern E:\c18v3.46\pic18-lt\cxx-framework\src\traditional\proc\p18f4620.asm
                    RCSTA   0x000fab       data     extern E:\c18v3.46\pic18-lt\cxx-framework\src\traditional\proc\p18f4620.asm
                RCSTAbits   0x000fab       data     extern E:\c18v3.46\pic18-lt\cxx-framework\src\traditional\proc\p18f4620.asm
             ReadValueAdc   0x000f76       data     extern D:\MPLABProjects\SmartDoor.X\main.c
                     SIGN   0x000000       data     extern E:\c18v3.46\pic18-lt\cxx-framework\src\traditional\math\cmath18.asm
                    SPBRG   0x000faf       data     extern E:\c18v3.46\pic18-lt\cxx-framework\src\traditional\proc\p18f4620.asm
                   SPBRGH   0x000fb0       data     extern E:\c18v3.46\pic18-lt\cxx-framework\src\traditional\proc\p18f4620.asm
                   SSPADD   0x000fc8       data     extern E:\c18v3.46\pic18-lt\cxx-framework\src\traditional\proc\p18f4620.asm
                   SSPBUF   0x000fc9       data     extern E:\c18v3.46\pic18-lt\cxx-framework\src\traditional\proc\p18f4620.asm
                  SSPCON1   0x000fc6       data     extern E:\c18v3.46\pic18-lt\cxx-framework\src\traditional\proc\p18f4620.asm
              SSPCON1bits   0x000fc6       data     extern E:\c18v3.46\pic18-lt\cxx-framework\src\traditional\proc\p18f4620.asm
                  SSPCON2   0x000fc5       data     extern E:\c18v3.46\pic18-lt\cxx-framework\src\traditional\proc\p18f4620.asm
              SSPCON2bits   0x000fc5       data     extern E:\c18v3.46\pic18-lt\cxx-framework\src\traditional\proc\p18f4620.asm
                  SSPSTAT   0x000fc7       data     extern E:\c18v3.46\pic18-lt\cxx-framework\src\traditional\proc\p18f4620.asm
              SSPSTATbits   0x000fc7       data     extern E:\c18v3.46\pic18-lt\cxx-framework\src\traditional\proc\p18f4620.asm
                   STATUS   0x000fd8       data     extern E:\c18v3.46\pic18-lt\cxx-framework\src\traditional\proc\p18f4620.asm
               STATUSbits   0x000fd8       data     extern E:\c18v3.46\pic18-lt\cxx-framework\src\traditional\proc\p18f4620.asm
                   STKPTR   0x000ffc       data     extern E:\c18v3.46\pic18-lt\cxx-framework\src\traditional\proc\p18f4620.asm
               STKPTRbits   0x000ffc       data     extern E:\c18v3.46\pic18-lt\cxx-framework\src\traditional\proc\p18f4620.asm
                    T0CON   0x000fd5       data     extern E:\c18v3.46\pic18-lt\cxx-framework\src\traditional\proc\p18f4620.asm
                T0CONbits   0x000fd5       data     extern E:\c18v3.46\pic18-lt\cxx-framework\src\traditional\proc\p18f4620.asm
                    T1CON   0x000fcd       data     extern E:\c18v3.46\pic18-lt\cxx-framework\src\traditional\proc\p18f4620.asm
                T1CONbits   0x000fcd       data     extern E:\c18v3.46\pic18-lt\cxx-framework\src\traditional\proc\p18f4620.asm
                    T2CON   0x000fca       data     extern E:\c18v3.46\pic18-lt\cxx-framework\src\traditional\proc\p18f4620.asm
                T2CONbits   0x000fca       data     extern E:\c18v3.46\pic18-lt\cxx-framework\src\traditional\proc\p18f4620.asm
                    T3CON   0x000fb1       data     extern E:\c18v3.46\pic18-lt\cxx-framework\src\traditional\proc\p18f4620.asm
                T3CONbits   0x000fb1       data     extern E:\c18v3.46\pic18-lt\cxx-framework\src\traditional\proc\p18f4620.asm
                   TABLAT   0x000ff5       data     extern E:\c18v3.46\pic18-lt\cxx-framework\src\traditional\proc\p18f4620.asm
                   TBLPTR   0x000ff6       data     extern E:\c18v3.46\pic18-lt\cxx-framework\src\traditional\proc\p18f4620.asm
                  TBLPTRH   0x000ff7       data     extern E:\c18v3.46\pic18-lt\cxx-framework\src\traditional\proc\p18f4620.asm
                  TBLPTRL   0x000ff6       data     extern E:\c18v3.46\pic18-lt\cxx-framework\src\traditional\proc\p18f4620.asm
                  TBLPTRU   0x000ff8       data     extern E:\c18v3.46\pic18-lt\cxx-framework\src\traditional\proc\p18f4620.asm
                    TMR0H   0x000fd7       data     extern E:\c18v3.46\pic18-lt\cxx-framework\src\traditional\proc\p18f4620.asm
                    TMR0L   0x000fd6       data     extern E:\c18v3.46\pic18-lt\cxx-framework\src\traditional\proc\p18f4620.asm
                    TMR1H   0x000fcf       data     extern E:\c18v3.46\pic18-lt\cxx-framework\src\traditional\proc\p18f4620.asm
                    TMR1L   0x000fce       data     extern E:\c18v3.46\pic18-lt\cxx-framework\src\traditional\proc\p18f4620.asm
                     TMR2   0x000fcc       data     extern E:\c18v3.46\pic18-lt\cxx-framework\src\traditional\proc\p18f4620.asm
                    TMR3H   0x000fb3       data     extern E:\c18v3.46\pic18-lt\cxx-framework\src\traditional\proc\p18f4620.asm
                    TMR3L   0x000fb2       data     extern E:\c18v3.46\pic18-lt\cxx-framework\src\traditional\proc\p18f4620.asm
                      TOS   0x000ffd       data     extern E:\c18v3.46\pic18-lt\cxx-framework\src\traditional\proc\p18f4620.asm
                     TOSH   0x000ffe       data     extern E:\c18v3.46\pic18-lt\cxx-framework\src\traditional\proc\p18f4620.asm
                     TOSL   0x000ffd       data     extern E:\c18v3.46\pic18-lt\cxx-framework\src\traditional\proc\p18f4620.asm
                     TOSU   0x000fff       data     extern E:\c18v3.46\pic18-lt\cxx-framework\src\traditional\proc\p18f4620.asm
                    TRISA   0x000f92       data     extern E:\c18v3.46\pic18-lt\cxx-framework\src\traditional\proc\p18f4620.asm
                TRISAbits   0x000f92       data     extern E:\c18v3.46\pic18-lt\cxx-framework\src\traditional\proc\p18f4620.asm
                    TRISB   0x000f93       data     extern E:\c18v3.46\pic18-lt\cxx-framework\src\traditional\proc\p18f4620.asm
                TRISBbits   0x000f93       data     extern E:\c18v3.46\pic18-lt\cxx-framework\src\traditional\proc\p18f4620.asm
                    TRISC   0x000f94       data     extern E:\c18v3.46\pic18-lt\cxx-framework\src\traditional\proc\p18f4620.asm
                TRISCbits   0x000f94       data     extern E:\c18v3.46\pic18-lt\cxx-framework\src\traditional\proc\p18f4620.asm
                    TRISD   0x000f95       data     extern E:\c18v3.46\pic18-lt\cxx-framework\src\traditional\proc\p18f4620.asm
                TRISDbits   0x000f95       data     extern E:\c18v3.46\pic18-lt\cxx-framework\src\traditional\proc\p18f4620.asm
                    TRISE   0x000f96       data     extern E:\c18v3.46\pic18-lt\cxx-framework\src\traditional\proc\p18f4620.asm
                TRISEbits   0x000f96       data     extern E:\c18v3.46\pic18-lt\cxx-framework\src\traditional\proc\p18f4620.asm
                    TXREG   0x000fad       data     extern E:\c18v3.46\pic18-lt\cxx-framework\src\traditional\proc\p18f4620.asm
                    TXSTA   0x000fac       data     extern E:\c18v3.46\pic18-lt\cxx-framework\src\traditional\proc\p18f4620.asm
                TXSTAbits   0x000fac       data     extern E:\c18v3.46\pic18-lt\cxx-framework\src\traditional\proc\p18f4620.asm
                 UserFont   0x000080       data     extern D:\MPLABProjects\SmartDoor.X\lcd\lcd.c
                        W   0x000fe8       data     extern E:\c18v3.46\pic18-lt\cxx-framework\src\traditional\proc\p18f4620.asm
                   WDTCON   0x000fd1       data     extern E:\c18v3.46\pic18-lt\cxx-framework\src\traditional\proc\p18f4620.asm
               WDTCONbits   0x000fd1       data     extern E:\c18v3.46\pic18-lt\cxx-framework\src\traditional\proc\p18f4620.asm
                     WREG   0x000fe8       data     extern E:\c18v3.46\pic18-lt\cxx-framework\src\traditional\proc\p18f4620.asm
                 __AARGB0   0x000009       data     extern E:\c18v3.46\pic18-lt\cxx-framework\src\traditional\math\aarg.asm
                 __AARGB1   0x000008       data     extern E:\c18v3.46\pic18-lt\cxx-framework\src\traditional\math\aarg.asm
                 __AARGB2   0x000007       data     extern E:\c18v3.46\pic18-lt\cxx-framework\src\traditional\math\aarg.asm
                 __AARGB3   0x000006       data     extern E:\c18v3.46\pic18-lt\cxx-framework\src\traditional\math\aarg.asm
                 __AARGB4   0x000005       data     extern E:\c18v3.46\pic18-lt\cxx-framework\src\traditional\math\aarg.asm
                 __AARGB5   0x000004       data     extern E:\c18v3.46\pic18-lt\cxx-framework\src\traditional\math\aarg.asm
                 __AARGB6   0x000003       data     extern E:\c18v3.46\pic18-lt\cxx-framework\src\traditional\math\aarg.asm
                 __AARGB7   0x000002       data     extern E:\c18v3.46\pic18-lt\cxx-framework\src\traditional\math\aarg.asm
                   __AEXP   0x00000a       data     extern E:\c18v3.46\pic18-lt\cxx-framework\src\traditional\math\aarg.asm
                 __BARGB0   0x00000e       data     extern E:\c18v3.46\pic18-lt\cxx-framework\src\traditional\math\barg.asm
                 __BARGB1   0x00000d       data     extern E:\c18v3.46\pic18-lt\cxx-framework\src\traditional\math\barg.asm
                 __BARGB2   0x00000c       data     extern E:\c18v3.46\pic18-lt\cxx-framework\src\traditional\math\barg.asm
                 __BARGB3   0x00000b       data     extern E:\c18v3.46\pic18-lt\cxx-framework\src\traditional\math\barg.asm
                   __BEXP   0x00000f       data     extern E:\c18v3.46\pic18-lt\cxx-framework\src\traditional\math\barg.asm
                __FPFLAGS   0x000001       data     extern E:\c18v3.46\pic18-lt\cxx-framework\src\traditional\math\cmath18.asm
            __FPFLAGSbits   0x000001       data     extern E:\c18v3.46\pic18-lt\cxx-framework\src\traditional\math\cmath18.asm
                  __REMB0   0x000005       data     extern E:\c18v3.46\pic18-lt\cxx-framework\src\traditional\math\aarg.asm
                  __REMB1   0x000004       data     extern E:\c18v3.46\pic18-lt\cxx-framework\src\traditional\math\aarg.asm
                  __REMB2   0x000003       data     extern E:\c18v3.46\pic18-lt\cxx-framework\src\traditional\math\aarg.asm
                  __REMB3   0x000002       data     extern E:\c18v3.46\pic18-lt\cxx-framework\src\traditional\math\aarg.asm
                  __tmp_0   0x000010       data     static D:\MPLABProjects\SmartDoor.X\main.c
                  __tmp_0   0x000010       data     static D:\MPLABProjects\SmartDoor.X\lcd\lcd.c
                  __tmp_0   0x000010       data     static D:\MPLABProjects\SmartDoor.X\timer\timer.c
                  __tmp_0   0x000010       data     static D:\MPLABProjects\SmartDoor.X\adc\adc.c
                  __tmp_0   0x000010       data     static D:\MPLABProjects\SmartDoor.X\button_matrix\button.c
                  __tmp_0   0x000010       data     static D:\MPLABProjects\SmartDoor.X\uart\uart.c
         arrayMapOfNumber   0x000f53       data     extern D:\MPLABProjects\SmartDoor.X\main.c
         arrayMapOfOutput   0x000f43       data     extern D:\MPLABProjects\SmartDoor.X\main.c
       arrayMapOfPassword   0x000f5f       data     extern D:\MPLABProjects\SmartDoor.X\main.c
      arrayMaskInputOfKey   0x000f1c       data     extern D:\MPLABProjects\SmartDoor.X\button_matrix\button.c
     arrayMaskOutputOfKey   0x000f18       data     extern D:\MPLABProjects\SmartDoor.X\button_matrix\button.c
            arrayPassword   0x000f78       data     extern D:\MPLABProjects\SmartDoor.X\main.c
                     cnt0   0x0000fa       data     extern D:\MPLABProjects\SmartDoor.X\interrupt\interrupt.c
                     cnt1   0x0000fc       data     extern D:\MPLABProjects\SmartDoor.X\interrupt\interrupt.c
                curr_byte   0x0000ef       data     static E:\c18v3.46\pic18-lt\cxx-framework\src\traditional\startup\c018i.c
               curr_entry   0x0000f1       data     static E:\c18v3.46\pic18-lt\cxx-framework\src\traditional\startup\c018i.c
              current_col   0x0000f8       data     extern D:\MPLABProjects\SmartDoor.X\lcd\lcd.c
              current_row   0x0000f6       data     extern D:\MPLABProjects\SmartDoor.X\lcd\lcd.c
              dataReceive   0x0000fe       data     extern D:\MPLABProjects\SmartDoor.X\uart\uart.c
                 data_ptr   0x0000f3       data     static E:\c18v3.46\pic18-lt\cxx-framework\src\traditional\startup\c018i.c
                debounce1   0x000f1f       data     extern D:\MPLABProjects\SmartDoor.X\button_matrix\button.c
                debounce2   0x000f2b       data     extern D:\MPLABProjects\SmartDoor.X\button_matrix\button.c
                debounce3   0x000f37       data     extern D:\MPLABProjects\SmartDoor.X\button_matrix\button.c
              flag_timer1   0x0000e1       data     extern D:\MPLABProjects\SmartDoor.X\timer\timer.c
              flag_timer2   0x0000e2       data     extern D:\MPLABProjects\SmartDoor.X\timer\timer.c
              flag_timer3   0x0000e3       data     extern D:\MPLABProjects\SmartDoor.X\timer\timer.c
            indexOfNumber   0x000f74       data     extern D:\MPLABProjects\SmartDoor.X\main.c
                 key_code   0x000f00       data     extern D:\MPLABProjects\SmartDoor.X\button_matrix\button.c
              numberValue   0x000f7c       data     extern D:\MPLABProjects\SmartDoor.X\main.c
                     prom   0x0000ec       data     static E:\c18v3.46\pic18-lt\cxx-framework\src\traditional\startup\c018i.c
                statusLCD   0x0000c0       data     extern D:\MPLABProjects\SmartDoor.X\lcd\lcd.c
             statusOutput   0x000f4b       data     extern D:\MPLABProjects\SmartDoor.X\main.c
           statusPassword   0x000f73       data     extern D:\MPLABProjects\SmartDoor.X\main.c
                timeDelay   0x000f75       data     extern D:\MPLABProjects\SmartDoor.X\main.c
               timer1_cnt   0x0000e4       data     extern D:\MPLABProjects\SmartDoor.X\timer\timer.c
               timer2_cnt   0x0000e6       data     extern D:\MPLABProjects\SmartDoor.X\timer\timer.c
               timer3_cnt   0x0000e8       data     extern D:\MPLABProjects\SmartDoor.X\timer\timer.c
             timer3_value   0x0000ea       data     extern D:\MPLABProjects\SmartDoor.X\timer\timer.c



                              Symbols - Sorted by Address
                     Name    Address   Location    Storage File                     
                ---------  ---------  ---------  --------- ---------                
                   _entry   0x000000    program     extern E:\c18v3.46\pic18-lt\cxx-framework\src\traditional\startup\c018i.c
       ___return_lbl00000   0x000004    program     static                          
                   __init   0x000006    program     extern E:\c18v3.46\pic18-lt\cxx-framework\src\traditional\stdclib\__init.c
      InterruptVectorHigh   0x000008    program     extern D:\MPLABProjects\SmartDoor.X\interrupt\interrupt.c
       ___return_lbl00003   0x00000c    program     static                          
       InterruptVectorLow   0x000018    program     extern D:\MPLABProjects\SmartDoor.X\interrupt\interrupt.c
       ___return_lbl00002   0x00001c    program     static                          
                lcd_delay   0x00005c    program     extern D:\MPLABProjects\SmartDoor.X\lcd\lcd.c
                 v_timer0   0x0000ec    program     extern D:\MPLABProjects\SmartDoor.X\lcd\lcd.c
          lcd_sendCommand   0x00017c    program     extern D:\MPLABProjects\SmartDoor.X\lcd\lcd.c
                 init_lcd   0x0001fc    program     extern D:\MPLABProjects\SmartDoor.X\lcd\lcd.c
          lcd_read_status   0x00030a    program     extern D:\MPLABProjects\SmartDoor.X\lcd\lcd.c
            lcd_wait_busy   0x0003c0    program     extern D:\MPLABProjects\SmartDoor.X\lcd\lcd.c
          lcd_write_4bits   0x0003e0    program     extern D:\MPLABProjects\SmartDoor.X\lcd\lcd.c
            lcd_write_cmd   0x000426    program     extern D:\MPLABProjects\SmartDoor.X\lcd\lcd.c
           lcd_write_data   0x000462    program     extern D:\MPLABProjects\SmartDoor.X\lcd\lcd.c
              lcd_putchar   0x0004a0    program     extern D:\MPLABProjects\SmartDoor.X\lcd\lcd.c
           lcd_print_char   0x0004ba    program     extern D:\MPLABProjects\SmartDoor.X\lcd\lcd.c
            lcd_print_str   0x0004d4    program     extern D:\MPLABProjects\SmartDoor.X\lcd\lcd.c
           lcd_set_cursor   0x000514    program     extern D:\MPLABProjects\SmartDoor.X\lcd\lcd.c
                lcd_clear   0x00054e    program     extern D:\MPLABProjects\SmartDoor.X\lcd\lcd.c
             lcd_power_of   0x000562    program     extern D:\MPLABProjects\SmartDoor.X\lcd\lcd.c
            lcd_print_num   0x000644    program     extern D:\MPLABProjects\SmartDoor.X\lcd\lcd.c
              LcdPrintNum   0x00087a    program     extern D:\MPLABProjects\SmartDoor.X\lcd\lcd.c
           LcdPrintString   0x0008c2    program     extern D:\MPLABProjects\SmartDoor.X\lcd\lcd.c
          lcd_print_charS   0x0008f6    program     extern D:\MPLABProjects\SmartDoor.X\lcd\lcd.c
                LcdClearS   0x00093c    program     extern D:\MPLABProjects\SmartDoor.X\lcd\lcd.c
         DisplayLcdScreen   0x00099a    program     extern D:\MPLABProjects\SmartDoor.X\lcd\lcd.c
        DisplayLcdScreen2   0x000a92    program     extern D:\MPLABProjects\SmartDoor.X\lcd\lcd.c
      DisplayLcdScreenOld   0x000b18    program     extern D:\MPLABProjects\SmartDoor.X\lcd\lcd.c
            LcdPrintCharS   0x000b82    program     extern D:\MPLABProjects\SmartDoor.X\lcd\lcd.c
             LcdPrintNumS   0x000bd8    program     extern D:\MPLABProjects\SmartDoor.X\lcd\lcd.c
          LcdPrintStringS   0x000e26    program     extern D:\MPLABProjects\SmartDoor.X\lcd\lcd.c
                init_uart   0x000e7c    program     extern D:\MPLABProjects\SmartDoor.X\uart\uart.c
            uart_delay_ms   0x000e9a    program     extern D:\MPLABProjects\SmartDoor.X\uart\uart.c
             uart_putchar   0x000f22    program     extern D:\MPLABProjects\SmartDoor.X\uart\uart.c
            uart_send_str   0x000f3e    program     extern D:\MPLABProjects\SmartDoor.X\uart\uart.c
           UartSendString   0x000f7e    program     extern D:\MPLABProjects\SmartDoor.X\uart\uart.c
            uart_power_of   0x000fca    program     extern D:\MPLABProjects\SmartDoor.X\uart\uart.c
              UartSendNum   0x0010ac    program     extern D:\MPLABProjects\SmartDoor.X\uart\uart.c
                 uart_isr   0x0012e2    program     extern D:\MPLABProjects\SmartDoor.X\uart\uart.c
                     main   0x001340    program     extern D:\MPLABProjects\SmartDoor.X\main.c
                 delay_ms   0x00137a    program     extern D:\MPLABProjects\SmartDoor.X\main.c
              init_system   0x001402    program     extern D:\MPLABProjects\SmartDoor.X\main.c
          isButtonMotorOn   0x001444    program     extern D:\MPLABProjects\SmartDoor.X\main.c
         isButtonMotorOff   0x001454    program     extern D:\MPLABProjects\SmartDoor.X\main.c
         App_PasswordDoor   0x001464    program     extern D:\MPLABProjects\SmartDoor.X\main.c
            CheckPassword   0x00163a    program     extern D:\MPLABProjects\SmartDoor.X\main.c
           isButtonNumber   0x0016fa    program     extern D:\MPLABProjects\SmartDoor.X\main.c
            isButtonEnter   0x00174c    program     extern D:\MPLABProjects\SmartDoor.X\main.c
               UnlockDoor   0x00175c    program     extern D:\MPLABProjects\SmartDoor.X\main.c
                 LockDoor   0x00175e    program     extern D:\MPLABProjects\SmartDoor.X\main.c
          init_key_matrix   0x001760    program     extern D:\MPLABProjects\SmartDoor.X\button_matrix\button.c
init_key_matrix_with_uart   0x00176a    program     extern D:\MPLABProjects\SmartDoor.X\button_matrix\button.c
          scan_key_matrix   0x001774    program     extern D:\MPLABProjects\SmartDoor.X\button_matrix\button.c
scan_key_matrix_with_uart   0x001890    program     extern D:\MPLABProjects\SmartDoor.X\button_matrix\button.c
              init_timer3   0x0019f6    program     extern D:\MPLABProjects\SmartDoor.X\timer\timer.c
             start_timer3   0x001aac    program     extern D:\MPLABProjects\SmartDoor.X\timer\timer.c
              stop_timer3   0x001b38    program     extern D:\MPLABProjects\SmartDoor.X\timer\timer.c
               timer3_isr   0x001b3c    program     extern D:\MPLABProjects\SmartDoor.X\timer\timer.c
             SetTimer2_ms   0x001ba0    program     extern D:\MPLABProjects\SmartDoor.X\timer\timer.c
             SetTimer1_ms   0x001bda    program     extern D:\MPLABProjects\SmartDoor.X\timer\timer.c
             SetTimer3_ms   0x001c14    program     extern D:\MPLABProjects\SmartDoor.X\timer\timer.c
           init_interrupt   0x001c4e    program     extern D:\MPLABProjects\SmartDoor.X\interrupt\interrupt.c
            init_ext_int0   0x001c56    program     extern D:\MPLABProjects\SmartDoor.X\interrupt\interrupt.c
                  low_isr   0x001c5e    program     extern D:\MPLABProjects\SmartDoor.X\interrupt\interrupt.c
                 high_isr   0x001d1a    program     extern D:\MPLABProjects\SmartDoor.X\interrupt\interrupt.c
                 FXD1616S   0x001dc8    program     extern E:\c18v3.46\pic18-lt\cxx-framework\src\traditional\math\fxd1616s.asm
                  DA1616S   0x001dda    program     static E:\c18v3.46\pic18-lt\cxx-framework\src\traditional\math\fxd1616s.asm
                   D1616S   0x001dea    program     static E:\c18v3.46\pic18-lt\cxx-framework\src\traditional\math\fxd1616s.asm
                 D1616SOK   0x001df4    program     static E:\c18v3.46\pic18-lt\cxx-framework\src\traditional\math\fxd1616s.asm
                D1616SNEG   0x001df8    program     static E:\c18v3.46\pic18-lt\cxx-framework\src\traditional\math\fxd1616s.asm
                  D1616SX   0x001e0a    program     static E:\c18v3.46\pic18-lt\cxx-framework\src\traditional\math\fxd1616s.asm
                 FXD2424S   0x001e14    program     extern E:\c18v3.46\pic18-lt\cxx-framework\src\traditional\math\fxd2424s.asm
                  DA2424S   0x001e2a    program     static E:\c18v3.46\pic18-lt\cxx-framework\src\traditional\math\fxd2424s.asm
                   D2424S   0x001e3e    program     static E:\c18v3.46\pic18-lt\cxx-framework\src\traditional\math\fxd2424s.asm
                 D2424SOK   0x001e48    program     static E:\c18v3.46\pic18-lt\cxx-framework\src\traditional\math\fxd2424s.asm
                D2424SNEG   0x001e4c    program     static E:\c18v3.46\pic18-lt\cxx-framework\src\traditional\math\fxd2424s.asm
                  D2424SX   0x001e64    program     static E:\c18v3.46\pic18-lt\cxx-framework\src\traditional\math\fxd2424s.asm
                _do_cinit   0x001e6e    program     extern E:\c18v3.46\pic18-lt\cxx-framework\src\traditional\startup\c018i.c
                     test   0x001e88    program     static                          
                copy_loop   0x001ee0    program     static                          
            copy_one_byte   0x001ee6    program     static                          
             done_copying   0x001ef4    program     static                          
                     done   0x001f0a    program     static                          
       ___return_lbl00002   0x001f0a    program     static                          
                 init_adc   0x001f0c    program     extern D:\MPLABProjects\SmartDoor.X\adc\adc.c
            get_adc_value   0x001f1a    program     extern D:\MPLABProjects\SmartDoor.X\adc\adc.c
                  FXM3232   0x001f98    program     extern E:\c18v3.46\pic18-lt\cxx-framework\src\traditional\math\fxm3232.c
       ___return_lbl00000   0x002006    program     static                          
               __string_6   0x002008    program     static D:\MPLABProjects\SmartDoor.X\main.c
               __string_5   0x002019    program     static D:\MPLABProjects\SmartDoor.X\main.c
               __string_4   0x00202a    program     static D:\MPLABProjects\SmartDoor.X\main.c
               __string_3   0x00203b    program     static D:\MPLABProjects\SmartDoor.X\main.c
               __string_2   0x00203d    program     static D:\MPLABProjects\SmartDoor.X\main.c
               __string_1   0x00204e    program     static D:\MPLABProjects\SmartDoor.X\main.c
               __string_0   0x00205f    program     static D:\MPLABProjects\SmartDoor.X\main.c
               __string_0   0x002070    program     static D:\MPLABProjects\SmartDoor.X\uart\uart.c
                 FXD3232U   0x002074    program     extern E:\c18v3.46\pic18-lt\cxx-framework\src\traditional\math\fxd3232u.c
                     loop   0x002082    program     static                          
                   _false   0x0020b6    program     static                          
       ___return_lbl00000   0x0020ba    program     static                          
                 FXD2424U   0x0020bc    program     extern E:\c18v3.46\pic18-lt\cxx-framework\src\traditional\math\fxd2424u.c
                     loop   0x0020c8    program     static                          
                   _false   0x0020f0    program     static                          
       ___return_lbl00000   0x0020f4    program     static                          
                 init_pwm   0x0020f6    program     extern D:\MPLABProjects\SmartDoor.X\pwm\pwm.c
                 SetSpeed   0x002116    program     extern D:\MPLABProjects\SmartDoor.X\pwm\pwm.c
                 FXD1616U   0x00212c    program     extern E:\c18v3.46\pic18-lt\cxx-framework\src\traditional\math\fxd1616u.c
                     loop   0x002136    program     static                          
                  endloop   0x002152    program     static                          
       ___return_lbl00000   0x002156    program     static                          
            __zero_memory   0x002158    program     extern E:\c18v3.46\pic18-lt\cxx-framework\src\traditional\proc\p18f4620.asm
               zero_block   0x002166    program     static E:\c18v3.46\pic18-lt\cxx-framework\src\traditional\proc\p18f4620.asm
                   loop_h   0x002166    program     static E:\c18v3.46\pic18-lt\cxx-framework\src\traditional\proc\p18f4620.asm
                compare_l   0x00216e    program     static E:\c18v3.46\pic18-lt\cxx-framework\src\traditional\proc\p18f4620.asm
                   loop_l   0x002170    program     static E:\c18v3.46\pic18-lt\cxx-framework\src\traditional\proc\p18f4620.asm
                 _startup   0x002178    program     extern E:\c18v3.46\pic18-lt\cxx-framework\src\traditional\startup\c018i.c
                     loop   0x002188    program     static                          
       ___return_lbl00001   0x002192    program     static                          
               __config_0   0x300001    program     static D:\MPLABProjects\SmartDoor.X\main.c
               __config_1   0x300002    program     static D:\MPLABProjects\SmartDoor.X\main.c
               __config_2   0x300003    program     static D:\MPLABProjects\SmartDoor.X\main.c
               __config_3   0x300005    program     static D:\MPLABProjects\SmartDoor.X\main.c
               __config_4   0x300006    program     static D:\MPLABProjects\SmartDoor.X\main.c
               __config_5   0x300008    program     static D:\MPLABProjects\SmartDoor.X\main.c
               __config_6   0x300009    program     static D:\MPLABProjects\SmartDoor.X\main.c
               __config_7   0x30000a    program     static D:\MPLABProjects\SmartDoor.X\main.c
               __config_8   0x30000b    program     static D:\MPLABProjects\SmartDoor.X\main.c
               __config_9   0x30000c    program     static D:\MPLABProjects\SmartDoor.X\main.c
              __config_10   0x30000d    program     static D:\MPLABProjects\SmartDoor.X\main.c
                     SIGN   0x000000       data     extern E:\c18v3.46\pic18-lt\cxx-framework\src\traditional\math\cmath18.asm
                __FPFLAGS   0x000001       data     extern E:\c18v3.46\pic18-lt\cxx-framework\src\traditional\math\cmath18.asm
            __FPFLAGSbits   0x000001       data     extern E:\c18v3.46\pic18-lt\cxx-framework\src\traditional\math\cmath18.asm
                 __AARGB7   0x000002       data     extern E:\c18v3.46\pic18-lt\cxx-framework\src\traditional\math\aarg.asm
                  __REMB3   0x000002       data     extern E:\c18v3.46\pic18-lt\cxx-framework\src\traditional\math\aarg.asm
                  __REMB2   0x000003       data     extern E:\c18v3.46\pic18-lt\cxx-framework\src\traditional\math\aarg.asm
                 __AARGB6   0x000003       data     extern E:\c18v3.46\pic18-lt\cxx-framework\src\traditional\math\aarg.asm
                  __REMB1   0x000004       data     extern E:\c18v3.46\pic18-lt\cxx-framework\src\traditional\math\aarg.asm
                 __AARGB5   0x000004       data     extern E:\c18v3.46\pic18-lt\cxx-framework\src\traditional\math\aarg.asm
                  __REMB0   0x000005       data     extern E:\c18v3.46\pic18-lt\cxx-framework\src\traditional\math\aarg.asm
                 __AARGB4   0x000005       data     extern E:\c18v3.46\pic18-lt\cxx-framework\src\traditional\math\aarg.asm
                 __AARGB3   0x000006       data     extern E:\c18v3.46\pic18-lt\cxx-framework\src\traditional\math\aarg.asm
                 __AARGB2   0x000007       data     extern E:\c18v3.46\pic18-lt\cxx-framework\src\traditional\math\aarg.asm
                 __AARGB1   0x000008       data     extern E:\c18v3.46\pic18-lt\cxx-framework\src\traditional\math\aarg.asm
                 __AARGB0   0x000009       data     extern E:\c18v3.46\pic18-lt\cxx-framework\src\traditional\math\aarg.asm
                   __AEXP   0x00000a       data     extern E:\c18v3.46\pic18-lt\cxx-framework\src\traditional\math\aarg.asm
                 __BARGB3   0x00000b       data     extern E:\c18v3.46\pic18-lt\cxx-framework\src\traditional\math\barg.asm
                 __BARGB2   0x00000c       data     extern E:\c18v3.46\pic18-lt\cxx-framework\src\traditional\math\barg.asm
                 __BARGB1   0x00000d       data     extern E:\c18v3.46\pic18-lt\cxx-framework\src\traditional\math\barg.asm
                 __BARGB0   0x00000e       data     extern E:\c18v3.46\pic18-lt\cxx-framework\src\traditional\math\barg.asm
                   __BEXP   0x00000f       data     extern E:\c18v3.46\pic18-lt\cxx-framework\src\traditional\math\barg.asm
                  __tmp_0   0x000010       data     static D:\MPLABProjects\SmartDoor.X\main.c
                  __tmp_0   0x000010       data     static D:\MPLABProjects\SmartDoor.X\lcd\lcd.c
                  __tmp_0   0x000010       data     static D:\MPLABProjects\SmartDoor.X\timer\timer.c
                  __tmp_0   0x000010       data     static D:\MPLABProjects\SmartDoor.X\adc\adc.c
                  __tmp_0   0x000010       data     static D:\MPLABProjects\SmartDoor.X\button_matrix\button.c
                  __tmp_0   0x000010       data     static D:\MPLABProjects\SmartDoor.X\uart\uart.c
                 UserFont   0x000080       data     extern D:\MPLABProjects\SmartDoor.X\lcd\lcd.c
                statusLCD   0x0000c0       data     extern D:\MPLABProjects\SmartDoor.X\lcd\lcd.c
                LcdScreen   0x0000c1       data     extern D:\MPLABProjects\SmartDoor.X\lcd\lcd.c
              flag_timer1   0x0000e1       data     extern D:\MPLABProjects\SmartDoor.X\timer\timer.c
              flag_timer2   0x0000e2       data     extern D:\MPLABProjects\SmartDoor.X\timer\timer.c
              flag_timer3   0x0000e3       data     extern D:\MPLABProjects\SmartDoor.X\timer\timer.c
               timer1_cnt   0x0000e4       data     extern D:\MPLABProjects\SmartDoor.X\timer\timer.c
               timer2_cnt   0x0000e6       data     extern D:\MPLABProjects\SmartDoor.X\timer\timer.c
               timer3_cnt   0x0000e8       data     extern D:\MPLABProjects\SmartDoor.X\timer\timer.c
             timer3_value   0x0000ea       data     extern D:\MPLABProjects\SmartDoor.X\timer\timer.c
                     prom   0x0000ec       data     static E:\c18v3.46\pic18-lt\cxx-framework\src\traditional\startup\c018i.c
                curr_byte   0x0000ef       data     static E:\c18v3.46\pic18-lt\cxx-framework\src\traditional\startup\c018i.c
               curr_entry   0x0000f1       data     static E:\c18v3.46\pic18-lt\cxx-framework\src\traditional\startup\c018i.c
                 data_ptr   0x0000f3       data     static E:\c18v3.46\pic18-lt\cxx-framework\src\traditional\startup\c018i.c
              current_row   0x0000f6       data     extern D:\MPLABProjects\SmartDoor.X\lcd\lcd.c
              current_col   0x0000f8       data     extern D:\MPLABProjects\SmartDoor.X\lcd\lcd.c
                     cnt0   0x0000fa       data     extern D:\MPLABProjects\SmartDoor.X\interrupt\interrupt.c
                     cnt1   0x0000fc       data     extern D:\MPLABProjects\SmartDoor.X\interrupt\interrupt.c
              dataReceive   0x0000fe       data     extern D:\MPLABProjects\SmartDoor.X\uart\uart.c
                 key_code   0x000f00       data     extern D:\MPLABProjects\SmartDoor.X\button_matrix\button.c
     arrayMaskOutputOfKey   0x000f18       data     extern D:\MPLABProjects\SmartDoor.X\button_matrix\button.c
      arrayMaskInputOfKey   0x000f1c       data     extern D:\MPLABProjects\SmartDoor.X\button_matrix\button.c
                debounce1   0x000f1f       data     extern D:\MPLABProjects\SmartDoor.X\button_matrix\button.c
                debounce2   0x000f2b       data     extern D:\MPLABProjects\SmartDoor.X\button_matrix\button.c
                debounce3   0x000f37       data     extern D:\MPLABProjects\SmartDoor.X\button_matrix\button.c
         arrayMapOfOutput   0x000f43       data     extern D:\MPLABProjects\SmartDoor.X\main.c
             statusOutput   0x000f4b       data     extern D:\MPLABProjects\SmartDoor.X\main.c
         arrayMapOfNumber   0x000f53       data     extern D:\MPLABProjects\SmartDoor.X\main.c
       arrayMapOfPassword   0x000f5f       data     extern D:\MPLABProjects\SmartDoor.X\main.c
           statusPassword   0x000f73       data     extern D:\MPLABProjects\SmartDoor.X\main.c
            indexOfNumber   0x000f74       data     extern D:\MPLABProjects\SmartDoor.X\main.c
                timeDelay   0x000f75       data     extern D:\MPLABProjects\SmartDoor.X\main.c
             ReadValueAdc   0x000f76       data     extern D:\MPLABProjects\SmartDoor.X\main.c
            arrayPassword   0x000f78       data     extern D:\MPLABProjects\SmartDoor.X\main.c
              numberValue   0x000f7c       data     extern D:\MPLABProjects\SmartDoor.X\main.c
                PORTAbits   0x000f80       data     extern E:\c18v3.46\pic18-lt\cxx-framework\src\traditional\proc\p18f4620.asm
                    PORTA   0x000f80       data     extern E:\c18v3.46\pic18-lt\cxx-framework\src\traditional\proc\p18f4620.asm
                PORTBbits   0x000f81       data     extern E:\c18v3.46\pic18-lt\cxx-framework\src\traditional\proc\p18f4620.asm
                    PORTB   0x000f81       data     extern E:\c18v3.46\pic18-lt\cxx-framework\src\traditional\proc\p18f4620.asm
                PORTCbits   0x000f82       data     extern E:\c18v3.46\pic18-lt\cxx-framework\src\traditional\proc\p18f4620.asm
                    PORTC   0x000f82       data     extern E:\c18v3.46\pic18-lt\cxx-framework\src\traditional\proc\p18f4620.asm
                PORTDbits   0x000f83       data     extern E:\c18v3.46\pic18-lt\cxx-framework\src\traditional\proc\p18f4620.asm
                    PORTD   0x000f83       data     extern E:\c18v3.46\pic18-lt\cxx-framework\src\traditional\proc\p18f4620.asm
                PORTEbits   0x000f84       data     extern E:\c18v3.46\pic18-lt\cxx-framework\src\traditional\proc\p18f4620.asm
                    PORTE   0x000f84       data     extern E:\c18v3.46\pic18-lt\cxx-framework\src\traditional\proc\p18f4620.asm
                     LATA   0x000f89       data     extern E:\c18v3.46\pic18-lt\cxx-framework\src\traditional\proc\p18f4620.asm
                 LATAbits   0x000f89       data     extern E:\c18v3.46\pic18-lt\cxx-framework\src\traditional\proc\p18f4620.asm
                     LATB   0x000f8a       data     extern E:\c18v3.46\pic18-lt\cxx-framework\src\traditional\proc\p18f4620.asm
                 LATBbits   0x000f8a       data     extern E:\c18v3.46\pic18-lt\cxx-framework\src\traditional\proc\p18f4620.asm
                     LATC   0x000f8b       data     extern E:\c18v3.46\pic18-lt\cxx-framework\src\traditional\proc\p18f4620.asm
                 LATCbits   0x000f8b       data     extern E:\c18v3.46\pic18-lt\cxx-framework\src\traditional\proc\p18f4620.asm
                     LATD   0x000f8c       data     extern E:\c18v3.46\pic18-lt\cxx-framework\src\traditional\proc\p18f4620.asm
                 LATDbits   0x000f8c       data     extern E:\c18v3.46\pic18-lt\cxx-framework\src\traditional\proc\p18f4620.asm
                     LATE   0x000f8d       data     extern E:\c18v3.46\pic18-lt\cxx-framework\src\traditional\proc\p18f4620.asm
                 LATEbits   0x000f8d       data     extern E:\c18v3.46\pic18-lt\cxx-framework\src\traditional\proc\p18f4620.asm
                     DDRA   0x000f92       data     extern E:\c18v3.46\pic18-lt\cxx-framework\src\traditional\proc\p18f4620.asm
                 DDRAbits   0x000f92       data     extern E:\c18v3.46\pic18-lt\cxx-framework\src\traditional\proc\p18f4620.asm
                    TRISA   0x000f92       data     extern E:\c18v3.46\pic18-lt\cxx-framework\src\traditional\proc\p18f4620.asm
                TRISAbits   0x000f92       data     extern E:\c18v3.46\pic18-lt\cxx-framework\src\traditional\proc\p18f4620.asm
                    TRISB   0x000f93       data     extern E:\c18v3.46\pic18-lt\cxx-framework\src\traditional\proc\p18f4620.asm
                TRISBbits   0x000f93       data     extern E:\c18v3.46\pic18-lt\cxx-framework\src\traditional\proc\p18f4620.asm
                     DDRB   0x000f93       data     extern E:\c18v3.46\pic18-lt\cxx-framework\src\traditional\proc\p18f4620.asm
                 DDRBbits   0x000f93       data     extern E:\c18v3.46\pic18-lt\cxx-framework\src\traditional\proc\p18f4620.asm
                 DDRCbits   0x000f94       data     extern E:\c18v3.46\pic18-lt\cxx-framework\src\traditional\proc\p18f4620.asm
                    TRISC   0x000f94       data     extern E:\c18v3.46\pic18-lt\cxx-framework\src\traditional\proc\p18f4620.asm
                TRISCbits   0x000f94       data     extern E:\c18v3.46\pic18-lt\cxx-framework\src\traditional\proc\p18f4620.asm
                     DDRC   0x000f94       data     extern E:\c18v3.46\pic18-lt\cxx-framework\src\traditional\proc\p18f4620.asm
                 DDRDbits   0x000f95       data     extern E:\c18v3.46\pic18-lt\cxx-framework\src\traditional\proc\p18f4620.asm
                     DDRD   0x000f95       data     extern E:\c18v3.46\pic18-lt\cxx-framework\src\traditional\proc\p18f4620.asm
                TRISDbits   0x000f95       data     extern E:\c18v3.46\pic18-lt\cxx-framework\src\traditional\proc\p18f4620.asm
                    TRISD   0x000f95       data     extern E:\c18v3.46\pic18-lt\cxx-framework\src\traditional\proc\p18f4620.asm
                TRISEbits   0x000f96       data     extern E:\c18v3.46\pic18-lt\cxx-framework\src\traditional\proc\p18f4620.asm
                    TRISE   0x000f96       data     extern E:\c18v3.46\pic18-lt\cxx-framework\src\traditional\proc\p18f4620.asm
                 DDREbits   0x000f96       data     extern E:\c18v3.46\pic18-lt\cxx-framework\src\traditional\proc\p18f4620.asm
                     DDRE   0x000f96       data     extern E:\c18v3.46\pic18-lt\cxx-framework\src\traditional\proc\p18f4620.asm
                  OSCTUNE   0x000f9b       data     extern E:\c18v3.46\pic18-lt\cxx-framework\src\traditional\proc\p18f4620.asm
              OSCTUNEbits   0x000f9b       data     extern E:\c18v3.46\pic18-lt\cxx-framework\src\traditional\proc\p18f4620.asm
                 PIE1bits   0x000f9d       data     extern E:\c18v3.46\pic18-lt\cxx-framework\src\traditional\proc\p18f4620.asm
                     PIE1   0x000f9d       data     extern E:\c18v3.46\pic18-lt\cxx-framework\src\traditional\proc\p18f4620.asm
                 PIR1bits   0x000f9e       data     extern E:\c18v3.46\pic18-lt\cxx-framework\src\traditional\proc\p18f4620.asm
                     PIR1   0x000f9e       data     extern E:\c18v3.46\pic18-lt\cxx-framework\src\traditional\proc\p18f4620.asm
                 IPR1bits   0x000f9f       data     extern E:\c18v3.46\pic18-lt\cxx-framework\src\traditional\proc\p18f4620.asm
                     IPR1   0x000f9f       data     extern E:\c18v3.46\pic18-lt\cxx-framework\src\traditional\proc\p18f4620.asm
                 PIE2bits   0x000fa0       data     extern E:\c18v3.46\pic18-lt\cxx-framework\src\traditional\proc\p18f4620.asm
                     PIE2   0x000fa0       data     extern E:\c18v3.46\pic18-lt\cxx-framework\src\traditional\proc\p18f4620.asm
                 PIR2bits   0x000fa1       data     extern E:\c18v3.46\pic18-lt\cxx-framework\src\traditional\proc\p18f4620.asm
                     PIR2   0x000fa1       data     extern E:\c18v3.46\pic18-lt\cxx-framework\src\traditional\proc\p18f4620.asm
                 IPR2bits   0x000fa2       data     extern E:\c18v3.46\pic18-lt\cxx-framework\src\traditional\proc\p18f4620.asm
                     IPR2   0x000fa2       data     extern E:\c18v3.46\pic18-lt\cxx-framework\src\traditional\proc\p18f4620.asm
               EECON1bits   0x000fa6       data     extern E:\c18v3.46\pic18-lt\cxx-framework\src\traditional\proc\p18f4620.asm
                   EECON1   0x000fa6       data     extern E:\c18v3.46\pic18-lt\cxx-framework\src\traditional\proc\p18f4620.asm
                   EECON2   0x000fa7       data     extern E:\c18v3.46\pic18-lt\cxx-framework\src\traditional\proc\p18f4620.asm
                   EEDATA   0x000fa8       data     extern E:\c18v3.46\pic18-lt\cxx-framework\src\traditional\proc\p18f4620.asm
                    EEADR   0x000fa9       data     extern E:\c18v3.46\pic18-lt\cxx-framework\src\traditional\proc\p18f4620.asm
                   EEADRH   0x000faa       data     extern E:\c18v3.46\pic18-lt\cxx-framework\src\traditional\proc\p18f4620.asm
                    RCSTA   0x000fab       data     extern E:\c18v3.46\pic18-lt\cxx-framework\src\traditional\proc\p18f4620.asm
                RCSTAbits   0x000fab       data     extern E:\c18v3.46\pic18-lt\cxx-framework\src\traditional\proc\p18f4620.asm
                    TXSTA   0x000fac       data     extern E:\c18v3.46\pic18-lt\cxx-framework\src\traditional\proc\p18f4620.asm
                TXSTAbits   0x000fac       data     extern E:\c18v3.46\pic18-lt\cxx-framework\src\traditional\proc\p18f4620.asm
                    TXREG   0x000fad       data     extern E:\c18v3.46\pic18-lt\cxx-framework\src\traditional\proc\p18f4620.asm
                    RCREG   0x000fae       data     extern E:\c18v3.46\pic18-lt\cxx-framework\src\traditional\proc\p18f4620.asm
                    SPBRG   0x000faf       data     extern E:\c18v3.46\pic18-lt\cxx-framework\src\traditional\proc\p18f4620.asm
                   SPBRGH   0x000fb0       data     extern E:\c18v3.46\pic18-lt\cxx-framework\src\traditional\proc\p18f4620.asm
                    T3CON   0x000fb1       data     extern E:\c18v3.46\pic18-lt\cxx-framework\src\traditional\proc\p18f4620.asm
                T3CONbits   0x000fb1       data     extern E:\c18v3.46\pic18-lt\cxx-framework\src\traditional\proc\p18f4620.asm
                    TMR3L   0x000fb2       data     extern E:\c18v3.46\pic18-lt\cxx-framework\src\traditional\proc\p18f4620.asm
                    TMR3H   0x000fb3       data     extern E:\c18v3.46\pic18-lt\cxx-framework\src\traditional\proc\p18f4620.asm
                CMCONbits   0x000fb4       data     extern E:\c18v3.46\pic18-lt\cxx-framework\src\traditional\proc\p18f4620.asm
                    CMCON   0x000fb4       data     extern E:\c18v3.46\pic18-lt\cxx-framework\src\traditional\proc\p18f4620.asm
               CVRCONbits   0x000fb5       data     extern E:\c18v3.46\pic18-lt\cxx-framework\src\traditional\proc\p18f4620.asm
                   CVRCON   0x000fb5       data     extern E:\c18v3.46\pic18-lt\cxx-framework\src\traditional\proc\p18f4620.asm
              ECCP1ASbits   0x000fb6       data     extern E:\c18v3.46\pic18-lt\cxx-framework\src\traditional\proc\p18f4620.asm
                  ECCP1AS   0x000fb6       data     extern E:\c18v3.46\pic18-lt\cxx-framework\src\traditional\proc\p18f4620.asm
                  PWM1CON   0x000fb7       data     extern E:\c18v3.46\pic18-lt\cxx-framework\src\traditional\proc\p18f4620.asm
              PWM1CONbits   0x000fb7       data     extern E:\c18v3.46\pic18-lt\cxx-framework\src\traditional\proc\p18f4620.asm
              BAUDCTLbits   0x000fb8       data     extern E:\c18v3.46\pic18-lt\cxx-framework\src\traditional\proc\p18f4620.asm
                  BAUDCTL   0x000fb8       data     extern E:\c18v3.46\pic18-lt\cxx-framework\src\traditional\proc\p18f4620.asm
              BAUDCONbits   0x000fb8       data     extern E:\c18v3.46\pic18-lt\cxx-framework\src\traditional\proc\p18f4620.asm
                  BAUDCON   0x000fb8       data     extern E:\c18v3.46\pic18-lt\cxx-framework\src\traditional\proc\p18f4620.asm
                  CCP2CON   0x000fba       data     extern E:\c18v3.46\pic18-lt\cxx-framework\src\traditional\proc\p18f4620.asm
              CCP2CONbits   0x000fba       data     extern E:\c18v3.46\pic18-lt\cxx-framework\src\traditional\proc\p18f4620.asm
                   CCPR2L   0x000fbb       data     extern E:\c18v3.46\pic18-lt\cxx-framework\src\traditional\proc\p18f4620.asm
                    CCPR2   0x000fbb       data     extern E:\c18v3.46\pic18-lt\cxx-framework\src\traditional\proc\p18f4620.asm
                   CCPR2H   0x000fbc       data     extern E:\c18v3.46\pic18-lt\cxx-framework\src\traditional\proc\p18f4620.asm
              CCP1CONbits   0x000fbd       data     extern E:\c18v3.46\pic18-lt\cxx-framework\src\traditional\proc\p18f4620.asm
                  CCP1CON   0x000fbd       data     extern E:\c18v3.46\pic18-lt\cxx-framework\src\traditional\proc\p18f4620.asm
                   CCPR1L   0x000fbe       data     extern E:\c18v3.46\pic18-lt\cxx-framework\src\traditional\proc\p18f4620.asm
                    CCPR1   0x000fbe       data     extern E:\c18v3.46\pic18-lt\cxx-framework\src\traditional\proc\p18f4620.asm
                   CCPR1H   0x000fbf       data     extern E:\c18v3.46\pic18-lt\cxx-framework\src\traditional\proc\p18f4620.asm
               ADCON2bits   0x000fc0       data     extern E:\c18v3.46\pic18-lt\cxx-framework\src\traditional\proc\p18f4620.asm
                   ADCON2   0x000fc0       data     extern E:\c18v3.46\pic18-lt\cxx-framework\src\traditional\proc\p18f4620.asm
               ADCON1bits   0x000fc1       data     extern E:\c18v3.46\pic18-lt\cxx-framework\src\traditional\proc\p18f4620.asm
                   ADCON1   0x000fc1       data     extern E:\c18v3.46\pic18-lt\cxx-framework\src\traditional\proc\p18f4620.asm
                   ADCON0   0x000fc2       data     extern E:\c18v3.46\pic18-lt\cxx-framework\src\traditional\proc\p18f4620.asm
               ADCON0bits   0x000fc2       data     extern E:\c18v3.46\pic18-lt\cxx-framework\src\traditional\proc\p18f4620.asm
                    ADRES   0x000fc3       data     extern E:\c18v3.46\pic18-lt\cxx-framework\src\traditional\proc\p18f4620.asm
                   ADRESL   0x000fc3       data     extern E:\c18v3.46\pic18-lt\cxx-framework\src\traditional\proc\p18f4620.asm
                   ADRESH   0x000fc4       data     extern E:\c18v3.46\pic18-lt\cxx-framework\src\traditional\proc\p18f4620.asm
                  SSPCON2   0x000fc5       data     extern E:\c18v3.46\pic18-lt\cxx-framework\src\traditional\proc\p18f4620.asm
              SSPCON2bits   0x000fc5       data     extern E:\c18v3.46\pic18-lt\cxx-framework\src\traditional\proc\p18f4620.asm
                  SSPCON1   0x000fc6       data     extern E:\c18v3.46\pic18-lt\cxx-framework\src\traditional\proc\p18f4620.asm
              SSPCON1bits   0x000fc6       data     extern E:\c18v3.46\pic18-lt\cxx-framework\src\traditional\proc\p18f4620.asm
                  SSPSTAT   0x000fc7       data     extern E:\c18v3.46\pic18-lt\cxx-framework\src\traditional\proc\p18f4620.asm
              SSPSTATbits   0x000fc7       data     extern E:\c18v3.46\pic18-lt\cxx-framework\src\traditional\proc\p18f4620.asm
                   SSPADD   0x000fc8       data     extern E:\c18v3.46\pic18-lt\cxx-framework\src\traditional\proc\p18f4620.asm
                   SSPBUF   0x000fc9       data     extern E:\c18v3.46\pic18-lt\cxx-framework\src\traditional\proc\p18f4620.asm
                T2CONbits   0x000fca       data     extern E:\c18v3.46\pic18-lt\cxx-framework\src\traditional\proc\p18f4620.asm
                    T2CON   0x000fca       data     extern E:\c18v3.46\pic18-lt\cxx-framework\src\traditional\proc\p18f4620.asm
                      PR2   0x000fcb       data     extern E:\c18v3.46\pic18-lt\cxx-framework\src\traditional\proc\p18f4620.asm
                     TMR2   0x000fcc       data     extern E:\c18v3.46\pic18-lt\cxx-framework\src\traditional\proc\p18f4620.asm
                T1CONbits   0x000fcd       data     extern E:\c18v3.46\pic18-lt\cxx-framework\src\traditional\proc\p18f4620.asm
                    T1CON   0x000fcd       data     extern E:\c18v3.46\pic18-lt\cxx-framework\src\traditional\proc\p18f4620.asm
                    TMR1L   0x000fce       data     extern E:\c18v3.46\pic18-lt\cxx-framework\src\traditional\proc\p18f4620.asm
                    TMR1H   0x000fcf       data     extern E:\c18v3.46\pic18-lt\cxx-framework\src\traditional\proc\p18f4620.asm
                     RCON   0x000fd0       data     extern E:\c18v3.46\pic18-lt\cxx-framework\src\traditional\proc\p18f4620.asm
                 RCONbits   0x000fd0       data     extern E:\c18v3.46\pic18-lt\cxx-framework\src\traditional\proc\p18f4620.asm
               WDTCONbits   0x000fd1       data     extern E:\c18v3.46\pic18-lt\cxx-framework\src\traditional\proc\p18f4620.asm
                   WDTCON   0x000fd1       data     extern E:\c18v3.46\pic18-lt\cxx-framework\src\traditional\proc\p18f4620.asm
               LVDCONbits   0x000fd2       data     extern E:\c18v3.46\pic18-lt\cxx-framework\src\traditional\proc\p18f4620.asm
                   LVDCON   0x000fd2       data     extern E:\c18v3.46\pic18-lt\cxx-framework\src\traditional\proc\p18f4620.asm
                  HLVDCON   0x000fd2       data     extern E:\c18v3.46\pic18-lt\cxx-framework\src\traditional\proc\p18f4620.asm
              HLVDCONbits   0x000fd2       data     extern E:\c18v3.46\pic18-lt\cxx-framework\src\traditional\proc\p18f4620.asm
               OSCCONbits   0x000fd3       data     extern E:\c18v3.46\pic18-lt\cxx-framework\src\traditional\proc\p18f4620.asm
                   OSCCON   0x000fd3       data     extern E:\c18v3.46\pic18-lt\cxx-framework\src\traditional\proc\p18f4620.asm
                    T0CON   0x000fd5       data     extern E:\c18v3.46\pic18-lt\cxx-framework\src\traditional\proc\p18f4620.asm
                T0CONbits   0x000fd5       data     extern E:\c18v3.46\pic18-lt\cxx-framework\src\traditional\proc\p18f4620.asm
                    TMR0L   0x000fd6       data     extern E:\c18v3.46\pic18-lt\cxx-framework\src\traditional\proc\p18f4620.asm
                    TMR0H   0x000fd7       data     extern E:\c18v3.46\pic18-lt\cxx-framework\src\traditional\proc\p18f4620.asm
                   STATUS   0x000fd8       data     extern E:\c18v3.46\pic18-lt\cxx-framework\src\traditional\proc\p18f4620.asm
               STATUSbits   0x000fd8       data     extern E:\c18v3.46\pic18-lt\cxx-framework\src\traditional\proc\p18f4620.asm
                     FSR2   0x000fd9       data     extern E:\c18v3.46\pic18-lt\cxx-framework\src\traditional\proc\p18f4620.asm
                    FSR2L   0x000fd9       data     extern E:\c18v3.46\pic18-lt\cxx-framework\src\traditional\proc\p18f4620.asm
                    FSR2H   0x000fda       data     extern E:\c18v3.46\pic18-lt\cxx-framework\src\traditional\proc\p18f4620.asm
                   PLUSW2   0x000fdb       data     extern E:\c18v3.46\pic18-lt\cxx-framework\src\traditional\proc\p18f4620.asm
                  PREINC2   0x000fdc       data     extern E:\c18v3.46\pic18-lt\cxx-framework\src\traditional\proc\p18f4620.asm
                 POSTDEC2   0x000fdd       data     extern E:\c18v3.46\pic18-lt\cxx-framework\src\traditional\proc\p18f4620.asm
                 POSTINC2   0x000fde       data     extern E:\c18v3.46\pic18-lt\cxx-framework\src\traditional\proc\p18f4620.asm
                    INDF2   0x000fdf       data     extern E:\c18v3.46\pic18-lt\cxx-framework\src\traditional\proc\p18f4620.asm
                      BSR   0x000fe0       data     extern E:\c18v3.46\pic18-lt\cxx-framework\src\traditional\proc\p18f4620.asm
                    FSR1L   0x000fe1       data     extern E:\c18v3.46\pic18-lt\cxx-framework\src\traditional\proc\p18f4620.asm
                     FSR1   0x000fe1       data     extern E:\c18v3.46\pic18-lt\cxx-framework\src\traditional\proc\p18f4620.asm
                    FSR1H   0x000fe2       data     extern E:\c18v3.46\pic18-lt\cxx-framework\src\traditional\proc\p18f4620.asm
                   PLUSW1   0x000fe3       data     extern E:\c18v3.46\pic18-lt\cxx-framework\src\traditional\proc\p18f4620.asm
                  PREINC1   0x000fe4       data     extern E:\c18v3.46\pic18-lt\cxx-framework\src\traditional\proc\p18f4620.asm
                 POSTDEC1   0x000fe5       data     extern E:\c18v3.46\pic18-lt\cxx-framework\src\traditional\proc\p18f4620.asm
                 POSTINC1   0x000fe6       data     extern E:\c18v3.46\pic18-lt\cxx-framework\src\traditional\proc\p18f4620.asm
                    INDF1   0x000fe7       data     extern E:\c18v3.46\pic18-lt\cxx-framework\src\traditional\proc\p18f4620.asm
                        W   0x000fe8       data     extern E:\c18v3.46\pic18-lt\cxx-framework\src\traditional\proc\p18f4620.asm
                     WREG   0x000fe8       data     extern E:\c18v3.46\pic18-lt\cxx-framework\src\traditional\proc\p18f4620.asm
                     FSR0   0x000fe9       data     extern E:\c18v3.46\pic18-lt\cxx-framework\src\traditional\proc\p18f4620.asm
                    FSR0L   0x000fe9       data     extern E:\c18v3.46\pic18-lt\cxx-framework\src\traditional\proc\p18f4620.asm
                    FSR0H   0x000fea       data     extern E:\c18v3.46\pic18-lt\cxx-framework\src\traditional\proc\p18f4620.asm
                   PLUSW0   0x000feb       data     extern E:\c18v3.46\pic18-lt\cxx-framework\src\traditional\proc\p18f4620.asm
                  PREINC0   0x000fec       data     extern E:\c18v3.46\pic18-lt\cxx-framework\src\traditional\proc\p18f4620.asm
                 POSTDEC0   0x000fed       data     extern E:\c18v3.46\pic18-lt\cxx-framework\src\traditional\proc\p18f4620.asm
                 POSTINC0   0x000fee       data     extern E:\c18v3.46\pic18-lt\cxx-framework\src\traditional\proc\p18f4620.asm
                    INDF0   0x000fef       data     extern E:\c18v3.46\pic18-lt\cxx-framework\src\traditional\proc\p18f4620.asm
              INTCON3bits   0x000ff0       data     extern E:\c18v3.46\pic18-lt\cxx-framework\src\traditional\proc\p18f4620.asm
                  INTCON3   0x000ff0       data     extern E:\c18v3.46\pic18-lt\cxx-framework\src\traditional\proc\p18f4620.asm
              INTCON2bits   0x000ff1       data     extern E:\c18v3.46\pic18-lt\cxx-framework\src\traditional\proc\p18f4620.asm
                  INTCON2   0x000ff1       data     extern E:\c18v3.46\pic18-lt\cxx-framework\src\traditional\proc\p18f4620.asm
               INTCONbits   0x000ff2       data     extern E:\c18v3.46\pic18-lt\cxx-framework\src\traditional\proc\p18f4620.asm
                   INTCON   0x000ff2       data     extern E:\c18v3.46\pic18-lt\cxx-framework\src\traditional\proc\p18f4620.asm
                    PRODL   0x000ff3       data     extern E:\c18v3.46\pic18-lt\cxx-framework\src\traditional\proc\p18f4620.asm
                     PROD   0x000ff3       data     extern E:\c18v3.46\pic18-lt\cxx-framework\src\traditional\proc\p18f4620.asm
                    PRODH   0x000ff4       data     extern E:\c18v3.46\pic18-lt\cxx-framework\src\traditional\proc\p18f4620.asm
                   TABLAT   0x000ff5       data     extern E:\c18v3.46\pic18-lt\cxx-framework\src\traditional\proc\p18f4620.asm
                  TBLPTRL   0x000ff6       data     extern E:\c18v3.46\pic18-lt\cxx-framework\src\traditional\proc\p18f4620.asm
                   TBLPTR   0x000ff6       data     extern E:\c18v3.46\pic18-lt\cxx-framework\src\traditional\proc\p18f4620.asm
                  TBLPTRH   0x000ff7       data     extern E:\c18v3.46\pic18-lt\cxx-framework\src\traditional\proc\p18f4620.asm
                  TBLPTRU   0x000ff8       data     extern E:\c18v3.46\pic18-lt\cxx-framework\src\traditional\proc\p18f4620.asm
                      PCL   0x000ff9       data     extern E:\c18v3.46\pic18-lt\cxx-framework\src\traditional\proc\p18f4620.asm
                       PC   0x000ff9       data     extern E:\c18v3.46\pic18-lt\cxx-framework\src\traditional\proc\p18f4620.asm
                   PCLATH   0x000ffa       data     extern E:\c18v3.46\pic18-lt\cxx-framework\src\traditional\proc\p18f4620.asm
                   PCLATU   0x000ffb       data     extern E:\c18v3.46\pic18-lt\cxx-framework\src\traditional\proc\p18f4620.asm
                   STKPTR   0x000ffc       data     extern E:\c18v3.46\pic18-lt\cxx-framework\src\traditional\proc\p18f4620.asm
               STKPTRbits   0x000ffc       data     extern E:\c18v3.46\pic18-lt\cxx-framework\src\traditional\proc\p18f4620.asm
                     TOSL   0x000ffd       data     extern E:\c18v3.46\pic18-lt\cxx-framework\src\traditional\proc\p18f4620.asm
                      TOS   0x000ffd       data     extern E:\c18v3.46\pic18-lt\cxx-framework\src\traditional\proc\p18f4620.asm
                     TOSH   0x000ffe       data     extern E:\c18v3.46\pic18-lt\cxx-framework\src\traditional\proc\p18f4620.asm
                     TOSU   0x000fff       data     extern E:\c18v3.46\pic18-lt\cxx-framework\src\traditional\proc\p18f4620.asm


