MPLINK 4.48, Linker
Linker Map File - Created Tue Jan 03 12:44:20 2023

                                 Section Info
                  Section       Type    Address   Location Size(Bytes)
                ---------  ---------  ---------  ---------  ---------
               _entry_scn       code   0x000000    program   0x000006
           .code___init.o       code   0x000006    program   0x000002
      InterruptVectorHigh       code   0x000008    program   0x000006
              SEED_DATA_i    romdata   0x00000e    program   0x000002
          .idata_uart.o_i    romdata   0x000010    program   0x000003
     .idata_interrupt.o_i    romdata   0x000013    program   0x000004
         .idata_c018i.o_i    romdata   0x000017    program   0x000000
           .idata_adc.o_i    romdata   0x000017    program   0x000000
        .idata___init.o_i    romdata   0x000017    program   0x000000
      .idata_fxd3232u.o_i    romdata   0x000017    program   0x000000
      .idata_fxd1616u.o_i    romdata   0x000017    program   0x000000
            .code_c018i.o       code   0x000018    program   0x000000
           .code_global.o       code   0x000018    program   0x000000
       InterruptVectorLow       code   0x000018    program   0x000006
                   .cinit    romdata   0x00001e    program   0x000086
              .code_lcd.o       code   0x0000a4    program   0x000e20
         .code_fsm_door.o       code   0x000ec4    program   0x000526
             .code_uart.o       code   0x0013ea    program   0x0004da
             .code_rfid.o       code   0x0018c4    program   0x000346
            .code_timer.o       code   0x001c0a    program   0x000258
           .code_button.o       code   0x001e62    program   0x000254
        .code_interrupt.o       code   0x0020b6    program   0x000188
             .code_main.o       code   0x00223e    program   0x000136
       .code_peripheral.o       code   0x002374    program   0x000118
                     PROG       code   0x00248c    program   0x0000e2
         .code_password.o       code   0x00256e    program   0x0000e0
               _cinit_scn       code   0x00264e    program   0x00009e
             .stringtable    romdata   0x0026ec    program   0x00008f
    .romdata_peripheral.o    romdata   0x00277b    program   0x000000
          .idata_main.o_i    romdata   0x00277b    program   0x000000
          .romdata_main.o    romdata   0x00277b    program   0x000000
      .romdata_fxd1616u.o    romdata   0x00277b    program   0x000000
      .idata_fxd2424u.o_i    romdata   0x00277b    program   0x000000
      .romdata_fxd2424u.o    romdata   0x00277b    program   0x000000
      .romdata_fxd3232u.o    romdata   0x00277b    program   0x000000
       .idata_fxm3232.o_i    romdata   0x00277b    program   0x000000
       .romdata_fxm3232.o    romdata   0x00277b    program   0x000000
           .romdata_adc.o    romdata   0x00277b    program   0x000000
        .romdata___init.o    romdata   0x00277b    program   0x000000
         .romdata_c018i.o    romdata   0x00277b    program   0x000000
        .romdata_global.o    romdata   0x00277b    program   0x000000
           .romdata_lcd.o    romdata   0x00277b    program   0x000000
      .romdata_fsm_door.o    romdata   0x00277b    program   0x000000
      .idata_fsm_door.o_i    romdata   0x00277b    program   0x000001
          .romdata_uart.o    romdata   0x00277b    program   0x000000
        .romdata_button.o    romdata   0x00277b    program   0x000000
         .romdata_timer.o    romdata   0x00277b    program   0x000000
          .romdata_rfid.o    romdata   0x00277b    program   0x000000
      .romdata_password.o    romdata   0x00277b    program   0x000000
     .romdata_interrupt.o    romdata   0x00277b    program   0x000000
              .code_adc.o       code   0x00277c    program   0x00008c
          .code_fxm3232.o       code   0x002808    program   0x000070
         .code_fxd3232u.o       code   0x002878    program   0x000048
                   STDLIB       code   0x0028c0    program   0x00003c
         .code_fxd2424u.o       code   0x0028fc    program   0x00003a
         .code_fxd1616u.o       code   0x002936    program   0x00002c
                    .code       code   0x002962    program   0x000020
             _startup_scn       code   0x002982    program   0x00001c
         .idata_timer.o_i    romdata   0x00299e    program   0x00000b
          .idata_rfid.o_i    romdata   0x0029a9    program   0x000017
    .idata_peripheral.o_i    romdata   0x0029c0    program   0x000012
      .idata_password.o_i    romdata   0x0029d2    program   0x000008
           .idata_lcd.o_i    romdata   0x0029da    program   0x000061
        .idata_global.o_i    romdata   0x002a3b    program   0x000002
        .idata_button.o_i    romdata   0x002a3d    program   0x000040
    .config_300001_main.o    romdata   0x300001    program   0x000001
    .config_300002_main.o    romdata   0x300002    program   0x000001
    .config_300003_main.o    romdata   0x300003    program   0x000001
    .config_300005_main.o    romdata   0x300005    program   0x000001
    .config_300006_main.o    romdata   0x300006    program   0x000001
    .config_300008_main.o    romdata   0x300008    program   0x000001
    .config_300009_main.o    romdata   0x300009    program   0x000001
    .config_30000a_main.o    romdata   0x30000a    program   0x000001
    .config_30000b_main.o    romdata   0x30000b    program   0x000001
    .config_30000c_main.o    romdata   0x30000c    program   0x000001
    .config_30000d_main.o    romdata   0x30000d    program   0x000001
                MATH_DATA      udata   0x000000       data   0x000014
                 .tmpdata      udata   0x000014       data   0x00000a
             .idata_lcd.o      idata   0x000080       data   0x000061
            .idata_rfid.o      idata   0x0000e1       data   0x000017
        .idata_password.o      idata   0x0000f8       data   0x000008
       .idata_interrupt.o      idata   0x000100       data   0x000004
            .idata_uart.o      idata   0x000104       data   0x000003
                SEED_DATA      idata   0x000107       data   0x000002
          .idata_global.o      idata   0x000109       data   0x000002
      .udata_peripheral.o      udata   0x00010b       data   0x000000
            .udata_main.o      udata   0x00010b       data   0x000000
            .idata_main.o      idata   0x00010b       data   0x000000
        .udata_fxd1616u.o      udata   0x00010b       data   0x000000
        .idata_fxd1616u.o      idata   0x00010b       data   0x000000
        .udata_fxd2424u.o      udata   0x00010b       data   0x000000
        .idata_fxd2424u.o      idata   0x00010b       data   0x000000
        .udata_fxd3232u.o      udata   0x00010b       data   0x000000
        .idata_fxd3232u.o      idata   0x00010b       data   0x000000
          .idata___init.o      idata   0x00010b       data   0x000000
         .udata_fxm3232.o      udata   0x00010b       data   0x000000
         .idata_fxm3232.o      idata   0x00010b       data   0x000000
          .udata___init.o      udata   0x00010b       data   0x000000
            .udata_rfid.o      udata   0x00010b       data   0x000000
          .udata_global.o      udata   0x00010b       data   0x000000
           .idata_c018i.o      idata   0x00010b       data   0x000000
             .udata_adc.o      udata   0x00010b       data   0x000000
        .udata_fsm_door.o      udata   0x00010b       data   0x000000
             .idata_adc.o      idata   0x00010b       data   0x000000
       .udata_interrupt.o      udata   0x00010b       data   0x000000
           .udata_timer.o      udata   0x00010b       data   0x000000
          .udata_button.o      udata   0x00010b       data   0x000000
                   .stack      udata   0x000e00       data   0x000100
          .idata_button.o      idata   0x000f00       data   0x000040
      .idata_peripheral.o      idata   0x000f40       data   0x000012
            .udata_uart.o      udata   0x000f52       data   0x00000e
           .idata_timer.o      idata   0x000f60       data   0x00000b
           .udata_c018i.o      udata   0x000f6b       data   0x00000a
        .udata_password.o      udata   0x000f75       data   0x000006
             .udata_lcd.o      udata   0x000f7b       data   0x000004
        .idata_fsm_door.o      idata   0x000f7f       data   0x000001
            SFR_UNBANKED0      udata   0x000f80       data   0x000080



                              Program Memory Usage 
                               Start         End      
                           ---------   ---------      
                            0x000000    0x000016      
                            0x000018    0x002a7c      
                            0x300001    0x300003      
                            0x300005    0x300006      
                            0x300008    0x30000d      
            10887 out of 66584 program addresses used, program memory utilization is 16%



                              Symbols - Sorted by Name
                     Name    Address   Location    Storage File                     
                ---------  ---------  ---------  --------- ---------                
            CheckPassword   0x00256e    program     extern D:\MPLABProjects\SmartDoor.X\password\password.c
                   D1616S   0x0024ae    program     static E:\c18v3.46\pic18-lt\cxx-framework\src\traditional\math\fxd1616s.asm
                D1616SNEG   0x0024bc    program     static E:\c18v3.46\pic18-lt\cxx-framework\src\traditional\math\fxd1616s.asm
                 D1616SOK   0x0024b8    program     static E:\c18v3.46\pic18-lt\cxx-framework\src\traditional\math\fxd1616s.asm
                  D1616SX   0x0024ce    program     static E:\c18v3.46\pic18-lt\cxx-framework\src\traditional\math\fxd1616s.asm
                   D2424S   0x002502    program     static E:\c18v3.46\pic18-lt\cxx-framework\src\traditional\math\fxd2424s.asm
                D2424SNEG   0x002510    program     static E:\c18v3.46\pic18-lt\cxx-framework\src\traditional\math\fxd2424s.asm
                 D2424SOK   0x00250c    program     static E:\c18v3.46\pic18-lt\cxx-framework\src\traditional\math\fxd2424s.asm
                  D2424SX   0x002528    program     static E:\c18v3.46\pic18-lt\cxx-framework\src\traditional\math\fxd2424s.asm
                  DA1616S   0x00249e    program     static E:\c18v3.46\pic18-lt\cxx-framework\src\traditional\math\fxd1616s.asm
                  DA2424S   0x0024ee    program     static E:\c18v3.46\pic18-lt\cxx-framework\src\traditional\math\fxd2424s.asm
         DisplayLcdScreen   0x0009e2    program     extern D:\MPLABProjects\SmartDoor.X\lcd\lcd.c
        DisplayLcdScreen2   0x000ada    program     extern D:\MPLABProjects\SmartDoor.X\lcd\lcd.c
      DisplayLcdScreenOld   0x000b60    program     extern D:\MPLABProjects\SmartDoor.X\lcd\lcd.c
                 FXD1616S   0x00248c    program     extern E:\c18v3.46\pic18-lt\cxx-framework\src\traditional\math\fxd1616s.asm
                 FXD1616U   0x002936    program     extern E:\c18v3.46\pic18-lt\cxx-framework\src\traditional\math\fxd1616u.c
                 FXD2424S   0x0024d8    program     extern E:\c18v3.46\pic18-lt\cxx-framework\src\traditional\math\fxd2424s.asm
                 FXD2424U   0x0028fc    program     extern E:\c18v3.46\pic18-lt\cxx-framework\src\traditional\math\fxd2424u.c
                 FXD3232U   0x002878    program     extern E:\c18v3.46\pic18-lt\cxx-framework\src\traditional\math\fxd3232u.c
                 FXM1616U   0x002532    program     extern E:\c18v3.46\pic18-lt\cxx-framework\src\traditional\math\fxm1616u.asm
                  FXM3232   0x002808    program     extern E:\c18v3.46\pic18-lt\cxx-framework\src\traditional\math\fxm3232.c
      InterruptVectorHigh   0x000008    program     extern D:\MPLABProjects\SmartDoor.X\interrupt\interrupt.c
       InterruptVectorLow   0x000018    program     extern D:\MPLABProjects\SmartDoor.X\interrupt\interrupt.c
                LcdClearS   0x000984    program     extern D:\MPLABProjects\SmartDoor.X\lcd\lcd.c
            LcdPrintCharS   0x000bca    program     extern D:\MPLABProjects\SmartDoor.X\lcd\lcd.c
              LcdPrintNum   0x0008c2    program     extern D:\MPLABProjects\SmartDoor.X\lcd\lcd.c
             LcdPrintNumS   0x000c20    program     extern D:\MPLABProjects\SmartDoor.X\lcd\lcd.c
           LcdPrintString   0x00090a    program     extern D:\MPLABProjects\SmartDoor.X\lcd\lcd.c
          LcdPrintStringS   0x000e6e    program     extern D:\MPLABProjects\SmartDoor.X\lcd\lcd.c
             SetTimer1_ms   0x001dee    program     extern D:\MPLABProjects\SmartDoor.X\timer\timer.c
             SetTimer2_ms   0x001db4    program     extern D:\MPLABProjects\SmartDoor.X\timer\timer.c
             SetTimer3_ms   0x001e28    program     extern D:\MPLABProjects\SmartDoor.X\timer\timer.c
      UartSendConstString   0x00152c    program     extern D:\MPLABProjects\SmartDoor.X\uart\uart.c
              UartSendNum   0x00165a    program     extern D:\MPLABProjects\SmartDoor.X\uart\uart.c
           UartSendString   0x0014ec    program     extern D:\MPLABProjects\SmartDoor.X\uart\uart.c
       ___return_lbl00000   0x002876    program     static                          
       ___return_lbl00000   0x000004    program     static                          
       ___return_lbl00000   0x002960    program     static                          
       ___return_lbl00000   0x0028be    program     static                          
       ___return_lbl00000   0x002934    program     static                          
       ___return_lbl00001   0x00299c    program     static                          
       ___return_lbl00002   0x0026ea    program     static                          
       ___return_lbl00002   0x00001c    program     static                          
       ___return_lbl00003   0x00000c    program     static                          
               __config_0   0x300001    program     static D:\MPLABProjects\SmartDoor.X\main\main.c
               __config_1   0x300002    program     static D:\MPLABProjects\SmartDoor.X\main\main.c
              __config_10   0x30000d    program     static D:\MPLABProjects\SmartDoor.X\main\main.c
               __config_2   0x300003    program     static D:\MPLABProjects\SmartDoor.X\main\main.c
               __config_3   0x300005    program     static D:\MPLABProjects\SmartDoor.X\main\main.c
               __config_4   0x300006    program     static D:\MPLABProjects\SmartDoor.X\main\main.c
               __config_5   0x300008    program     static D:\MPLABProjects\SmartDoor.X\main\main.c
               __config_6   0x300009    program     static D:\MPLABProjects\SmartDoor.X\main\main.c
               __config_7   0x30000a    program     static D:\MPLABProjects\SmartDoor.X\main\main.c
               __config_8   0x30000b    program     static D:\MPLABProjects\SmartDoor.X\main\main.c
               __config_9   0x30000c    program     static D:\MPLABProjects\SmartDoor.X\main\main.c
                   __init   0x000006    program     extern E:\c18v3.46\pic18-lt\cxx-framework\src\traditional\stdclib\__init.c
               __string_0   0x00276a    program     static D:\MPLABProjects\SmartDoor.X\fsm_door\fsm_door.c
               __string_1   0x002759    program     static D:\MPLABProjects\SmartDoor.X\fsm_door\fsm_door.c
               __string_2   0x00274f    program     static D:\MPLABProjects\SmartDoor.X\fsm_door\fsm_door.c
               __string_3   0x002743    program     static D:\MPLABProjects\SmartDoor.X\fsm_door\fsm_door.c
               __string_4   0x002732    program     static D:\MPLABProjects\SmartDoor.X\fsm_door\fsm_door.c
               __string_5   0x002730    program     static D:\MPLABProjects\SmartDoor.X\fsm_door\fsm_door.c
               __string_6   0x00271f    program     static D:\MPLABProjects\SmartDoor.X\fsm_door\fsm_door.c
               __string_7   0x00270e    program     static D:\MPLABProjects\SmartDoor.X\fsm_door\fsm_door.c
               __string_8   0x0026fd    program     static D:\MPLABProjects\SmartDoor.X\fsm_door\fsm_door.c
               __string_9   0x0026ec    program     static D:\MPLABProjects\SmartDoor.X\fsm_door\fsm_door.c
            __zero_memory   0x002962    program     extern E:\c18v3.46\pic18-lt\cxx-framework\src\traditional\proc\p18f4620.asm
                _do_cinit   0x00264e    program     extern E:\c18v3.46\pic18-lt\cxx-framework\src\traditional\startup\c018i.c
                   _entry   0x000000    program     extern E:\c18v3.46\pic18-lt\cxx-framework\src\traditional\startup\c018i.c
                   _false   0x0028ba    program     static                          
                   _false   0x002930    program     static                          
                 _startup   0x002982    program     extern E:\c18v3.46\pic18-lt\cxx-framework\src\traditional\startup\c018i.c
                buzzerOff   0x002488    program     extern D:\MPLABProjects\SmartDoor.X\peripheral\peripheral.c
                 buzzerOn   0x002484    program     extern D:\MPLABProjects\SmartDoor.X\peripheral\peripheral.c
               check_rfid   0x0018c4    program     extern D:\MPLABProjects\SmartDoor.X\rfid\rfid.c
                compare_l   0x002978    program     static E:\c18v3.46\pic18-lt\cxx-framework\src\traditional\proc\p18f4620.asm
                copy_loop   0x0026c0    program     static                          
            copy_one_byte   0x0026c6    program     static                          
                 delay_ms   0x0022a0    program     extern D:\MPLABProjects\SmartDoor.X\main\main.c
                     done   0x0026ea    program     static                          
             done_copying   0x0026d4    program     static                          
                  endloop   0x00295c    program     static                          
       fsm_door_mode1_run   0x000efa    program     extern D:\MPLABProjects\SmartDoor.X\fsm_door\fsm_door.c
       fsm_door_mode2_run   0x001160    program     extern D:\MPLABProjects\SmartDoor.X\fsm_door\fsm_door.c
      fsm_switch_mode_run   0x000ec4    program     extern D:\MPLABProjects\SmartDoor.X\fsm_door\fsm_door.c
            generate_pass   0x0025b6    program     extern D:\MPLABProjects\SmartDoor.X\password\password.c
            get_adc_value   0x00278a    program     extern D:\MPLABProjects\SmartDoor.X\adc\adc.c
                 hexstr2l   0x001a64    program     extern D:\MPLABProjects\SmartDoor.X\rfid\rfid.c
                 high_isr   0x00218c    program     extern D:\MPLABProjects\SmartDoor.X\interrupt\interrupt.c
                 init_adc   0x00277c    program     extern D:\MPLABProjects\SmartDoor.X\adc\adc.c
            init_ext_int0   0x0020be    program     extern D:\MPLABProjects\SmartDoor.X\interrupt\interrupt.c
           init_interrupt   0x0020b6    program     extern D:\MPLABProjects\SmartDoor.X\interrupt\interrupt.c
          init_key_matrix   0x001e62    program     extern D:\MPLABProjects\SmartDoor.X\button_matrix\button.c
init_key_matrix_with_uart   0x001e6a    program     extern D:\MPLABProjects\SmartDoor.X\button_matrix\button.c
                 init_lcd   0x000244    program     extern D:\MPLABProjects\SmartDoor.X\lcd\lcd.c
          init_peripheral   0x002374    program     extern D:\MPLABProjects\SmartDoor.X\peripheral\peripheral.c
              init_system   0x002328    program     extern D:\MPLABProjects\SmartDoor.X\main\main.c
              init_timer3   0x001c0a    program     extern D:\MPLABProjects\SmartDoor.X\timer\timer.c
                init_uart   0x0013ea    program     extern D:\MPLABProjects\SmartDoor.X\uart\uart.c
            isButtonEnter   0x00240a    program     extern D:\MPLABProjects\SmartDoor.X\peripheral\peripheral.c
           isButtonNumber   0x002386    program     extern D:\MPLABProjects\SmartDoor.X\peripheral\peripheral.c
               isDoorOpen   0x002380    program     extern D:\MPLABProjects\SmartDoor.X\peripheral\peripheral.c
                lcd_clear   0x000596    program     extern D:\MPLABProjects\SmartDoor.X\lcd\lcd.c
                lcd_delay   0x0000a4    program     extern D:\MPLABProjects\SmartDoor.X\lcd\lcd.c
             lcd_power_of   0x0005aa    program     extern D:\MPLABProjects\SmartDoor.X\lcd\lcd.c
           lcd_print_char   0x000502    program     extern D:\MPLABProjects\SmartDoor.X\lcd\lcd.c
          lcd_print_charS   0x00093e    program     extern D:\MPLABProjects\SmartDoor.X\lcd\lcd.c
            lcd_print_num   0x00068c    program     extern D:\MPLABProjects\SmartDoor.X\lcd\lcd.c
            lcd_print_str   0x00051c    program     extern D:\MPLABProjects\SmartDoor.X\lcd\lcd.c
              lcd_putchar   0x0004e8    program     extern D:\MPLABProjects\SmartDoor.X\lcd\lcd.c
          lcd_read_status   0x000352    program     extern D:\MPLABProjects\SmartDoor.X\lcd\lcd.c
          lcd_sendCommand   0x0001c4    program     extern D:\MPLABProjects\SmartDoor.X\lcd\lcd.c
           lcd_set_cursor   0x00055c    program     extern D:\MPLABProjects\SmartDoor.X\lcd\lcd.c
            lcd_wait_busy   0x000408    program     extern D:\MPLABProjects\SmartDoor.X\lcd\lcd.c
          lcd_write_4bits   0x000428    program     extern D:\MPLABProjects\SmartDoor.X\lcd\lcd.c
            lcd_write_cmd   0x00046e    program     extern D:\MPLABProjects\SmartDoor.X\lcd\lcd.c
           lcd_write_data   0x0004aa    program     extern D:\MPLABProjects\SmartDoor.X\lcd\lcd.c
                     loop   0x002908    program     static                          
                     loop   0x002940    program     static                          
                     loop   0x002886    program     static                          
                     loop   0x002992    program     static                          
                   loop_h   0x002970    program     static E:\c18v3.46\pic18-lt\cxx-framework\src\traditional\proc\p18f4620.asm
                   loop_l   0x00297a    program     static E:\c18v3.46\pic18-lt\cxx-framework\src\traditional\proc\p18f4620.asm
                  low_isr   0x0020c6    program     extern D:\MPLABProjects\SmartDoor.X\interrupt\interrupt.c
                     main   0x00223e    program     extern D:\MPLABProjects\SmartDoor.X\main\main.c
                 openDoor   0x00241a    program     extern D:\MPLABProjects\SmartDoor.X\peripheral\peripheral.c
           openDoorInside   0x00242c    program     extern D:\MPLABProjects\SmartDoor.X\peripheral\peripheral.c
          openDoorOutside   0x002454    program     extern D:\MPLABProjects\SmartDoor.X\peripheral\peripheral.c
                     rand   0x0028ce    program     extern E:\c18v3.46\pic18-lt\cxx-framework\src\traditional\stdclib\rand.asm
          scan_key_matrix   0x001e7c    program     extern D:\MPLABProjects\SmartDoor.X\button_matrix\button.c
scan_key_matrix_with_uart   0x001f94    program     extern D:\MPLABProjects\SmartDoor.X\button_matrix\button.c
                    srand   0x0028c0    program     extern E:\c18v3.46\pic18-lt\cxx-framework\src\traditional\stdclib\rand.asm
             start_timer3   0x001cc0    program     extern D:\MPLABProjects\SmartDoor.X\timer\timer.c
              stop_timer3   0x001d4c    program     extern D:\MPLABProjects\SmartDoor.X\timer\timer.c
                     test   0x002668    program     static                          
               timer3_isr   0x001d50    program     extern D:\MPLABProjects\SmartDoor.X\timer\timer.c
            uart_delay_ms   0x001408    program     extern D:\MPLABProjects\SmartDoor.X\uart\uart.c
                 uart_isr   0x001890    program     extern D:\MPLABProjects\SmartDoor.X\uart\uart.c
            uart_power_of   0x001578    program     extern D:\MPLABProjects\SmartDoor.X\uart\uart.c
             uart_putchar   0x001490    program     extern D:\MPLABProjects\SmartDoor.X\uart\uart.c
            uart_send_str   0x0014ac    program     extern D:\MPLABProjects\SmartDoor.X\uart\uart.c
                 v_timer0   0x000134    program     extern D:\MPLABProjects\SmartDoor.X\lcd\lcd.c
               zero_block   0x002970    program     static E:\c18v3.46\pic18-lt\cxx-framework\src\traditional\proc\p18f4620.asm
                   ADCON0   0x000fc2       data     extern E:\c18v3.46\pic18-lt\cxx-framework\src\traditional\proc\p18f4620.asm
               ADCON0bits   0x000fc2       data     extern E:\c18v3.46\pic18-lt\cxx-framework\src\traditional\proc\p18f4620.asm
                   ADCON1   0x000fc1       data     extern E:\c18v3.46\pic18-lt\cxx-framework\src\traditional\proc\p18f4620.asm
               ADCON1bits   0x000fc1       data     extern E:\c18v3.46\pic18-lt\cxx-framework\src\traditional\proc\p18f4620.asm
                   ADCON2   0x000fc0       data     extern E:\c18v3.46\pic18-lt\cxx-framework\src\traditional\proc\p18f4620.asm
               ADCON2bits   0x000fc0       data     extern E:\c18v3.46\pic18-lt\cxx-framework\src\traditional\proc\p18f4620.asm
                    ADRES   0x000fc3       data     extern E:\c18v3.46\pic18-lt\cxx-framework\src\traditional\proc\p18f4620.asm
                   ADRESH   0x000fc4       data     extern E:\c18v3.46\pic18-lt\cxx-framework\src\traditional\proc\p18f4620.asm
                   ADRESL   0x000fc3       data     extern E:\c18v3.46\pic18-lt\cxx-framework\src\traditional\proc\p18f4620.asm
                  BAUDCON   0x000fb8       data     extern E:\c18v3.46\pic18-lt\cxx-framework\src\traditional\proc\p18f4620.asm
              BAUDCONbits   0x000fb8       data     extern E:\c18v3.46\pic18-lt\cxx-framework\src\traditional\proc\p18f4620.asm
                  BAUDCTL   0x000fb8       data     extern E:\c18v3.46\pic18-lt\cxx-framework\src\traditional\proc\p18f4620.asm
              BAUDCTLbits   0x000fb8       data     extern E:\c18v3.46\pic18-lt\cxx-framework\src\traditional\proc\p18f4620.asm
                      BSR   0x000fe0       data     extern E:\c18v3.46\pic18-lt\cxx-framework\src\traditional\proc\p18f4620.asm
                  CCP1CON   0x000fbd       data     extern E:\c18v3.46\pic18-lt\cxx-framework\src\traditional\proc\p18f4620.asm
              CCP1CONbits   0x000fbd       data     extern E:\c18v3.46\pic18-lt\cxx-framework\src\traditional\proc\p18f4620.asm
                  CCP2CON   0x000fba       data     extern E:\c18v3.46\pic18-lt\cxx-framework\src\traditional\proc\p18f4620.asm
              CCP2CONbits   0x000fba       data     extern E:\c18v3.46\pic18-lt\cxx-framework\src\traditional\proc\p18f4620.asm
                    CCPR1   0x000fbe       data     extern E:\c18v3.46\pic18-lt\cxx-framework\src\traditional\proc\p18f4620.asm
                   CCPR1H   0x000fbf       data     extern E:\c18v3.46\pic18-lt\cxx-framework\src\traditional\proc\p18f4620.asm
                   CCPR1L   0x000fbe       data     extern E:\c18v3.46\pic18-lt\cxx-framework\src\traditional\proc\p18f4620.asm
                    CCPR2   0x000fbb       data     extern E:\c18v3.46\pic18-lt\cxx-framework\src\traditional\proc\p18f4620.asm
                   CCPR2H   0x000fbc       data     extern E:\c18v3.46\pic18-lt\cxx-framework\src\traditional\proc\p18f4620.asm
                   CCPR2L   0x000fbb       data     extern E:\c18v3.46\pic18-lt\cxx-framework\src\traditional\proc\p18f4620.asm
                    CMCON   0x000fb4       data     extern E:\c18v3.46\pic18-lt\cxx-framework\src\traditional\proc\p18f4620.asm
                CMCONbits   0x000fb4       data     extern E:\c18v3.46\pic18-lt\cxx-framework\src\traditional\proc\p18f4620.asm
                   CVRCON   0x000fb5       data     extern E:\c18v3.46\pic18-lt\cxx-framework\src\traditional\proc\p18f4620.asm
               CVRCONbits   0x000fb5       data     extern E:\c18v3.46\pic18-lt\cxx-framework\src\traditional\proc\p18f4620.asm
                     DDRA   0x000f92       data     extern E:\c18v3.46\pic18-lt\cxx-framework\src\traditional\proc\p18f4620.asm
                 DDRAbits   0x000f92       data     extern E:\c18v3.46\pic18-lt\cxx-framework\src\traditional\proc\p18f4620.asm
                     DDRB   0x000f93       data     extern E:\c18v3.46\pic18-lt\cxx-framework\src\traditional\proc\p18f4620.asm
                 DDRBbits   0x000f93       data     extern E:\c18v3.46\pic18-lt\cxx-framework\src\traditional\proc\p18f4620.asm
                     DDRC   0x000f94       data     extern E:\c18v3.46\pic18-lt\cxx-framework\src\traditional\proc\p18f4620.asm
                 DDRCbits   0x000f94       data     extern E:\c18v3.46\pic18-lt\cxx-framework\src\traditional\proc\p18f4620.asm
                     DDRD   0x000f95       data     extern E:\c18v3.46\pic18-lt\cxx-framework\src\traditional\proc\p18f4620.asm
                 DDRDbits   0x000f95       data     extern E:\c18v3.46\pic18-lt\cxx-framework\src\traditional\proc\p18f4620.asm
                     DDRE   0x000f96       data     extern E:\c18v3.46\pic18-lt\cxx-framework\src\traditional\proc\p18f4620.asm
                 DDREbits   0x000f96       data     extern E:\c18v3.46\pic18-lt\cxx-framework\src\traditional\proc\p18f4620.asm
                  ECCP1AS   0x000fb6       data     extern E:\c18v3.46\pic18-lt\cxx-framework\src\traditional\proc\p18f4620.asm
              ECCP1ASbits   0x000fb6       data     extern E:\c18v3.46\pic18-lt\cxx-framework\src\traditional\proc\p18f4620.asm
                    EEADR   0x000fa9       data     extern E:\c18v3.46\pic18-lt\cxx-framework\src\traditional\proc\p18f4620.asm
                   EEADRH   0x000faa       data     extern E:\c18v3.46\pic18-lt\cxx-framework\src\traditional\proc\p18f4620.asm
                   EECON1   0x000fa6       data     extern E:\c18v3.46\pic18-lt\cxx-framework\src\traditional\proc\p18f4620.asm
               EECON1bits   0x000fa6       data     extern E:\c18v3.46\pic18-lt\cxx-framework\src\traditional\proc\p18f4620.asm
                   EECON2   0x000fa7       data     extern E:\c18v3.46\pic18-lt\cxx-framework\src\traditional\proc\p18f4620.asm
                   EEDATA   0x000fa8       data     extern E:\c18v3.46\pic18-lt\cxx-framework\src\traditional\proc\p18f4620.asm
                     FSR0   0x000fe9       data     extern E:\c18v3.46\pic18-lt\cxx-framework\src\traditional\proc\p18f4620.asm
                    FSR0H   0x000fea       data     extern E:\c18v3.46\pic18-lt\cxx-framework\src\traditional\proc\p18f4620.asm
                    FSR0L   0x000fe9       data     extern E:\c18v3.46\pic18-lt\cxx-framework\src\traditional\proc\p18f4620.asm
                     FSR1   0x000fe1       data     extern E:\c18v3.46\pic18-lt\cxx-framework\src\traditional\proc\p18f4620.asm
                    FSR1H   0x000fe2       data     extern E:\c18v3.46\pic18-lt\cxx-framework\src\traditional\proc\p18f4620.asm
                    FSR1L   0x000fe1       data     extern E:\c18v3.46\pic18-lt\cxx-framework\src\traditional\proc\p18f4620.asm
                     FSR2   0x000fd9       data     extern E:\c18v3.46\pic18-lt\cxx-framework\src\traditional\proc\p18f4620.asm
                    FSR2H   0x000fda       data     extern E:\c18v3.46\pic18-lt\cxx-framework\src\traditional\proc\p18f4620.asm
                    FSR2L   0x000fd9       data     extern E:\c18v3.46\pic18-lt\cxx-framework\src\traditional\proc\p18f4620.asm
                  HLVDCON   0x000fd2       data     extern E:\c18v3.46\pic18-lt\cxx-framework\src\traditional\proc\p18f4620.asm
              HLVDCONbits   0x000fd2       data     extern E:\c18v3.46\pic18-lt\cxx-framework\src\traditional\proc\p18f4620.asm
                    INDF0   0x000fef       data     extern E:\c18v3.46\pic18-lt\cxx-framework\src\traditional\proc\p18f4620.asm
                    INDF1   0x000fe7       data     extern E:\c18v3.46\pic18-lt\cxx-framework\src\traditional\proc\p18f4620.asm
                    INDF2   0x000fdf       data     extern E:\c18v3.46\pic18-lt\cxx-framework\src\traditional\proc\p18f4620.asm
                   INTCON   0x000ff2       data     extern E:\c18v3.46\pic18-lt\cxx-framework\src\traditional\proc\p18f4620.asm
                  INTCON2   0x000ff1       data     extern E:\c18v3.46\pic18-lt\cxx-framework\src\traditional\proc\p18f4620.asm
              INTCON2bits   0x000ff1       data     extern E:\c18v3.46\pic18-lt\cxx-framework\src\traditional\proc\p18f4620.asm
                  INTCON3   0x000ff0       data     extern E:\c18v3.46\pic18-lt\cxx-framework\src\traditional\proc\p18f4620.asm
              INTCON3bits   0x000ff0       data     extern E:\c18v3.46\pic18-lt\cxx-framework\src\traditional\proc\p18f4620.asm
               INTCONbits   0x000ff2       data     extern E:\c18v3.46\pic18-lt\cxx-framework\src\traditional\proc\p18f4620.asm
                     IPR1   0x000f9f       data     extern E:\c18v3.46\pic18-lt\cxx-framework\src\traditional\proc\p18f4620.asm
                 IPR1bits   0x000f9f       data     extern E:\c18v3.46\pic18-lt\cxx-framework\src\traditional\proc\p18f4620.asm
                     IPR2   0x000fa2       data     extern E:\c18v3.46\pic18-lt\cxx-framework\src\traditional\proc\p18f4620.asm
                 IPR2bits   0x000fa2       data     extern E:\c18v3.46\pic18-lt\cxx-framework\src\traditional\proc\p18f4620.asm
                     LATA   0x000f89       data     extern E:\c18v3.46\pic18-lt\cxx-framework\src\traditional\proc\p18f4620.asm
                 LATAbits   0x000f89       data     extern E:\c18v3.46\pic18-lt\cxx-framework\src\traditional\proc\p18f4620.asm
                     LATB   0x000f8a       data     extern E:\c18v3.46\pic18-lt\cxx-framework\src\traditional\proc\p18f4620.asm
                 LATBbits   0x000f8a       data     extern E:\c18v3.46\pic18-lt\cxx-framework\src\traditional\proc\p18f4620.asm
                     LATC   0x000f8b       data     extern E:\c18v3.46\pic18-lt\cxx-framework\src\traditional\proc\p18f4620.asm
                 LATCbits   0x000f8b       data     extern E:\c18v3.46\pic18-lt\cxx-framework\src\traditional\proc\p18f4620.asm
                     LATD   0x000f8c       data     extern E:\c18v3.46\pic18-lt\cxx-framework\src\traditional\proc\p18f4620.asm
                 LATDbits   0x000f8c       data     extern E:\c18v3.46\pic18-lt\cxx-framework\src\traditional\proc\p18f4620.asm
                     LATE   0x000f8d       data     extern E:\c18v3.46\pic18-lt\cxx-framework\src\traditional\proc\p18f4620.asm
                 LATEbits   0x000f8d       data     extern E:\c18v3.46\pic18-lt\cxx-framework\src\traditional\proc\p18f4620.asm
                   LVDCON   0x000fd2       data     extern E:\c18v3.46\pic18-lt\cxx-framework\src\traditional\proc\p18f4620.asm
               LVDCONbits   0x000fd2       data     extern E:\c18v3.46\pic18-lt\cxx-framework\src\traditional\proc\p18f4620.asm
                LcdScreen   0x0000c1       data     extern D:\MPLABProjects\SmartDoor.X\lcd\lcd.c
                   OSCCON   0x000fd3       data     extern E:\c18v3.46\pic18-lt\cxx-framework\src\traditional\proc\p18f4620.asm
               OSCCONbits   0x000fd3       data     extern E:\c18v3.46\pic18-lt\cxx-framework\src\traditional\proc\p18f4620.asm
                  OSCTUNE   0x000f9b       data     extern E:\c18v3.46\pic18-lt\cxx-framework\src\traditional\proc\p18f4620.asm
              OSCTUNEbits   0x000f9b       data     extern E:\c18v3.46\pic18-lt\cxx-framework\src\traditional\proc\p18f4620.asm
                       PC   0x000ff9       data     extern E:\c18v3.46\pic18-lt\cxx-framework\src\traditional\proc\p18f4620.asm
                      PCL   0x000ff9       data     extern E:\c18v3.46\pic18-lt\cxx-framework\src\traditional\proc\p18f4620.asm
                   PCLATH   0x000ffa       data     extern E:\c18v3.46\pic18-lt\cxx-framework\src\traditional\proc\p18f4620.asm
                   PCLATU   0x000ffb       data     extern E:\c18v3.46\pic18-lt\cxx-framework\src\traditional\proc\p18f4620.asm
                     PIE1   0x000f9d       data     extern E:\c18v3.46\pic18-lt\cxx-framework\src\traditional\proc\p18f4620.asm
                 PIE1bits   0x000f9d       data     extern E:\c18v3.46\pic18-lt\cxx-framework\src\traditional\proc\p18f4620.asm
                     PIE2   0x000fa0       data     extern E:\c18v3.46\pic18-lt\cxx-framework\src\traditional\proc\p18f4620.asm
                 PIE2bits   0x000fa0       data     extern E:\c18v3.46\pic18-lt\cxx-framework\src\traditional\proc\p18f4620.asm
                     PIR1   0x000f9e       data     extern E:\c18v3.46\pic18-lt\cxx-framework\src\traditional\proc\p18f4620.asm
                 PIR1bits   0x000f9e       data     extern E:\c18v3.46\pic18-lt\cxx-framework\src\traditional\proc\p18f4620.asm
                     PIR2   0x000fa1       data     extern E:\c18v3.46\pic18-lt\cxx-framework\src\traditional\proc\p18f4620.asm
                 PIR2bits   0x000fa1       data     extern E:\c18v3.46\pic18-lt\cxx-framework\src\traditional\proc\p18f4620.asm
                   PLUSW0   0x000feb       data     extern E:\c18v3.46\pic18-lt\cxx-framework\src\traditional\proc\p18f4620.asm
                   PLUSW1   0x000fe3       data     extern E:\c18v3.46\pic18-lt\cxx-framework\src\traditional\proc\p18f4620.asm
                   PLUSW2   0x000fdb       data     extern E:\c18v3.46\pic18-lt\cxx-framework\src\traditional\proc\p18f4620.asm
                    PORTA   0x000f80       data     extern E:\c18v3.46\pic18-lt\cxx-framework\src\traditional\proc\p18f4620.asm
                PORTAbits   0x000f80       data     extern E:\c18v3.46\pic18-lt\cxx-framework\src\traditional\proc\p18f4620.asm
                    PORTB   0x000f81       data     extern E:\c18v3.46\pic18-lt\cxx-framework\src\traditional\proc\p18f4620.asm
                PORTBbits   0x000f81       data     extern E:\c18v3.46\pic18-lt\cxx-framework\src\traditional\proc\p18f4620.asm
                    PORTC   0x000f82       data     extern E:\c18v3.46\pic18-lt\cxx-framework\src\traditional\proc\p18f4620.asm
                PORTCbits   0x000f82       data     extern E:\c18v3.46\pic18-lt\cxx-framework\src\traditional\proc\p18f4620.asm
                    PORTD   0x000f83       data     extern E:\c18v3.46\pic18-lt\cxx-framework\src\traditional\proc\p18f4620.asm
                PORTDbits   0x000f83       data     extern E:\c18v3.46\pic18-lt\cxx-framework\src\traditional\proc\p18f4620.asm
                    PORTE   0x000f84       data     extern E:\c18v3.46\pic18-lt\cxx-framework\src\traditional\proc\p18f4620.asm
                PORTEbits   0x000f84       data     extern E:\c18v3.46\pic18-lt\cxx-framework\src\traditional\proc\p18f4620.asm
                 POSTDEC0   0x000fed       data     extern E:\c18v3.46\pic18-lt\cxx-framework\src\traditional\proc\p18f4620.asm
                 POSTDEC1   0x000fe5       data     extern E:\c18v3.46\pic18-lt\cxx-framework\src\traditional\proc\p18f4620.asm
                 POSTDEC2   0x000fdd       data     extern E:\c18v3.46\pic18-lt\cxx-framework\src\traditional\proc\p18f4620.asm
                 POSTINC0   0x000fee       data     extern E:\c18v3.46\pic18-lt\cxx-framework\src\traditional\proc\p18f4620.asm
                 POSTINC1   0x000fe6       data     extern E:\c18v3.46\pic18-lt\cxx-framework\src\traditional\proc\p18f4620.asm
                 POSTINC2   0x000fde       data     extern E:\c18v3.46\pic18-lt\cxx-framework\src\traditional\proc\p18f4620.asm
                      PR2   0x000fcb       data     extern E:\c18v3.46\pic18-lt\cxx-framework\src\traditional\proc\p18f4620.asm
                  PREINC0   0x000fec       data     extern E:\c18v3.46\pic18-lt\cxx-framework\src\traditional\proc\p18f4620.asm
                  PREINC1   0x000fe4       data     extern E:\c18v3.46\pic18-lt\cxx-framework\src\traditional\proc\p18f4620.asm
                  PREINC2   0x000fdc       data     extern E:\c18v3.46\pic18-lt\cxx-framework\src\traditional\proc\p18f4620.asm
                     PROD   0x000ff3       data     extern E:\c18v3.46\pic18-lt\cxx-framework\src\traditional\proc\p18f4620.asm
                    PRODH   0x000ff4       data     extern E:\c18v3.46\pic18-lt\cxx-framework\src\traditional\proc\p18f4620.asm
                    PRODL   0x000ff3       data     extern E:\c18v3.46\pic18-lt\cxx-framework\src\traditional\proc\p18f4620.asm
                  PWM1CON   0x000fb7       data     extern E:\c18v3.46\pic18-lt\cxx-framework\src\traditional\proc\p18f4620.asm
              PWM1CONbits   0x000fb7       data     extern E:\c18v3.46\pic18-lt\cxx-framework\src\traditional\proc\p18f4620.asm
                     RCON   0x000fd0       data     extern E:\c18v3.46\pic18-lt\cxx-framework\src\traditional\proc\p18f4620.asm
                 RCONbits   0x000fd0       data     extern E:\c18v3.46\pic18-lt\cxx-framework\src\traditional\proc\p18f4620.asm
                    RCREG   0x000fae       data     extern E:\c18v3.46\pic18-lt\cxx-framework\src\traditional\proc\p18f4620.asm
                    RCSTA   0x000fab       data     extern E:\c18v3.46\pic18-lt\cxx-framework\src\traditional\proc\p18f4620.asm
                RCSTAbits   0x000fab       data     extern E:\c18v3.46\pic18-lt\cxx-framework\src\traditional\proc\p18f4620.asm
             ReadValueAdc   0x000f4c       data     extern D:\MPLABProjects\SmartDoor.X\peripheral\peripheral.c
                     SIGN   0x000000       data     extern E:\c18v3.46\pic18-lt\cxx-framework\src\traditional\math\cmath18.asm
                    SPBRG   0x000faf       data     extern E:\c18v3.46\pic18-lt\cxx-framework\src\traditional\proc\p18f4620.asm
                   SPBRGH   0x000fb0       data     extern E:\c18v3.46\pic18-lt\cxx-framework\src\traditional\proc\p18f4620.asm
                   SSPADD   0x000fc8       data     extern E:\c18v3.46\pic18-lt\cxx-framework\src\traditional\proc\p18f4620.asm
                   SSPBUF   0x000fc9       data     extern E:\c18v3.46\pic18-lt\cxx-framework\src\traditional\proc\p18f4620.asm
                  SSPCON1   0x000fc6       data     extern E:\c18v3.46\pic18-lt\cxx-framework\src\traditional\proc\p18f4620.asm
              SSPCON1bits   0x000fc6       data     extern E:\c18v3.46\pic18-lt\cxx-framework\src\traditional\proc\p18f4620.asm
                  SSPCON2   0x000fc5       data     extern E:\c18v3.46\pic18-lt\cxx-framework\src\traditional\proc\p18f4620.asm
              SSPCON2bits   0x000fc5       data     extern E:\c18v3.46\pic18-lt\cxx-framework\src\traditional\proc\p18f4620.asm
                  SSPSTAT   0x000fc7       data     extern E:\c18v3.46\pic18-lt\cxx-framework\src\traditional\proc\p18f4620.asm
              SSPSTATbits   0x000fc7       data     extern E:\c18v3.46\pic18-lt\cxx-framework\src\traditional\proc\p18f4620.asm
                   STATUS   0x000fd8       data     extern E:\c18v3.46\pic18-lt\cxx-framework\src\traditional\proc\p18f4620.asm
               STATUSbits   0x000fd8       data     extern E:\c18v3.46\pic18-lt\cxx-framework\src\traditional\proc\p18f4620.asm
                   STKPTR   0x000ffc       data     extern E:\c18v3.46\pic18-lt\cxx-framework\src\traditional\proc\p18f4620.asm
               STKPTRbits   0x000ffc       data     extern E:\c18v3.46\pic18-lt\cxx-framework\src\traditional\proc\p18f4620.asm
                     Seed   0x000107       data     static E:\c18v3.46\pic18-lt\cxx-framework\src\traditional\stdclib\rand.asm
                    T0CON   0x000fd5       data     extern E:\c18v3.46\pic18-lt\cxx-framework\src\traditional\proc\p18f4620.asm
                T0CONbits   0x000fd5       data     extern E:\c18v3.46\pic18-lt\cxx-framework\src\traditional\proc\p18f4620.asm
                    T1CON   0x000fcd       data     extern E:\c18v3.46\pic18-lt\cxx-framework\src\traditional\proc\p18f4620.asm
                T1CONbits   0x000fcd       data     extern E:\c18v3.46\pic18-lt\cxx-framework\src\traditional\proc\p18f4620.asm
                    T2CON   0x000fca       data     extern E:\c18v3.46\pic18-lt\cxx-framework\src\traditional\proc\p18f4620.asm
                T2CONbits   0x000fca       data     extern E:\c18v3.46\pic18-lt\cxx-framework\src\traditional\proc\p18f4620.asm
                    T3CON   0x000fb1       data     extern E:\c18v3.46\pic18-lt\cxx-framework\src\traditional\proc\p18f4620.asm
                T3CONbits   0x000fb1       data     extern E:\c18v3.46\pic18-lt\cxx-framework\src\traditional\proc\p18f4620.asm
                   TABLAT   0x000ff5       data     extern E:\c18v3.46\pic18-lt\cxx-framework\src\traditional\proc\p18f4620.asm
                   TBLPTR   0x000ff6       data     extern E:\c18v3.46\pic18-lt\cxx-framework\src\traditional\proc\p18f4620.asm
                  TBLPTRH   0x000ff7       data     extern E:\c18v3.46\pic18-lt\cxx-framework\src\traditional\proc\p18f4620.asm
                  TBLPTRL   0x000ff6       data     extern E:\c18v3.46\pic18-lt\cxx-framework\src\traditional\proc\p18f4620.asm
                  TBLPTRU   0x000ff8       data     extern E:\c18v3.46\pic18-lt\cxx-framework\src\traditional\proc\p18f4620.asm
                    TMR0H   0x000fd7       data     extern E:\c18v3.46\pic18-lt\cxx-framework\src\traditional\proc\p18f4620.asm
                    TMR0L   0x000fd6       data     extern E:\c18v3.46\pic18-lt\cxx-framework\src\traditional\proc\p18f4620.asm
                    TMR1H   0x000fcf       data     extern E:\c18v3.46\pic18-lt\cxx-framework\src\traditional\proc\p18f4620.asm
                    TMR1L   0x000fce       data     extern E:\c18v3.46\pic18-lt\cxx-framework\src\traditional\proc\p18f4620.asm
                     TMR2   0x000fcc       data     extern E:\c18v3.46\pic18-lt\cxx-framework\src\traditional\proc\p18f4620.asm
                    TMR3H   0x000fb3       data     extern E:\c18v3.46\pic18-lt\cxx-framework\src\traditional\proc\p18f4620.asm
                    TMR3L   0x000fb2       data     extern E:\c18v3.46\pic18-lt\cxx-framework\src\traditional\proc\p18f4620.asm
                      TOS   0x000ffd       data     extern E:\c18v3.46\pic18-lt\cxx-framework\src\traditional\proc\p18f4620.asm
                     TOSH   0x000ffe       data     extern E:\c18v3.46\pic18-lt\cxx-framework\src\traditional\proc\p18f4620.asm
                     TOSL   0x000ffd       data     extern E:\c18v3.46\pic18-lt\cxx-framework\src\traditional\proc\p18f4620.asm
                     TOSU   0x000fff       data     extern E:\c18v3.46\pic18-lt\cxx-framework\src\traditional\proc\p18f4620.asm
                    TRISA   0x000f92       data     extern E:\c18v3.46\pic18-lt\cxx-framework\src\traditional\proc\p18f4620.asm
                TRISAbits   0x000f92       data     extern E:\c18v3.46\pic18-lt\cxx-framework\src\traditional\proc\p18f4620.asm
                    TRISB   0x000f93       data     extern E:\c18v3.46\pic18-lt\cxx-framework\src\traditional\proc\p18f4620.asm
                TRISBbits   0x000f93       data     extern E:\c18v3.46\pic18-lt\cxx-framework\src\traditional\proc\p18f4620.asm
                    TRISC   0x000f94       data     extern E:\c18v3.46\pic18-lt\cxx-framework\src\traditional\proc\p18f4620.asm
                TRISCbits   0x000f94       data     extern E:\c18v3.46\pic18-lt\cxx-framework\src\traditional\proc\p18f4620.asm
                    TRISD   0x000f95       data     extern E:\c18v3.46\pic18-lt\cxx-framework\src\traditional\proc\p18f4620.asm
                TRISDbits   0x000f95       data     extern E:\c18v3.46\pic18-lt\cxx-framework\src\traditional\proc\p18f4620.asm
                    TRISE   0x000f96       data     extern E:\c18v3.46\pic18-lt\cxx-framework\src\traditional\proc\p18f4620.asm
                TRISEbits   0x000f96       data     extern E:\c18v3.46\pic18-lt\cxx-framework\src\traditional\proc\p18f4620.asm
                    TXREG   0x000fad       data     extern E:\c18v3.46\pic18-lt\cxx-framework\src\traditional\proc\p18f4620.asm
                    TXSTA   0x000fac       data     extern E:\c18v3.46\pic18-lt\cxx-framework\src\traditional\proc\p18f4620.asm
                TXSTAbits   0x000fac       data     extern E:\c18v3.46\pic18-lt\cxx-framework\src\traditional\proc\p18f4620.asm
                 UserFont   0x000080       data     extern D:\MPLABProjects\SmartDoor.X\lcd\lcd.c
                        W   0x000fe8       data     extern E:\c18v3.46\pic18-lt\cxx-framework\src\traditional\proc\p18f4620.asm
                   WDTCON   0x000fd1       data     extern E:\c18v3.46\pic18-lt\cxx-framework\src\traditional\proc\p18f4620.asm
               WDTCONbits   0x000fd1       data     extern E:\c18v3.46\pic18-lt\cxx-framework\src\traditional\proc\p18f4620.asm
                     WREG   0x000fe8       data     extern E:\c18v3.46\pic18-lt\cxx-framework\src\traditional\proc\p18f4620.asm
                 __AARGB0   0x000009       data     extern E:\c18v3.46\pic18-lt\cxx-framework\src\traditional\math\aarg.asm
                 __AARGB1   0x000008       data     extern E:\c18v3.46\pic18-lt\cxx-framework\src\traditional\math\aarg.asm
                 __AARGB2   0x000007       data     extern E:\c18v3.46\pic18-lt\cxx-framework\src\traditional\math\aarg.asm
                 __AARGB3   0x000006       data     extern E:\c18v3.46\pic18-lt\cxx-framework\src\traditional\math\aarg.asm
                 __AARGB4   0x000005       data     extern E:\c18v3.46\pic18-lt\cxx-framework\src\traditional\math\aarg.asm
                 __AARGB5   0x000004       data     extern E:\c18v3.46\pic18-lt\cxx-framework\src\traditional\math\aarg.asm
                 __AARGB6   0x000003       data     extern E:\c18v3.46\pic18-lt\cxx-framework\src\traditional\math\aarg.asm
                 __AARGB7   0x000002       data     extern E:\c18v3.46\pic18-lt\cxx-framework\src\traditional\math\aarg.asm
                   __AEXP   0x00000a       data     extern E:\c18v3.46\pic18-lt\cxx-framework\src\traditional\math\aarg.asm
                 __BARGB0   0x00000e       data     extern E:\c18v3.46\pic18-lt\cxx-framework\src\traditional\math\barg.asm
                 __BARGB1   0x00000d       data     extern E:\c18v3.46\pic18-lt\cxx-framework\src\traditional\math\barg.asm
                 __BARGB2   0x00000c       data     extern E:\c18v3.46\pic18-lt\cxx-framework\src\traditional\math\barg.asm
                 __BARGB3   0x00000b       data     extern E:\c18v3.46\pic18-lt\cxx-framework\src\traditional\math\barg.asm
                   __BEXP   0x00000f       data     extern E:\c18v3.46\pic18-lt\cxx-framework\src\traditional\math\barg.asm
                __FPFLAGS   0x000001       data     extern E:\c18v3.46\pic18-lt\cxx-framework\src\traditional\math\cmath18.asm
            __FPFLAGSbits   0x000001       data     extern E:\c18v3.46\pic18-lt\cxx-framework\src\traditional\math\cmath18.asm
                  __REMB0   0x000005       data     extern E:\c18v3.46\pic18-lt\cxx-framework\src\traditional\math\aarg.asm
                  __REMB1   0x000004       data     extern E:\c18v3.46\pic18-lt\cxx-framework\src\traditional\math\aarg.asm
                  __REMB2   0x000003       data     extern E:\c18v3.46\pic18-lt\cxx-framework\src\traditional\math\aarg.asm
                  __REMB3   0x000002       data     extern E:\c18v3.46\pic18-lt\cxx-framework\src\traditional\math\aarg.asm
                   __TEMP   0x000013       data     extern E:\c18v3.46\pic18-lt\cxx-framework\src\traditional\math\temparg.asm
                 __TEMPB0   0x000013       data     extern E:\c18v3.46\pic18-lt\cxx-framework\src\traditional\math\temparg.asm
                 __TEMPB1   0x000012       data     extern E:\c18v3.46\pic18-lt\cxx-framework\src\traditional\math\temparg.asm
                 __TEMPB2   0x000011       data     extern E:\c18v3.46\pic18-lt\cxx-framework\src\traditional\math\temparg.asm
                 __TEMPB3   0x000010       data     extern E:\c18v3.46\pic18-lt\cxx-framework\src\traditional\math\temparg.asm
                  __tmp_0   0x000014       data     static D:\MPLABProjects\SmartDoor.X\lcd\lcd.c
                  __tmp_0   0x000014       data     static D:\MPLABProjects\SmartDoor.X\adc\adc.c
                  __tmp_0   0x000014       data     static D:\MPLABProjects\SmartDoor.X\timer\timer.c
                  __tmp_0   0x000014       data     static D:\MPLABProjects\SmartDoor.X\button_matrix\button.c
                  __tmp_0   0x000014       data     static D:\MPLABProjects\SmartDoor.X\uart\uart.c
                  __tmp_0   0x000014       data     static D:\MPLABProjects\SmartDoor.X\fsm_door\fsm_door.c
                  __tmp_0   0x000014       data     static D:\MPLABProjects\SmartDoor.X\rfid\rfid.c
                  __tmp_0   0x000014       data     static D:\MPLABProjects\SmartDoor.X\main\main.c
                  __tmp_0   0x000014       data     static D:\MPLABProjects\SmartDoor.X\peripheral\peripheral.c
                  __tmp_0   0x000014       data     static D:\MPLABProjects\SmartDoor.X\password\password.c
              admin_index   0x0000f7       data     extern D:\MPLABProjects\SmartDoor.X\rfid\rfid.c
         arrayMapOfNumber   0x000f40       data     extern D:\MPLABProjects\SmartDoor.X\peripheral\peripheral.c
          arrayMapOfTagId   0x0000ee       data     extern D:\MPLABProjects\SmartDoor.X\rfid\rfid.c
      arrayMaskInputOfKey   0x000f3c       data     extern D:\MPLABProjects\SmartDoor.X\button_matrix\button.c
     arrayMaskOutputOfKey   0x000f38       data     extern D:\MPLABProjects\SmartDoor.X\button_matrix\button.c
            arrayPassword   0x000f75       data     extern D:\MPLABProjects\SmartDoor.X\password\password.c
                   buffer   0x000f52       data     extern D:\MPLABProjects\SmartDoor.X\uart\uart.c
                     cnt0   0x000100       data     extern D:\MPLABProjects\SmartDoor.X\interrupt\interrupt.c
                     cnt1   0x000102       data     extern D:\MPLABProjects\SmartDoor.X\interrupt\interrupt.c
                curr_byte   0x000f6e       data     static E:\c18v3.46\pic18-lt\cxx-framework\src\traditional\startup\c018i.c
               curr_entry   0x000f70       data     static E:\c18v3.46\pic18-lt\cxx-framework\src\traditional\startup\c018i.c
              current_col   0x000f7d       data     extern D:\MPLABProjects\SmartDoor.X\lcd\lcd.c
              current_row   0x000f7b       data     extern D:\MPLABProjects\SmartDoor.X\lcd\lcd.c
                 data_ptr   0x000f72       data     static E:\c18v3.46\pic18-lt\cxx-framework\src\traditional\startup\c018i.c
                debounce1   0x000f18       data     extern D:\MPLABProjects\SmartDoor.X\button_matrix\button.c
                debounce2   0x000f28       data     extern D:\MPLABProjects\SmartDoor.X\button_matrix\button.c
              flag_timer1   0x000f60       data     extern D:\MPLABProjects\SmartDoor.X\timer\timer.c
              flag_timer2   0x000f61       data     extern D:\MPLABProjects\SmartDoor.X\timer\timer.c
              flag_timer3   0x000f62       data     extern D:\MPLABProjects\SmartDoor.X\timer\timer.c
                     head   0x0000e1       data     extern D:\MPLABProjects\SmartDoor.X\rfid\rfid.c
            indexOfNumber   0x0000f8       data     extern D:\MPLABProjects\SmartDoor.X\password\password.c
             index_buffer   0x000105       data     extern D:\MPLABProjects\SmartDoor.X\uart\uart.c
         isDoorOpenInside   0x000f50       data     extern D:\MPLABProjects\SmartDoor.X\peripheral\peripheral.c
        isDoorOpenOutside   0x000f51       data     extern D:\MPLABProjects\SmartDoor.X\peripheral\peripheral.c
                   isLock   0x000f4e       data     extern D:\MPLABProjects\SmartDoor.X\peripheral\peripheral.c
                 key_code   0x000f00       data     extern D:\MPLABProjects\SmartDoor.X\button_matrix\button.c
                     mode   0x00010a       data     extern D:\MPLABProjects\SmartDoor.X\global\global.c
             msg_checksum   0x0000e7       data     extern D:\MPLABProjects\SmartDoor.X\rfid\rfid.c
                  msg_tag   0x0000e5       data     extern D:\MPLABProjects\SmartDoor.X\rfid\rfid.c
              msg_version   0x0000e3       data     extern D:\MPLABProjects\SmartDoor.X\rfid\rfid.c
              numberValue   0x000f4f       data     extern D:\MPLABProjects\SmartDoor.X\peripheral\peripheral.c
                     pass   0x0000f9       data     extern D:\MPLABProjects\SmartDoor.X\password\password.c
                     prom   0x000f6b       data     static E:\c18v3.46\pic18-lt\cxx-framework\src\traditional\startup\c018i.c
               rfid_index   0x0000f6       data     extern D:\MPLABProjects\SmartDoor.X\rfid\rfid.c
               statusDoor   0x000109       data     extern D:\MPLABProjects\SmartDoor.X\global\global.c
                statusLCD   0x0000c0       data     extern D:\MPLABProjects\SmartDoor.X\lcd\lcd.c
                   tag_id   0x0000ea       data     extern D:\MPLABProjects\SmartDoor.X\rfid\rfid.c
                     tail   0x0000e9       data     extern D:\MPLABProjects\SmartDoor.X\rfid\rfid.c
              tempReceive   0x000104       data     extern D:\MPLABProjects\SmartDoor.X\uart\uart.c
                timeDelay   0x000f7f       data     extern D:\MPLABProjects\SmartDoor.X\fsm_door\fsm_door.c
               timer1_cnt   0x000f63       data     extern D:\MPLABProjects\SmartDoor.X\timer\timer.c
               timer2_cnt   0x000f65       data     extern D:\MPLABProjects\SmartDoor.X\timer\timer.c
               timer3_cnt   0x000f67       data     extern D:\MPLABProjects\SmartDoor.X\timer\timer.c
             timer3_value   0x000f69       data     extern D:\MPLABProjects\SmartDoor.X\timer\timer.c



                              Symbols - Sorted by Address
                     Name    Address   Location    Storage File                     
                ---------  ---------  ---------  --------- ---------                
                   _entry   0x000000    program     extern E:\c18v3.46\pic18-lt\cxx-framework\src\traditional\startup\c018i.c
       ___return_lbl00000   0x000004    program     static                          
                   __init   0x000006    program     extern E:\c18v3.46\pic18-lt\cxx-framework\src\traditional\stdclib\__init.c
      InterruptVectorHigh   0x000008    program     extern D:\MPLABProjects\SmartDoor.X\interrupt\interrupt.c
       ___return_lbl00003   0x00000c    program     static                          
       InterruptVectorLow   0x000018    program     extern D:\MPLABProjects\SmartDoor.X\interrupt\interrupt.c
       ___return_lbl00002   0x00001c    program     static                          
                lcd_delay   0x0000a4    program     extern D:\MPLABProjects\SmartDoor.X\lcd\lcd.c
                 v_timer0   0x000134    program     extern D:\MPLABProjects\SmartDoor.X\lcd\lcd.c
          lcd_sendCommand   0x0001c4    program     extern D:\MPLABProjects\SmartDoor.X\lcd\lcd.c
                 init_lcd   0x000244    program     extern D:\MPLABProjects\SmartDoor.X\lcd\lcd.c
          lcd_read_status   0x000352    program     extern D:\MPLABProjects\SmartDoor.X\lcd\lcd.c
            lcd_wait_busy   0x000408    program     extern D:\MPLABProjects\SmartDoor.X\lcd\lcd.c
          lcd_write_4bits   0x000428    program     extern D:\MPLABProjects\SmartDoor.X\lcd\lcd.c
            lcd_write_cmd   0x00046e    program     extern D:\MPLABProjects\SmartDoor.X\lcd\lcd.c
           lcd_write_data   0x0004aa    program     extern D:\MPLABProjects\SmartDoor.X\lcd\lcd.c
              lcd_putchar   0x0004e8    program     extern D:\MPLABProjects\SmartDoor.X\lcd\lcd.c
           lcd_print_char   0x000502    program     extern D:\MPLABProjects\SmartDoor.X\lcd\lcd.c
            lcd_print_str   0x00051c    program     extern D:\MPLABProjects\SmartDoor.X\lcd\lcd.c
           lcd_set_cursor   0x00055c    program     extern D:\MPLABProjects\SmartDoor.X\lcd\lcd.c
                lcd_clear   0x000596    program     extern D:\MPLABProjects\SmartDoor.X\lcd\lcd.c
             lcd_power_of   0x0005aa    program     extern D:\MPLABProjects\SmartDoor.X\lcd\lcd.c
            lcd_print_num   0x00068c    program     extern D:\MPLABProjects\SmartDoor.X\lcd\lcd.c
              LcdPrintNum   0x0008c2    program     extern D:\MPLABProjects\SmartDoor.X\lcd\lcd.c
           LcdPrintString   0x00090a    program     extern D:\MPLABProjects\SmartDoor.X\lcd\lcd.c
          lcd_print_charS   0x00093e    program     extern D:\MPLABProjects\SmartDoor.X\lcd\lcd.c
                LcdClearS   0x000984    program     extern D:\MPLABProjects\SmartDoor.X\lcd\lcd.c
         DisplayLcdScreen   0x0009e2    program     extern D:\MPLABProjects\SmartDoor.X\lcd\lcd.c
        DisplayLcdScreen2   0x000ada    program     extern D:\MPLABProjects\SmartDoor.X\lcd\lcd.c
      DisplayLcdScreenOld   0x000b60    program     extern D:\MPLABProjects\SmartDoor.X\lcd\lcd.c
            LcdPrintCharS   0x000bca    program     extern D:\MPLABProjects\SmartDoor.X\lcd\lcd.c
             LcdPrintNumS   0x000c20    program     extern D:\MPLABProjects\SmartDoor.X\lcd\lcd.c
          LcdPrintStringS   0x000e6e    program     extern D:\MPLABProjects\SmartDoor.X\lcd\lcd.c
      fsm_switch_mode_run   0x000ec4    program     extern D:\MPLABProjects\SmartDoor.X\fsm_door\fsm_door.c
       fsm_door_mode1_run   0x000efa    program     extern D:\MPLABProjects\SmartDoor.X\fsm_door\fsm_door.c
       fsm_door_mode2_run   0x001160    program     extern D:\MPLABProjects\SmartDoor.X\fsm_door\fsm_door.c
                init_uart   0x0013ea    program     extern D:\MPLABProjects\SmartDoor.X\uart\uart.c
            uart_delay_ms   0x001408    program     extern D:\MPLABProjects\SmartDoor.X\uart\uart.c
             uart_putchar   0x001490    program     extern D:\MPLABProjects\SmartDoor.X\uart\uart.c
            uart_send_str   0x0014ac    program     extern D:\MPLABProjects\SmartDoor.X\uart\uart.c
           UartSendString   0x0014ec    program     extern D:\MPLABProjects\SmartDoor.X\uart\uart.c
      UartSendConstString   0x00152c    program     extern D:\MPLABProjects\SmartDoor.X\uart\uart.c
            uart_power_of   0x001578    program     extern D:\MPLABProjects\SmartDoor.X\uart\uart.c
              UartSendNum   0x00165a    program     extern D:\MPLABProjects\SmartDoor.X\uart\uart.c
                 uart_isr   0x001890    program     extern D:\MPLABProjects\SmartDoor.X\uart\uart.c
               check_rfid   0x0018c4    program     extern D:\MPLABProjects\SmartDoor.X\rfid\rfid.c
                 hexstr2l   0x001a64    program     extern D:\MPLABProjects\SmartDoor.X\rfid\rfid.c
              init_timer3   0x001c0a    program     extern D:\MPLABProjects\SmartDoor.X\timer\timer.c
             start_timer3   0x001cc0    program     extern D:\MPLABProjects\SmartDoor.X\timer\timer.c
              stop_timer3   0x001d4c    program     extern D:\MPLABProjects\SmartDoor.X\timer\timer.c
               timer3_isr   0x001d50    program     extern D:\MPLABProjects\SmartDoor.X\timer\timer.c
             SetTimer2_ms   0x001db4    program     extern D:\MPLABProjects\SmartDoor.X\timer\timer.c
             SetTimer1_ms   0x001dee    program     extern D:\MPLABProjects\SmartDoor.X\timer\timer.c
             SetTimer3_ms   0x001e28    program     extern D:\MPLABProjects\SmartDoor.X\timer\timer.c
          init_key_matrix   0x001e62    program     extern D:\MPLABProjects\SmartDoor.X\button_matrix\button.c
init_key_matrix_with_uart   0x001e6a    program     extern D:\MPLABProjects\SmartDoor.X\button_matrix\button.c
          scan_key_matrix   0x001e7c    program     extern D:\MPLABProjects\SmartDoor.X\button_matrix\button.c
scan_key_matrix_with_uart   0x001f94    program     extern D:\MPLABProjects\SmartDoor.X\button_matrix\button.c
           init_interrupt   0x0020b6    program     extern D:\MPLABProjects\SmartDoor.X\interrupt\interrupt.c
            init_ext_int0   0x0020be    program     extern D:\MPLABProjects\SmartDoor.X\interrupt\interrupt.c
                  low_isr   0x0020c6    program     extern D:\MPLABProjects\SmartDoor.X\interrupt\interrupt.c
                 high_isr   0x00218c    program     extern D:\MPLABProjects\SmartDoor.X\interrupt\interrupt.c
                     main   0x00223e    program     extern D:\MPLABProjects\SmartDoor.X\main\main.c
                 delay_ms   0x0022a0    program     extern D:\MPLABProjects\SmartDoor.X\main\main.c
              init_system   0x002328    program     extern D:\MPLABProjects\SmartDoor.X\main\main.c
          init_peripheral   0x002374    program     extern D:\MPLABProjects\SmartDoor.X\peripheral\peripheral.c
               isDoorOpen   0x002380    program     extern D:\MPLABProjects\SmartDoor.X\peripheral\peripheral.c
           isButtonNumber   0x002386    program     extern D:\MPLABProjects\SmartDoor.X\peripheral\peripheral.c
            isButtonEnter   0x00240a    program     extern D:\MPLABProjects\SmartDoor.X\peripheral\peripheral.c
                 openDoor   0x00241a    program     extern D:\MPLABProjects\SmartDoor.X\peripheral\peripheral.c
           openDoorInside   0x00242c    program     extern D:\MPLABProjects\SmartDoor.X\peripheral\peripheral.c
          openDoorOutside   0x002454    program     extern D:\MPLABProjects\SmartDoor.X\peripheral\peripheral.c
                 buzzerOn   0x002484    program     extern D:\MPLABProjects\SmartDoor.X\peripheral\peripheral.c
                buzzerOff   0x002488    program     extern D:\MPLABProjects\SmartDoor.X\peripheral\peripheral.c
                 FXD1616S   0x00248c    program     extern E:\c18v3.46\pic18-lt\cxx-framework\src\traditional\math\fxd1616s.asm
                  DA1616S   0x00249e    program     static E:\c18v3.46\pic18-lt\cxx-framework\src\traditional\math\fxd1616s.asm
                   D1616S   0x0024ae    program     static E:\c18v3.46\pic18-lt\cxx-framework\src\traditional\math\fxd1616s.asm
                 D1616SOK   0x0024b8    program     static E:\c18v3.46\pic18-lt\cxx-framework\src\traditional\math\fxd1616s.asm
                D1616SNEG   0x0024bc    program     static E:\c18v3.46\pic18-lt\cxx-framework\src\traditional\math\fxd1616s.asm
                  D1616SX   0x0024ce    program     static E:\c18v3.46\pic18-lt\cxx-framework\src\traditional\math\fxd1616s.asm
                 FXD2424S   0x0024d8    program     extern E:\c18v3.46\pic18-lt\cxx-framework\src\traditional\math\fxd2424s.asm
                  DA2424S   0x0024ee    program     static E:\c18v3.46\pic18-lt\cxx-framework\src\traditional\math\fxd2424s.asm
                   D2424S   0x002502    program     static E:\c18v3.46\pic18-lt\cxx-framework\src\traditional\math\fxd2424s.asm
                 D2424SOK   0x00250c    program     static E:\c18v3.46\pic18-lt\cxx-framework\src\traditional\math\fxd2424s.asm
                D2424SNEG   0x002510    program     static E:\c18v3.46\pic18-lt\cxx-framework\src\traditional\math\fxd2424s.asm
                  D2424SX   0x002528    program     static E:\c18v3.46\pic18-lt\cxx-framework\src\traditional\math\fxd2424s.asm
                 FXM1616U   0x002532    program     extern E:\c18v3.46\pic18-lt\cxx-framework\src\traditional\math\fxm1616u.asm
            CheckPassword   0x00256e    program     extern D:\MPLABProjects\SmartDoor.X\password\password.c
            generate_pass   0x0025b6    program     extern D:\MPLABProjects\SmartDoor.X\password\password.c
                _do_cinit   0x00264e    program     extern E:\c18v3.46\pic18-lt\cxx-framework\src\traditional\startup\c018i.c
                     test   0x002668    program     static                          
                copy_loop   0x0026c0    program     static                          
            copy_one_byte   0x0026c6    program     static                          
             done_copying   0x0026d4    program     static                          
       ___return_lbl00002   0x0026ea    program     static                          
                     done   0x0026ea    program     static                          
               __string_9   0x0026ec    program     static D:\MPLABProjects\SmartDoor.X\fsm_door\fsm_door.c
               __string_8   0x0026fd    program     static D:\MPLABProjects\SmartDoor.X\fsm_door\fsm_door.c
               __string_7   0x00270e    program     static D:\MPLABProjects\SmartDoor.X\fsm_door\fsm_door.c
               __string_6   0x00271f    program     static D:\MPLABProjects\SmartDoor.X\fsm_door\fsm_door.c
               __string_5   0x002730    program     static D:\MPLABProjects\SmartDoor.X\fsm_door\fsm_door.c
               __string_4   0x002732    program     static D:\MPLABProjects\SmartDoor.X\fsm_door\fsm_door.c
               __string_3   0x002743    program     static D:\MPLABProjects\SmartDoor.X\fsm_door\fsm_door.c
               __string_2   0x00274f    program     static D:\MPLABProjects\SmartDoor.X\fsm_door\fsm_door.c
               __string_1   0x002759    program     static D:\MPLABProjects\SmartDoor.X\fsm_door\fsm_door.c
               __string_0   0x00276a    program     static D:\MPLABProjects\SmartDoor.X\fsm_door\fsm_door.c
                 init_adc   0x00277c    program     extern D:\MPLABProjects\SmartDoor.X\adc\adc.c
            get_adc_value   0x00278a    program     extern D:\MPLABProjects\SmartDoor.X\adc\adc.c
                  FXM3232   0x002808    program     extern E:\c18v3.46\pic18-lt\cxx-framework\src\traditional\math\fxm3232.c
       ___return_lbl00000   0x002876    program     static                          
                 FXD3232U   0x002878    program     extern E:\c18v3.46\pic18-lt\cxx-framework\src\traditional\math\fxd3232u.c
                     loop   0x002886    program     static                          
                   _false   0x0028ba    program     static                          
       ___return_lbl00000   0x0028be    program     static                          
                    srand   0x0028c0    program     extern E:\c18v3.46\pic18-lt\cxx-framework\src\traditional\stdclib\rand.asm
                     rand   0x0028ce    program     extern E:\c18v3.46\pic18-lt\cxx-framework\src\traditional\stdclib\rand.asm
                 FXD2424U   0x0028fc    program     extern E:\c18v3.46\pic18-lt\cxx-framework\src\traditional\math\fxd2424u.c
                     loop   0x002908    program     static                          
                   _false   0x002930    program     static                          
       ___return_lbl00000   0x002934    program     static                          
                 FXD1616U   0x002936    program     extern E:\c18v3.46\pic18-lt\cxx-framework\src\traditional\math\fxd1616u.c
                     loop   0x002940    program     static                          
                  endloop   0x00295c    program     static                          
       ___return_lbl00000   0x002960    program     static                          
            __zero_memory   0x002962    program     extern E:\c18v3.46\pic18-lt\cxx-framework\src\traditional\proc\p18f4620.asm
               zero_block   0x002970    program     static E:\c18v3.46\pic18-lt\cxx-framework\src\traditional\proc\p18f4620.asm
                   loop_h   0x002970    program     static E:\c18v3.46\pic18-lt\cxx-framework\src\traditional\proc\p18f4620.asm
                compare_l   0x002978    program     static E:\c18v3.46\pic18-lt\cxx-framework\src\traditional\proc\p18f4620.asm
                   loop_l   0x00297a    program     static E:\c18v3.46\pic18-lt\cxx-framework\src\traditional\proc\p18f4620.asm
                 _startup   0x002982    program     extern E:\c18v3.46\pic18-lt\cxx-framework\src\traditional\startup\c018i.c
                     loop   0x002992    program     static                          
       ___return_lbl00001   0x00299c    program     static                          
               __config_0   0x300001    program     static D:\MPLABProjects\SmartDoor.X\main\main.c
               __config_1   0x300002    program     static D:\MPLABProjects\SmartDoor.X\main\main.c
               __config_2   0x300003    program     static D:\MPLABProjects\SmartDoor.X\main\main.c
               __config_3   0x300005    program     static D:\MPLABProjects\SmartDoor.X\main\main.c
               __config_4   0x300006    program     static D:\MPLABProjects\SmartDoor.X\main\main.c
               __config_5   0x300008    program     static D:\MPLABProjects\SmartDoor.X\main\main.c
               __config_6   0x300009    program     static D:\MPLABProjects\SmartDoor.X\main\main.c
               __config_7   0x30000a    program     static D:\MPLABProjects\SmartDoor.X\main\main.c
               __config_8   0x30000b    program     static D:\MPLABProjects\SmartDoor.X\main\main.c
               __config_9   0x30000c    program     static D:\MPLABProjects\SmartDoor.X\main\main.c
              __config_10   0x30000d    program     static D:\MPLABProjects\SmartDoor.X\main\main.c
                     SIGN   0x000000       data     extern E:\c18v3.46\pic18-lt\cxx-framework\src\traditional\math\cmath18.asm
            __FPFLAGSbits   0x000001       data     extern E:\c18v3.46\pic18-lt\cxx-framework\src\traditional\math\cmath18.asm
                __FPFLAGS   0x000001       data     extern E:\c18v3.46\pic18-lt\cxx-framework\src\traditional\math\cmath18.asm
                  __REMB3   0x000002       data     extern E:\c18v3.46\pic18-lt\cxx-framework\src\traditional\math\aarg.asm
                 __AARGB7   0x000002       data     extern E:\c18v3.46\pic18-lt\cxx-framework\src\traditional\math\aarg.asm
                 __AARGB6   0x000003       data     extern E:\c18v3.46\pic18-lt\cxx-framework\src\traditional\math\aarg.asm
                  __REMB2   0x000003       data     extern E:\c18v3.46\pic18-lt\cxx-framework\src\traditional\math\aarg.asm
                  __REMB1   0x000004       data     extern E:\c18v3.46\pic18-lt\cxx-framework\src\traditional\math\aarg.asm
                 __AARGB5   0x000004       data     extern E:\c18v3.46\pic18-lt\cxx-framework\src\traditional\math\aarg.asm
                  __REMB0   0x000005       data     extern E:\c18v3.46\pic18-lt\cxx-framework\src\traditional\math\aarg.asm
                 __AARGB4   0x000005       data     extern E:\c18v3.46\pic18-lt\cxx-framework\src\traditional\math\aarg.asm
                 __AARGB3   0x000006       data     extern E:\c18v3.46\pic18-lt\cxx-framework\src\traditional\math\aarg.asm
                 __AARGB2   0x000007       data     extern E:\c18v3.46\pic18-lt\cxx-framework\src\traditional\math\aarg.asm
                 __AARGB1   0x000008       data     extern E:\c18v3.46\pic18-lt\cxx-framework\src\traditional\math\aarg.asm
                 __AARGB0   0x000009       data     extern E:\c18v3.46\pic18-lt\cxx-framework\src\traditional\math\aarg.asm
                   __AEXP   0x00000a       data     extern E:\c18v3.46\pic18-lt\cxx-framework\src\traditional\math\aarg.asm
                 __BARGB3   0x00000b       data     extern E:\c18v3.46\pic18-lt\cxx-framework\src\traditional\math\barg.asm
                 __BARGB2   0x00000c       data     extern E:\c18v3.46\pic18-lt\cxx-framework\src\traditional\math\barg.asm
                 __BARGB1   0x00000d       data     extern E:\c18v3.46\pic18-lt\cxx-framework\src\traditional\math\barg.asm
                 __BARGB0   0x00000e       data     extern E:\c18v3.46\pic18-lt\cxx-framework\src\traditional\math\barg.asm
                   __BEXP   0x00000f       data     extern E:\c18v3.46\pic18-lt\cxx-framework\src\traditional\math\barg.asm
                 __TEMPB3   0x000010       data     extern E:\c18v3.46\pic18-lt\cxx-framework\src\traditional\math\temparg.asm
                 __TEMPB2   0x000011       data     extern E:\c18v3.46\pic18-lt\cxx-framework\src\traditional\math\temparg.asm
                 __TEMPB1   0x000012       data     extern E:\c18v3.46\pic18-lt\cxx-framework\src\traditional\math\temparg.asm
                   __TEMP   0x000013       data     extern E:\c18v3.46\pic18-lt\cxx-framework\src\traditional\math\temparg.asm
                 __TEMPB0   0x000013       data     extern E:\c18v3.46\pic18-lt\cxx-framework\src\traditional\math\temparg.asm
                  __tmp_0   0x000014       data     static D:\MPLABProjects\SmartDoor.X\adc\adc.c
                  __tmp_0   0x000014       data     static D:\MPLABProjects\SmartDoor.X\lcd\lcd.c
                  __tmp_0   0x000014       data     static D:\MPLABProjects\SmartDoor.X\password\password.c
                  __tmp_0   0x000014       data     static D:\MPLABProjects\SmartDoor.X\peripheral\peripheral.c
                  __tmp_0   0x000014       data     static D:\MPLABProjects\SmartDoor.X\main\main.c
                  __tmp_0   0x000014       data     static D:\MPLABProjects\SmartDoor.X\rfid\rfid.c
                  __tmp_0   0x000014       data     static D:\MPLABProjects\SmartDoor.X\fsm_door\fsm_door.c
                  __tmp_0   0x000014       data     static D:\MPLABProjects\SmartDoor.X\uart\uart.c
                  __tmp_0   0x000014       data     static D:\MPLABProjects\SmartDoor.X\timer\timer.c
                  __tmp_0   0x000014       data     static D:\MPLABProjects\SmartDoor.X\button_matrix\button.c
                 UserFont   0x000080       data     extern D:\MPLABProjects\SmartDoor.X\lcd\lcd.c
                statusLCD   0x0000c0       data     extern D:\MPLABProjects\SmartDoor.X\lcd\lcd.c
                LcdScreen   0x0000c1       data     extern D:\MPLABProjects\SmartDoor.X\lcd\lcd.c
                     head   0x0000e1       data     extern D:\MPLABProjects\SmartDoor.X\rfid\rfid.c
              msg_version   0x0000e3       data     extern D:\MPLABProjects\SmartDoor.X\rfid\rfid.c
                  msg_tag   0x0000e5       data     extern D:\MPLABProjects\SmartDoor.X\rfid\rfid.c
             msg_checksum   0x0000e7       data     extern D:\MPLABProjects\SmartDoor.X\rfid\rfid.c
                     tail   0x0000e9       data     extern D:\MPLABProjects\SmartDoor.X\rfid\rfid.c
                   tag_id   0x0000ea       data     extern D:\MPLABProjects\SmartDoor.X\rfid\rfid.c
          arrayMapOfTagId   0x0000ee       data     extern D:\MPLABProjects\SmartDoor.X\rfid\rfid.c
               rfid_index   0x0000f6       data     extern D:\MPLABProjects\SmartDoor.X\rfid\rfid.c
              admin_index   0x0000f7       data     extern D:\MPLABProjects\SmartDoor.X\rfid\rfid.c
            indexOfNumber   0x0000f8       data     extern D:\MPLABProjects\SmartDoor.X\password\password.c
                     pass   0x0000f9       data     extern D:\MPLABProjects\SmartDoor.X\password\password.c
                     cnt0   0x000100       data     extern D:\MPLABProjects\SmartDoor.X\interrupt\interrupt.c
                     cnt1   0x000102       data     extern D:\MPLABProjects\SmartDoor.X\interrupt\interrupt.c
              tempReceive   0x000104       data     extern D:\MPLABProjects\SmartDoor.X\uart\uart.c
             index_buffer   0x000105       data     extern D:\MPLABProjects\SmartDoor.X\uart\uart.c
                     Seed   0x000107       data     static E:\c18v3.46\pic18-lt\cxx-framework\src\traditional\stdclib\rand.asm
               statusDoor   0x000109       data     extern D:\MPLABProjects\SmartDoor.X\global\global.c
                     mode   0x00010a       data     extern D:\MPLABProjects\SmartDoor.X\global\global.c
                 key_code   0x000f00       data     extern D:\MPLABProjects\SmartDoor.X\button_matrix\button.c
                debounce1   0x000f18       data     extern D:\MPLABProjects\SmartDoor.X\button_matrix\button.c
                debounce2   0x000f28       data     extern D:\MPLABProjects\SmartDoor.X\button_matrix\button.c
     arrayMaskOutputOfKey   0x000f38       data     extern D:\MPLABProjects\SmartDoor.X\button_matrix\button.c
      arrayMaskInputOfKey   0x000f3c       data     extern D:\MPLABProjects\SmartDoor.X\button_matrix\button.c
         arrayMapOfNumber   0x000f40       data     extern D:\MPLABProjects\SmartDoor.X\peripheral\peripheral.c
             ReadValueAdc   0x000f4c       data     extern D:\MPLABProjects\SmartDoor.X\peripheral\peripheral.c
[...]
                    TRISC   0x000f94       data     extern E:\c18v3.46\pic18-lt\cxx-framework\src\traditional\proc\p18f4620.asm
                     DDRC   0x000f94       data     extern E:\c18v3.46\pic18-lt\cxx-framework\src\traditional\proc\p18f4620.asm
                 DDRDbits   0x000f95       data     extern E:\c18v3.46\pic18-lt\cxx-framework\src\traditional\proc\p18f4620.asm
                     DDRD   0x000f95       data     extern E:\c18v3.46\pic18-lt\cxx-framework\src\traditional\proc\p18f4620.asm
                TRISDbits   0x000f95       data     extern E:\c18v3.46\pic18-lt\cxx-framework\src\traditional\proc\p18f4620.asm
                    TRISD   0x000f95       data     extern E:\c18v3.46\pic18-lt\cxx-framework\src\traditional\proc\p18f4620.asm
                     DDRE   0x000f96       data     extern E:\c18v3.46\pic18-lt\cxx-framework\src\traditional\proc\p18f4620.asm
                 DDREbits   0x000f96       data     extern E:\c18v3.46\pic18-lt\cxx-framework\src\traditional\proc\p18f4620.asm
                TRISEbits   0x000f96       data     extern E:\c18v3.46\pic18-lt\cxx-framework\src\traditional\proc\p18f4620.asm
                    TRISE   0x000f96       data     extern E:\c18v3.46\pic18-lt\cxx-framework\src\traditional\proc\p18f4620.asm
                  OSCTUNE   0x000f9b       data     extern E:\c18v3.46\pic18-lt\cxx-framework\src\traditional\proc\p18f4620.asm
              OSCTUNEbits   0x000f9b       data     extern E:\c18v3.46\pic18-lt\cxx-framework\src\traditional\proc\p18f4620.asm
                     PIE1   0x000f9d       data     extern E:\c18v3.46\pic18-lt\cxx-framework\src\traditional\proc\p18f4620.asm
                 PIE1bits   0x000f9d       data     extern E:\c18v3.46\pic18-lt\cxx-framework\src\traditional\proc\p18f4620.asm
                 PIR1bits   0x000f9e       data     extern E:\c18v3.46\pic18-lt\cxx-framework\src\traditional\proc\p18f4620.asm
                     PIR1   0x000f9e       data     extern E:\c18v3.46\pic18-lt\cxx-framework\src\traditional\proc\p18f4620.asm
                 IPR1bits   0x000f9f       data     extern E:\c18v3.46\pic18-lt\cxx-framework\src\traditional\proc\p18f4620.asm
                     IPR1   0x000f9f       data     extern E:\c18v3.46\pic18-lt\cxx-framework\src\traditional\proc\p18f4620.asm
                 PIE2bits   0x000fa0       data     extern E:\c18v3.46\pic18-lt\cxx-framework\src\traditional\proc\p18f4620.asm
                     PIE2   0x000fa0       data     extern E:\c18v3.46\pic18-lt\cxx-framework\src\traditional\proc\p18f4620.asm
                     PIR2   0x000fa1       data     extern E:\c18v3.46\pic18-lt\cxx-framework\src\traditional\proc\p18f4620.asm
                 PIR2bits   0x000fa1       data     extern E:\c18v3.46\pic18-lt\cxx-framework\src\traditional\proc\p18f4620.asm
                     IPR2   0x000fa2       data     extern E:\c18v3.46\pic18-lt\cxx-framework\src\traditional\proc\p18f4620.asm
                 IPR2bits   0x000fa2       data     extern E:\c18v3.46\pic18-lt\cxx-framework\src\traditional\proc\p18f4620.asm
               EECON1bits   0x000fa6       data     extern E:\c18v3.46\pic18-lt\cxx-framework\src\traditional\proc\p18f4620.asm
                   EECON1   0x000fa6       data     extern E:\c18v3.46\pic18-lt\cxx-framework\src\traditional\proc\p18f4620.asm
                   EECON2   0x000fa7       data     extern E:\c18v3.46\pic18-lt\cxx-framework\src\traditional\proc\p18f4620.asm
                   EEDATA   0x000fa8       data     extern E:\c18v3.46\pic18-lt\cxx-framework\src\traditional\proc\p18f4620.asm
                    EEADR   0x000fa9       data     extern E:\c18v3.46\pic18-lt\cxx-framework\src\traditional\proc\p18f4620.asm
                   EEADRH   0x000faa       data     extern E:\c18v3.46\pic18-lt\cxx-framework\src\traditional\proc\p18f4620.asm
                RCSTAbits   0x000fab       data     extern E:\c18v3.46\pic18-lt\cxx-framework\src\traditional\proc\p18f4620.asm
                    RCSTA   0x000fab       data     extern E:\c18v3.46\pic18-lt\cxx-framework\src\traditional\proc\p18f4620.asm
                    TXSTA   0x000fac       data     extern E:\c18v3.46\pic18-lt\cxx-framework\src\traditional\proc\p18f4620.asm
                TXSTAbits   0x000fac       data     extern E:\c18v3.46\pic18-lt\cxx-framework\src\traditional\proc\p18f4620.asm
                    TXREG   0x000fad       data     extern E:\c18v3.46\pic18-lt\cxx-framework\src\traditional\proc\p18f4620.asm
                    RCREG   0x000fae       data     extern E:\c18v3.46\pic18-lt\cxx-framework\src\traditional\proc\p18f4620.asm
                    SPBRG   0x000faf       data     extern E:\c18v3.46\pic18-lt\cxx-framework\src\traditional\proc\p18f4620.asm
                   SPBRGH   0x000fb0       data     extern E:\c18v3.46\pic18-lt\cxx-framework\src\traditional\proc\p18f4620.asm
                    T3CON   0x000fb1       data     extern E:\c18v3.46\pic18-lt\cxx-framework\src\traditional\proc\p18f4620.asm
                T3CONbits   0x000fb1       data     extern E:\c18v3.46\pic18-lt\cxx-framework\src\traditional\proc\p18f4620.asm
                    TMR3L   0x000fb2       data     extern E:\c18v3.46\pic18-lt\cxx-framework\src\traditional\proc\p18f4620.asm
                    TMR3H   0x000fb3       data     extern E:\c18v3.46\pic18-lt\cxx-framework\src\traditional\proc\p18f4620.asm
                    CMCON   0x000fb4       data     extern E:\c18v3.46\pic18-lt\cxx-framework\src\traditional\proc\p18f4620.asm
                CMCONbits   0x000fb4       data     extern E:\c18v3.46\pic18-lt\cxx-framework\src\traditional\proc\p18f4620.asm
                   CVRCON   0x000fb5       data     extern E:\c18v3.46\pic18-lt\cxx-framework\src\traditional\proc\p18f4620.asm
               CVRCONbits   0x000fb5       data     extern E:\c18v3.46\pic18-lt\cxx-framework\src\traditional\proc\p18f4620.asm
              ECCP1ASbits   0x000fb6       data     extern E:\c18v3.46\pic18-lt\cxx-framework\src\traditional\proc\p18f4620.asm
                  ECCP1AS   0x000fb6       data     extern E:\c18v3.46\pic18-lt\cxx-framework\src\traditional\proc\p18f4620.asm
              PWM1CONbits   0x000fb7       data     extern E:\c18v3.46\pic18-lt\cxx-framework\src\traditional\proc\p18f4620.asm
                  PWM1CON   0x000fb7       data     extern E:\c18v3.46\pic18-lt\cxx-framework\src\traditional\proc\p18f4620.asm
                  BAUDCON   0x000fb8       data     extern E:\c18v3.46\pic18-lt\cxx-framework\src\traditional\proc\p18f4620.asm
              BAUDCONbits   0x000fb8       data     extern E:\c18v3.46\pic18-lt\cxx-framework\src\traditional\proc\p18f4620.asm
                  BAUDCTL   0x000fb8       data     extern E:\c18v3.46\pic18-lt\cxx-framework\src\traditional\proc\p18f4620.asm
              BAUDCTLbits   0x000fb8       data     extern E:\c18v3.46\pic18-lt\cxx-framework\src\traditional\proc\p18f4620.asm
              CCP2CONbits   0x000fba       data     extern E:\c18v3.46\pic18-lt\cxx-framework\src\traditional\proc\p18f4620.asm
                  CCP2CON   0x000fba       data     extern E:\c18v3.46\pic18-lt\cxx-framework\src\traditional\proc\p18f4620.asm
                   CCPR2L   0x000fbb       data     extern E:\c18v3.46\pic18-lt\cxx-framework\src\traditional\proc\p18f4620.asm
                    CCPR2   0x000fbb       data     extern E:\c18v3.46\pic18-lt\cxx-framework\src\traditional\proc\p18f4620.asm
                   CCPR2H   0x000fbc       data     extern E:\c18v3.46\pic18-lt\cxx-framework\src\traditional\proc\p18f4620.asm
              CCP1CONbits   0x000fbd       data     extern E:\c18v3.46\pic18-lt\cxx-framework\src\traditional\proc\p18f4620.asm
                  CCP1CON   0x000fbd       data     extern E:\c18v3.46\pic18-lt\cxx-framework\src\traditional\proc\p18f4620.asm
                    CCPR1   0x000fbe       data     extern E:\c18v3.46\pic18-lt\cxx-framework\src\traditional\proc\p18f4620.asm
                   CCPR1L   0x000fbe       data     extern E:\c18v3.46\pic18-lt\cxx-framework\src\traditional\proc\p18f4620.asm
                   CCPR1H   0x000fbf       data     extern E:\c18v3.46\pic18-lt\cxx-framework\src\traditional\proc\p18f4620.asm
                   ADCON2   0x000fc0       data     extern E:\c18v3.46\pic18-lt\cxx-framework\src\traditional\proc\p18f4620.asm
               ADCON2bits   0x000fc0       data     extern E:\c18v3.46\pic18-lt\cxx-framework\src\traditional\proc\p18f4620.asm
                   ADCON1   0x000fc1       data     extern E:\c18v3.46\pic18-lt\cxx-framework\src\traditional\proc\p18f4620.asm
               ADCON1bits   0x000fc1       data     extern E:\c18v3.46\pic18-lt\cxx-framework\src\traditional\proc\p18f4620.asm
               ADCON0bits   0x000fc2       data     extern E:\c18v3.46\pic18-lt\cxx-framework\src\traditional\proc\p18f4620.asm
                   ADCON0   0x000fc2       data     extern E:\c18v3.46\pic18-lt\cxx-framework\src\traditional\proc\p18f4620.asm
                   ADRESL   0x000fc3       data     extern E:\c18v3.46\pic18-lt\cxx-framework\src\traditional\proc\p18f4620.asm
                    ADRES   0x000fc3       data     extern E:\c18v3.46\pic18-lt\cxx-framework\src\traditional\proc\p18f4620.asm
                   ADRESH   0x000fc4       data     extern E:\c18v3.46\pic18-lt\cxx-framework\src\traditional\proc\p18f4620.asm
                  SSPCON2   0x000fc5       data     extern E:\c18v3.46\pic18-lt\cxx-framework\src\traditional\proc\p18f4620.asm
              SSPCON2bits   0x000fc5       data     extern E:\c18v3.46\pic18-lt\cxx-framework\src\traditional\proc\p18f4620.asm
              SSPCON1bits   0x000fc6       data     extern E:\c18v3.46\pic18-lt\cxx-framework\src\traditional\proc\p18f4620.asm
                  SSPCON1   0x000fc6       data     extern E:\c18v3.46\pic18-lt\cxx-framework\src\traditional\proc\p18f4620.asm
                  SSPSTAT   0x000fc7       data     extern E:\c18v3.46\pic18-lt\cxx-framework\src\traditional\proc\p18f4620.asm
              SSPSTATbits   0x000fc7       data     extern E:\c18v3.46\pic18-lt\cxx-framework\src\traditional\proc\p18f4620.asm
                   SSPADD   0x000fc8       data     extern E:\c18v3.46\pic18-lt\cxx-framework\src\traditional\proc\p18f4620.asm
                   SSPBUF   0x000fc9       data     extern E:\c18v3.46\pic18-lt\cxx-framework\src\traditional\proc\p18f4620.asm
                T2CONbits   0x000fca       data     extern E:\c18v3.46\pic18-lt\cxx-framework\src\traditional\proc\p18f4620.asm
                    T2CON   0x000fca       data     extern E:\c18v3.46\pic18-lt\cxx-framework\src\traditional\proc\p18f4620.asm
                      PR2   0x000fcb       data     extern E:\c18v3.46\pic18-lt\cxx-framework\src\traditional\proc\p18f4620.asm
                     TMR2   0x000fcc       data     extern E:\c18v3.46\pic18-lt\cxx-framework\src\traditional\proc\p18f4620.asm
                    T1CON   0x000fcd       data     extern E:\c18v3.46\pic18-lt\cxx-framework\src\traditional\proc\p18f4620.asm
                T1CONbits   0x000fcd       data     extern E:\c18v3.46\pic18-lt\cxx-framework\src\traditional\proc\p18f4620.asm
                    TMR1L   0x000fce       data     extern E:\c18v3.46\pic18-lt\cxx-framework\src\traditional\proc\p18f4620.asm
                    TMR1H   0x000fcf       data     extern E:\c18v3.46\pic18-lt\cxx-framework\src\traditional\proc\p18f4620.asm
                     RCON   0x000fd0       data     extern E:\c18v3.46\pic18-lt\cxx-framework\src\traditional\proc\p18f4620.asm
                 RCONbits   0x000fd0       data     extern E:\c18v3.46\pic18-lt\cxx-framework\src\traditional\proc\p18f4620.asm
               WDTCONbits   0x000fd1       data     extern E:\c18v3.46\pic18-lt\cxx-framework\src\traditional\proc\p18f4620.asm
                   WDTCON   0x000fd1       data     extern E:\c18v3.46\pic18-lt\cxx-framework\src\traditional\proc\p18f4620.asm
               LVDCONbits   0x000fd2       data     extern E:\c18v3.46\pic18-lt\cxx-framework\src\traditional\proc\p18f4620.asm
                   LVDCON   0x000fd2       data     extern E:\c18v3.46\pic18-lt\cxx-framework\src\traditional\proc\p18f4620.asm
                  HLVDCON   0x000fd2       data     extern E:\c18v3.46\pic18-lt\cxx-framework\src\traditional\proc\p18f4620.asm
              HLVDCONbits   0x000fd2       data     extern E:\c18v3.46\pic18-lt\cxx-framework\src\traditional\proc\p18f4620.asm
               OSCCONbits   0x000fd3       data     extern E:\c18v3.46\pic18-lt\cxx-framework\src\traditional\proc\p18f4620.asm
                   OSCCON   0x000fd3       data     extern E:\c18v3.46\pic18-lt\cxx-framework\src\traditional\proc\p18f4620.asm
                    T0CON   0x000fd5       data     extern E:\c18v3.46\pic18-lt\cxx-framework\src\traditional\proc\p18f4620.asm
                T0CONbits   0x000fd5       data     extern E:\c18v3.46\pic18-lt\cxx-framework\src\traditional\proc\p18f4620.asm
                    TMR0L   0x000fd6       data     extern E:\c18v3.46\pic18-lt\cxx-framework\src\traditional\proc\p18f4620.asm
                    TMR0H   0x000fd7       data     extern E:\c18v3.46\pic18-lt\cxx-framework\src\traditional\proc\p18f4620.asm
               STATUSbits   0x000fd8       data     extern E:\c18v3.46\pic18-lt\cxx-framework\src\traditional\proc\p18f4620.asm
                   STATUS   0x000fd8       data     extern E:\c18v3.46\pic18-lt\cxx-framework\src\traditional\proc\p18f4620.asm
                     FSR2   0x000fd9       data     extern E:\c18v3.46\pic18-lt\cxx-framework\src\traditional\proc\p18f4620.asm
                    FSR2L   0x000fd9       data     extern E:\c18v3.46\pic18-lt\cxx-framework\src\traditional\proc\p18f4620.asm
                    FSR2H   0x000fda       data     extern E:\c18v3.46\pic18-lt\cxx-framework\src\traditional\proc\p18f4620.asm
                   PLUSW2   0x000fdb       data     extern E:\c18v3.46\pic18-lt\cxx-framework\src\traditional\proc\p18f4620.asm
                  PREINC2   0x000fdc       data     extern E:\c18v3.46\pic18-lt\cxx-framework\src\traditional\proc\p18f4620.asm
                 POSTDEC2   0x000fdd       data     extern E:\c18v3.46\pic18-lt\cxx-framework\src\traditional\proc\p18f4620.asm
                 POSTINC2   0x000fde       data     extern E:\c18v3.46\pic18-lt\cxx-framework\src\traditional\proc\p18f4620.asm
                    INDF2   0x000fdf       data     extern E:\c18v3.46\pic18-lt\cxx-framework\src\traditional\proc\p18f4620.asm
                      BSR   0x000fe0       data     extern E:\c18v3.46\pic18-lt\cxx-framework\src\traditional\proc\p18f4620.asm
                     FSR1   0x000fe1       data     extern E:\c18v3.46\pic18-lt\cxx-framework\src\traditional\proc\p18f4620.asm
                    FSR1L   0x000fe1       data     extern E:\c18v3.46\pic18-lt\cxx-framework\src\traditional\proc\p18f4620.asm
                    FSR1H   0x000fe2       data     extern E:\c18v3.46\pic18-lt\cxx-framework\src\traditional\proc\p18f4620.asm
                   PLUSW1   0x000fe3       data     extern E:\c18v3.46\pic18-lt\cxx-framework\src\traditional\proc\p18f4620.asm
                  PREINC1   0x000fe4       data     extern E:\c18v3.46\pic18-lt\cxx-framework\src\traditional\proc\p18f4620.asm
                 POSTDEC1   0x000fe5       data     extern E:\c18v3.46\pic18-lt\cxx-framework\src\traditional\proc\p18f4620.asm
                 POSTINC1   0x000fe6       data     extern E:\c18v3.46\pic18-lt\cxx-framework\src\traditional\proc\p18f4620.asm
                    INDF1   0x000fe7       data     extern E:\c18v3.46\pic18-lt\cxx-framework\src\traditional\proc\p18f4620.asm
                        W   0x000fe8       data     extern E:\c18v3.46\pic18-lt\cxx-framework\src\traditional\proc\p18f4620.asm
                     WREG   0x000fe8       data     extern E:\c18v3.46\pic18-lt\cxx-framework\src\traditional\proc\p18f4620.asm
                    FSR0L   0x000fe9       data     extern E:\c18v3.46\pic18-lt\cxx-framework\src\traditional\proc\p18f4620.asm
                     FSR0   0x000fe9       data     extern E:\c18v3.46\pic18-lt\cxx-framework\src\traditional\proc\p18f4620.asm
                    FSR0H   0x000fea       data     extern E:\c18v3.46\pic18-lt\cxx-framework\src\traditional\proc\p18f4620.asm
                   PLUSW0   0x000feb       data     extern E:\c18v3.46\pic18-lt\cxx-framework\src\traditional\proc\p18f4620.asm
                  PREINC0   0x000fec       data     extern E:\c18v3.46\pic18-lt\cxx-framework\src\traditional\proc\p18f4620.asm
                 POSTDEC0   0x000fed       data     extern E:\c18v3.46\pic18-lt\cxx-framework\src\traditional\proc\p18f4620.asm
                 POSTINC0   0x000fee       data     extern E:\c18v3.46\pic18-lt\cxx-framework\src\traditional\proc\p18f4620.asm
                    INDF0   0x000fef       data     extern E:\c18v3.46\pic18-lt\cxx-framework\src\traditional\proc\p18f4620.asm
                  INTCON3   0x000ff0       data     extern E:\c18v3.46\pic18-lt\cxx-framework\src\traditional\proc\p18f4620.asm
              INTCON3bits   0x000ff0       data     extern E:\c18v3.46\pic18-lt\cxx-framework\src\traditional\proc\p18f4620.asm
                  INTCON2   0x000ff1       data     extern E:\c18v3.46\pic18-lt\cxx-framework\src\traditional\proc\p18f4620.asm
              INTCON2bits   0x000ff1       data     extern E:\c18v3.46\pic18-lt\cxx-framework\src\traditional\proc\p18f4620.asm
               INTCONbits   0x000ff2       data     extern E:\c18v3.46\pic18-lt\cxx-framework\src\traditional\proc\p18f4620.asm
                   INTCON   0x000ff2       data     extern E:\c18v3.46\pic18-lt\cxx-framework\src\traditional\proc\p18f4620.asm
                    PRODL   0x000ff3       data     extern E:\c18v3.46\pic18-lt\cxx-framework\src\traditional\proc\p18f4620.asm
                     PROD   0x000ff3       data     extern E:\c18v3.46\pic18-lt\cxx-framework\src\traditional\proc\p18f4620.asm
                    PRODH   0x000ff4       data     extern E:\c18v3.46\pic18-lt\cxx-framework\src\traditional\proc\p18f4620.asm
                   TABLAT   0x000ff5       data     extern E:\c18v3.46\pic18-lt\cxx-framework\src\traditional\proc\p18f4620.asm
                   TBLPTR   0x000ff6       data     extern E:\c18v3.46\pic18-lt\cxx-framework\src\traditional\proc\p18f4620.asm
                  TBLPTRL   0x000ff6       data     extern E:\c18v3.46\pic18-lt\cxx-framework\src\traditional\proc\p18f4620.asm
                  TBLPTRH   0x000ff7       data     extern E:\c18v3.46\pic18-lt\cxx-framework\src\traditional\proc\p18f4620.asm
                  TBLPTRU   0x000ff8       data     extern E:\c18v3.46\pic18-lt\cxx-framework\src\traditional\proc\p18f4620.asm
                      PCL   0x000ff9       data     extern E:\c18v3.46\pic18-lt\cxx-framework\src\traditional\proc\p18f4620.asm
                       PC   0x000ff9       data     extern E:\c18v3.46\pic18-lt\cxx-framework\src\traditional\proc\p18f4620.asm
                   PCLATH   0x000ffa       data     extern E:\c18v3.46\pic18-lt\cxx-framework\src\traditional\proc\p18f4620.asm
                   PCLATU   0x000ffb       data     extern E:\c18v3.46\pic18-lt\cxx-framework\src\traditional\proc\p18f4620.asm
               STKPTRbits   0x000ffc       data     extern E:\c18v3.46\pic18-lt\cxx-framework\src\traditional\proc\p18f4620.asm
                   STKPTR   0x000ffc       data     extern E:\c18v3.46\pic18-lt\cxx-framework\src\traditional\proc\p18f4620.asm
                      TOS   0x000ffd       data     extern E:\c18v3.46\pic18-lt\cxx-framework\src\traditional\proc\p18f4620.asm
                     TOSL   0x000ffd       data     extern E:\c18v3.46\pic18-lt\cxx-framework\src\traditional\proc\p18f4620.asm
                     TOSH   0x000ffe       data     extern E:\c18v3.46\pic18-lt\cxx-framework\src\traditional\proc\p18f4620.asm
                     TOSU   0x000fff       data     extern E:\c18v3.46\pic18-lt\cxx-framework\src\traditional\proc\p18f4620.asm


